<html>
<body>
<pre>
<h1>µVision Build Log</h1>
<h2>Tool Versions:</h2>
IDE-Version: ¦ÌVision V5.25.3.0
Copyright (C) 2018 ARM Ltd and ARM Germany GmbH. All rights reserved.
License Information: Long Cup, ye, LIC=Z3C6R-KJRCR-GQ70H-WUEXJ-QD6A0-4QKNA
 
Tool Versions:
Toolchain:       MDK-ARM Professional  Version: 5.18
Toolchain Path:  D:\keil\ARM\ARMCC\Bin
C Compiler:      Armcc.exe V5.06 update 1 (build 61)
Assembler:       Armasm.exe V5.06 update 1 (build 61)
Linker/Locator:  ArmLink.exe V5.06 update 1 (build 61)
Library Manager: ArmAr.exe V5.06 update 1 (build 61)
Hex Converter:   FromElf.exe V5.06 update 1 (build 61)
CPU DLL:         SARMCM3.DLL V5.18
Dialog DLL:      DCM.DLL V1.13.6.0
Target DLL:      STLink\ST-LINKIII-KEIL_SWO.dll V2.0.18.0
Dialog DLL:      TCM.DLL V1.14.8.0
 
<h2>Project:</h2>
C:\Users\19668\Desktop\WH_Down\YX_down\MDK-ARM\YX_down.uvprojx
Project File Date:  05/07/2023

<h2>Output:</h2>
*** Using Compiler 'V5.06 update 1 (build 61)', folder: 'D:\keil\ARM\ARMCC\Bin'
Build target 'YX_down'
compiling Chassis_task.c...
../Drivers/CMSIS/Device/ST/STM32F4xx/Include/stm32f407xx.h(51): warning:  #47-D: incompatible redefinition of macro "__FPU_PRESENT"
  #define __FPU_PRESENT             1U       /*!< FPU present                                   */
../Drivers/CMSIS/Include/core_cm4.h(79): warning:  #47-D: incompatible redefinition of macro "__FPU_USED"
        #define __FPU_USED       1U
../User/Task/INS_task.h(78): warning:  #1-D: last line of file ends without a newline
  #endif
../User/DriverLayer/drv_can.h(69): warning:  #1-D: last line of file ends without a newline
  #endif
../User/PotocaLayer/rc_potocal.h(55): warning:  #1-D: last line of file ends without a newline
  //#endif
..\User\Task\Chassis_task.c(41): warning:  #1295-D: Deprecated declaration Get_Err - give arg types
  static void Get_Err(); 
..\User\Task\Chassis_task.c(44): warning:  #1295-D: Deprecated declaration Chassis_loop_Init - give arg types
  static void Chassis_loop_Init(); 
..\User\Task\Chassis_task.c(47): warning:  #1295-D: Deprecated declaration Chassis_following - give arg types
  static void Chassis_following();
..\User\Task\Chassis_task.c(50): warning:  #1295-D: Deprecated declaration Chassis_mode_1 - give arg types
  static void Chassis_mode_1();
..\User\Task\Chassis_task.c(53): warning:  #1295-D: Deprecated declaration Chassis_mode_2 - give arg types
  static void Chassis_mode_2();
..\User\Task\Chassis_task.c(56): warning:  #1295-D: Deprecated declaration Chassis_choice - give arg types
  static void Chassis_choice();
..\User\Task\Chassis_task.c: 11 warnings, 0 errors
linking...
Program Size: Code=36636 RO-data=1752 RW-data=452 ZI-data=21124  
FromELF: creating hex file...
"YX_down\YX_down.axf" - 0 Error(s), 11 Warning(s).

<h2>Software Packages used:</h2>

Package Vendor: ARM
                http://www.keil.com/pack/ARM.CMSIS.4.5.0.pack
                ARM.CMSIS.4.5.0
                CMSIS (Cortex Microcontroller Software Interface Standard)
   * Component: CORE Version: 4.3.0

Package Vendor: Keil
                http://www.keil.com/pack/Keil.STM32F4xx_DFP.2.14.0.pack
                Keil.STM32F4xx_DFP.2.14.0
                STMicroelectronics STM32F4 Series Device Support, Drivers and Examples

<h2>Collection of Component include folders:</h2>
  .\RTE\_YX_down
  D:\keil\ARM\PACK\ARM\CMSIS\4.5.0\CMSIS\Include
  D:\keil\ARM\PACK\Keil\STM32F4xx_DFP\2.14.0\Drivers\CMSIS\Device\ST\STM32F4xx\Include

<h2>Collection of Component Files used:</h2>

   * Component: ARM::CMSIS:CORE:4.3.0
Build Time Elapsed:  00:00:05
</pre>
</body>
</html>
