Component: ARM Compiler 5.06 update 1 (build 61) Tool: armlink [4d35a8]

==============================================================================

Section Cross References

    startup_stm32f407xx.o(STACK) refers (Special) to heapauxi.o(.text) for __use_two_region_memory
    startup_stm32f407xx.o(HEAP) refers (Special) to heapauxi.o(.text) for __use_two_region_memory
    startup_stm32f407xx.o(RESET) refers (Special) to heapauxi.o(.text) for __use_two_region_memory
    startup_stm32f407xx.o(RESET) refers to startup_stm32f407xx.o(STACK) for __initial_sp
    startup_stm32f407xx.o(RESET) refers to startup_stm32f407xx.o(.text) for Reset_Handler
    startup_stm32f407xx.o(RESET) refers to stm32f4xx_it.o(i.NMI_Handler) for NMI_Handler
    startup_stm32f407xx.o(RESET) refers to stm32f4xx_it.o(i.HardFault_Handler) for HardFault_Handler
    startup_stm32f407xx.o(RESET) refers to stm32f4xx_it.o(i.MemManage_Handler) for MemManage_Handler
    startup_stm32f407xx.o(RESET) refers to stm32f4xx_it.o(i.BusFault_Handler) for BusFault_Handler
    startup_stm32f407xx.o(RESET) refers to stm32f4xx_it.o(i.UsageFault_Handler) for UsageFault_Handler
    startup_stm32f407xx.o(RESET) refers to port.o(.emb_text) for SVC_Handler
    startup_stm32f407xx.o(RESET) refers to stm32f4xx_it.o(i.DebugMon_Handler) for DebugMon_Handler
    startup_stm32f407xx.o(RESET) refers to port.o(i.SysTick_Handler) for SysTick_Handler
    startup_stm32f407xx.o(RESET) refers to stm32f4xx_it.o(i.EXTI3_IRQHandler) for EXTI3_IRQHandler
    startup_stm32f407xx.o(RESET) refers to stm32f4xx_it.o(i.EXTI4_IRQHandler) for EXTI4_IRQHandler
    startup_stm32f407xx.o(RESET) refers to stm32f4xx_it.o(i.DMA1_Stream1_IRQHandler) for DMA1_Stream1_IRQHandler
    startup_stm32f407xx.o(RESET) refers to stm32f4xx_it.o(i.DMA1_Stream3_IRQHandler) for DMA1_Stream3_IRQHandler
    startup_stm32f407xx.o(RESET) refers to stm32f4xx_it.o(i.CAN1_TX_IRQHandler) for CAN1_TX_IRQHandler
    startup_stm32f407xx.o(RESET) refers to stm32f4xx_it.o(i.CAN1_RX0_IRQHandler) for CAN1_RX0_IRQHandler
    startup_stm32f407xx.o(RESET) refers to stm32f4xx_it.o(i.EXTI9_5_IRQHandler) for EXTI9_5_IRQHandler
    startup_stm32f407xx.o(RESET) refers to stm32f4xx_it.o(i.TIM1_BRK_TIM9_IRQHandler) for TIM1_BRK_TIM9_IRQHandler
    startup_stm32f407xx.o(RESET) refers to time_user.o(i.TIM1_UP_TIM10_IRQHandler) for TIM1_UP_TIM10_IRQHandler
    startup_stm32f407xx.o(RESET) refers to stm32f4xx_it.o(i.TIM2_IRQHandler) for TIM2_IRQHandler
    startup_stm32f407xx.o(RESET) refers to stm32f4xx_it.o(i.TIM3_IRQHandler) for TIM3_IRQHandler
    startup_stm32f407xx.o(RESET) refers to stm32f4xx_it.o(i.SPI1_IRQHandler) for SPI1_IRQHandler
    startup_stm32f407xx.o(RESET) refers to stm32f4xx_it.o(i.USART1_IRQHandler) for USART1_IRQHandler
    startup_stm32f407xx.o(RESET) refers to remote_control.o(i.USART3_IRQHandler) for USART3_IRQHandler
    startup_stm32f407xx.o(RESET) refers to stm32f4xx_it.o(i.TIM8_BRK_TIM12_IRQHandler) for TIM8_BRK_TIM12_IRQHandler
    startup_stm32f407xx.o(RESET) refers to stm32f4xx_it.o(i.TIM8_UP_TIM13_IRQHandler) for TIM8_UP_TIM13_IRQHandler
    startup_stm32f407xx.o(RESET) refers to stm32f4xx_it.o(i.DMA2_Stream0_IRQHandler) for DMA2_Stream0_IRQHandler
    startup_stm32f407xx.o(RESET) refers to stm32f4xx_it.o(i.DMA2_Stream1_IRQHandler) for DMA2_Stream1_IRQHandler
    startup_stm32f407xx.o(RESET) refers to stm32f4xx_it.o(i.DMA2_Stream2_IRQHandler) for DMA2_Stream2_IRQHandler
    startup_stm32f407xx.o(RESET) refers to stm32f4xx_it.o(i.DMA2_Stream3_IRQHandler) for DMA2_Stream3_IRQHandler
    startup_stm32f407xx.o(RESET) refers to stm32f4xx_it.o(i.CAN2_TX_IRQHandler) for CAN2_TX_IRQHandler
    startup_stm32f407xx.o(RESET) refers to stm32f4xx_it.o(i.CAN2_RX0_IRQHandler) for CAN2_RX0_IRQHandler
    startup_stm32f407xx.o(RESET) refers to stm32f4xx_it.o(i.DMA2_Stream6_IRQHandler) for DMA2_Stream6_IRQHandler
    startup_stm32f407xx.o(RESET) refers to stm32f4xx_it.o(i.DMA2_Stream7_IRQHandler) for DMA2_Stream7_IRQHandler
    startup_stm32f407xx.o(RESET) refers to stm32f4xx_it.o(i.USART6_IRQHandler) for USART6_IRQHandler
    startup_stm32f407xx.o(.text) refers (Special) to heapauxi.o(.text) for __use_two_region_memory
    startup_stm32f407xx.o(.text) refers to system_stm32f4xx.o(i.SystemInit) for SystemInit
    startup_stm32f407xx.o(.text) refers to __main.o(!!!main) for __main
    startup_stm32f407xx.o(.text) refers to startup_stm32f407xx.o(HEAP) for Heap_Mem
    startup_stm32f407xx.o(.text) refers to startup_stm32f407xx.o(STACK) for Stack_Mem
    bsp_rc.o(i.RC_init) refers to usart.o(.bss) for huart3
    main.o(i.HAL_TIM_PeriodElapsedCallback) refers to stm32f4xx_hal.o(i.HAL_IncTick) for HAL_IncTick
    main.o(i.SystemClock_Config) refers to rt_memclr_w.o(.text) for __aeabi_memclr4
    main.o(i.SystemClock_Config) refers to stm32f4xx_hal_rcc.o(i.HAL_RCC_OscConfig) for HAL_RCC_OscConfig
    main.o(i.SystemClock_Config) refers to main.o(i.Error_Handler) for Error_Handler
[...]
    __use_no_semihosting_swi                 0x0800067d   Thumb Code     2  use_no_semi.o(.text)
    __semihosting_library_function           0x0800067f   Thumb Code     0  indicate_semi.o(.text)
    AHRS_init                                0x08000681   Thumb Code    34  ins_task.o(i.AHRS_init)
    BMI088_accel_init                        0x080006a9   Thumb Code    88  ins_task.o(i.BMI088_accel_init)
    BMI088_accel_read_muli                   0x08000701   Thumb Code   128  ins_task.o(i.BMI088_accel_read_muli)
    BMI088_accel_write_single                0x08000789   Thumb Code    74  ins_task.o(i.BMI088_accel_write_single)
    BMI088_gyro_init                         0x080007dd   Thumb Code    60  ins_task.o(i.BMI088_gyro_init)
    BMI088_gyro_read_muli                    0x08000819   Thumb Code   100  ins_task.o(i.BMI088_gyro_read_muli)
    BMI088_gyro_write_single                 0x08000885   Thumb Code    68  ins_task.o(i.BMI088_gyro_write_single)
    BMI088_read                              0x080008d1   Thumb Code   444  ins_task.o(i.BMI088_read)
    BusFault_Handler                         0x08000aa9   Thumb Code     4  stm32f4xx_it.o(i.BusFault_Handler)
    CAN1_RX0_IRQHandler                      0x08000aad   Thumb Code    10  stm32f4xx_it.o(i.CAN1_RX0_IRQHandler)
    CAN1_TX_IRQHandler                       0x08000abd   Thumb Code    10  stm32f4xx_it.o(i.CAN1_TX_IRQHandler)
    CAN2_RX0_IRQHandler                      0x08000acd   Thumb Code    10  stm32f4xx_it.o(i.CAN2_RX0_IRQHandler)
    CAN2_TX_IRQHandler                       0x08000add   Thumb Code    10  stm32f4xx_it.o(i.CAN2_TX_IRQHandler)
    DMA1_Stream1_IRQHandler                  0x08000aed   Thumb Code    10  stm32f4xx_it.o(i.DMA1_Stream1_IRQHandler)
    DMA1_Stream3_IRQHandler                  0x08000afd   Thumb Code    10  stm32f4xx_it.o(i.DMA1_Stream3_IRQHandler)
    DMA2_Stream0_IRQHandler                  0x08000b0d   Thumb Code    10  stm32f4xx_it.o(i.DMA2_Stream0_IRQHandler)
    DMA2_Stream1_IRQHandler                  0x08000b1d   Thumb Code    10  stm32f4xx_it.o(i.DMA2_Stream1_IRQHandler)
    DMA2_Stream2_IRQHandler                  0x08000b2d   Thumb Code    10  stm32f4xx_it.o(i.DMA2_Stream2_IRQHandler)
    DMA2_Stream3_IRQHandler                  0x08000b3d   Thumb Code    10  stm32f4xx_it.o(i.DMA2_Stream3_IRQHandler)
    DMA2_Stream6_IRQHandler                  0x08000b4d   Thumb Code    10  stm32f4xx_it.o(i.DMA2_Stream6_IRQHandler)
    DMA2_Stream7_IRQHandler                  0x08000b5d   Thumb Code    10  stm32f4xx_it.o(i.DMA2_Stream7_IRQHandler)
    DebugMon_Handler                         0x08000c77   Thumb Code     2  stm32f4xx_it.o(i.DebugMon_Handler)
    EXTI3_IRQHandler                         0x08000c79   Thumb Code    10  stm32f4xx_it.o(i.EXTI3_IRQHandler)
    EXTI4_IRQHandler                         0x08000c83   Thumb Code    10  stm32f4xx_it.o(i.EXTI4_IRQHandler)
    EXTI9_5_IRQHandler                       0x08000c8d   Thumb Code    10  stm32f4xx_it.o(i.EXTI9_5_IRQHandler)
    Error_Handler                            0x08000c97   Thumb Code     6  main.o(i.Error_Handler)
    Friction_task                            0x08000ca1   Thumb Code    32  friction_task.o(i.Friction_task)
    Get_minipc                               0x08000cc5   Thumb Code    70  remote_control.o(i.Get_minipc)
    HAL_CAN_ActivateNotification             0x08000d1d   Thumb Code    42  stm32f4xx_hal_can.o(i.HAL_CAN_ActivateNotification)
    HAL_CAN_AddTxMessage                     0x08000d47   Thumb Code   342  stm32f4xx_hal_can.o(i.HAL_CAN_AddTxMessage)
    HAL_CAN_ConfigFilter                     0x08000e9d   Thumb Code   286  stm32f4xx_hal_can.o(i.HAL_CAN_ConfigFilter)
    HAL_CAN_ErrorCallback                    0x08000fc1   Thumb Code     2  stm32f4xx_hal_can.o(i.HAL_CAN_ErrorCallback)
    HAL_CAN_GetRxMessage                     0x08000fc3   Thumb Code   378  stm32f4xx_hal_can.o(i.HAL_CAN_GetRxMessage)
    HAL_CAN_IRQHandler                       0x0800113d   Thumb Code   590  stm32f4xx_hal_can.o(i.HAL_CAN_IRQHandler)
    HAL_CAN_Init                             0x0800138b   Thumb Code   372  stm32f4xx_hal_can.o(i.HAL_CAN_Init)
    HAL_CAN_MspInit                          0x08001501   Thumb Code   360  can.o(i.HAL_CAN_MspInit)
    HAL_CAN_RxFifo0FullCallback              0x08001681   Thumb Code     2  stm32f4xx_hal_can.o(i.HAL_CAN_RxFifo0FullCallback)
    HAL_CAN_RxFifo0MsgPendingCallback        0x08001685   Thumb Code   264  can_user.o(i.HAL_CAN_RxFifo0MsgPendingCallback)
    HAL_CAN_RxFifo1FullCallback              0x0800179d   Thumb Code     2  stm32f4xx_hal_can.o(i.HAL_CAN_RxFifo1FullCallback)
    HAL_CAN_RxFifo1MsgPendingCallback        0x0800179f   Thumb Code     2  stm32f4xx_hal_can.o(i.HAL_CAN_RxFifo1MsgPendingCallback)
    HAL_CAN_SleepCallback                    0x080017a1   Thumb Code     2  stm32f4xx_hal_can.o(i.HAL_CAN_SleepCallback)
    HAL_CAN_Start                            0x080017a3   Thumb Code    94  stm32f4xx_hal_can.o(i.HAL_CAN_Start)
    HAL_CAN_TxMailbox0AbortCallback          0x08001801   Thumb Code     2  stm32f4xx_hal_can.o(i.HAL_CAN_TxMailbox0AbortCallback)
    HAL_CAN_TxMailbox0CompleteCallback       0x08001803   Thumb Code     2  stm32f4xx_hal_can.o(i.HAL_CAN_TxMailbox0CompleteCallback)
    HAL_CAN_TxMailbox1AbortCallback          0x08001805   Thumb Code     2  stm32f4xx_hal_can.o(i.HAL_CAN_TxMailbox1AbortCallback)
    HAL_CAN_TxMailbox1CompleteCallback       0x08001807   Thumb Code     2  stm32f4xx_hal_can.o(i.HAL_CAN_TxMailbox1CompleteCallback)
    HAL_CAN_TxMailbox2AbortCallback          0x08001809   Thumb Code     2  stm32f4xx_hal_can.o(i.HAL_CAN_TxMailbox2AbortCallback)
    HAL_CAN_TxMailbox2CompleteCallback       0x0800180b   Thumb Code     2  stm32f4xx_hal_can.o(i.HAL_CAN_TxMailbox2CompleteCallback)
    HAL_CAN_WakeUpFromRxMsgCallback          0x0800180d   Thumb Code     2  stm32f4xx_hal_can.o(i.HAL_CAN_WakeUpFromRxMsgCallback)
    HAL_DMA_Abort                            0x0800180f   Thumb Code   172  stm32f4xx_hal_dma.o(i.HAL_DMA_Abort)
    HAL_DMA_Abort_IT                         0x080018bb   Thumb Code    40  stm32f4xx_hal_dma.o(i.HAL_DMA_Abort_IT)
    HAL_DMA_IRQHandler                       0x080018e5   Thumb Code   570  stm32f4xx_hal_dma.o(i.HAL_DMA_IRQHandler)
    HAL_DMA_Init                             0x08001b25   Thumb Code   232  stm32f4xx_hal_dma.o(i.HAL_DMA_Init)
    HAL_DMA_Start_IT                         0x08001c11   Thumb Code   146  stm32f4xx_hal_dma.o(i.HAL_DMA_Start_IT)
    HAL_Delay                                0x08001ca5   Thumb Code    36  stm32f4xx_hal.o(i.HAL_Delay)
    HAL_GPIO_EXTI_Callback                   0x08001ccd   Thumb Code    16  gpio_user.o(i.HAL_GPIO_EXTI_Callback)
    HAL_GPIO_EXTI_IRQHandler                 0x08001ce1   Thumb Code    24  stm32f4xx_hal_gpio.o(i.HAL_GPIO_EXTI_IRQHandler)
    HAL_GPIO_Init                            0x08001cfd   Thumb Code   454  stm32f4xx_hal_gpio.o(i.HAL_GPIO_Init)
    HAL_GPIO_WritePin                        0x08001ef1   Thumb Code    12  stm32f4xx_hal_gpio.o(i.HAL_GPIO_WritePin)
    HAL_GetTick                              0x08001efd   Thumb Code     6  stm32f4xx_hal.o(i.HAL_GetTick)
    HAL_I2C_Init                             0x08001f09   Thumb Code   446  stm32f4xx_hal_i2c.o(i.HAL_I2C_Init)
    HAL_I2C_Mem_Read                         0x080020d9   Thumb Code   744  stm32f4xx_hal_i2c.o(i.HAL_I2C_Mem_Read)
    HAL_I2C_Mem_Write                        0x080023cd   Thumb Code   348  stm32f4xx_hal_i2c.o(i.HAL_I2C_Mem_Write)
    HAL_I2C_MspInit                          0x08002531   Thumb Code   182  i2c.o(i.HAL_I2C_MspInit)
    HAL_IncTick                              0x080025f9   Thumb Code    16  stm32f4xx_hal.o(i.HAL_IncTick)
    HAL_Init                                 0x08002611   Thumb Code    54  stm32f4xx_hal.o(i.HAL_Init)
    HAL_InitTick                             0x0800264d   Thumb Code   160  stm32f4xx_hal_timebase_tim.o(i.HAL_InitTick)
    HAL_MspInit                              0x08002701   Thumb Code    78  stm32f4xx_hal_msp.o(i.HAL_MspInit)
    HAL_NVIC_EnableIRQ                       0x08002755   Thumb Code    32  stm32f4xx_hal_cortex.o(i.HAL_NVIC_EnableIRQ)
    HAL_NVIC_SetPriority                     0x08002775   Thumb Code   124  stm32f4xx_hal_cortex.o(i.HAL_NVIC_SetPriority)
    HAL_NVIC_SetPriorityGrouping             0x080027f1   Thumb Code    32  stm32f4xx_hal_cortex.o(i.HAL_NVIC_SetPriorityGrouping)
    HAL_RCC_ClockConfig                      0x08002819   Thumb Code   368  stm32f4xx_hal_rcc.o(i.HAL_RCC_ClockConfig)
    HAL_RCC_GetClockConfig                   0x0800299d   Thumb Code    58  stm32f4xx_hal_rcc.o(i.HAL_RCC_GetClockConfig)
    HAL_RCC_GetHCLKFreq                      0x080029e1   Thumb Code     6  stm32f4xx_hal_rcc.o(i.HAL_RCC_GetHCLKFreq)
    HAL_RCC_GetPCLK1Freq                     0x080029ed   Thumb Code    22  stm32f4xx_hal_rcc.o(i.HAL_RCC_GetPCLK1Freq)
    HAL_RCC_GetPCLK2Freq                     0x08002a0d   Thumb Code    22  stm32f4xx_hal_rcc.o(i.HAL_RCC_GetPCLK2Freq)
    HAL_RCC_GetSysClockFreq                  0x08002a2d   Thumb Code   162  stm32f4xx_hal_rcc.o(i.HAL_RCC_GetSysClockFreq)
    HAL_RCC_OscConfig                        0x08002add   Thumb Code  1172  stm32f4xx_hal_rcc.o(i.HAL_RCC_OscConfig)
    HAL_SPI_ErrorCallback                    0x08002f79   Thumb Code     2  stm32f4xx_hal_spi.o(i.HAL_SPI_ErrorCallback)
    HAL_SPI_GetState                         0x08002f7b   Thumb Code     8  stm32f4xx_hal_spi.o(i.HAL_SPI_GetState)
    HAL_SPI_IRQHandler                       0x08002f85   Thumb Code   342  stm32f4xx_hal_spi.o(i.HAL_SPI_IRQHandler)
    HAL_SPI_Init                             0x080030e1   Thumb Code   200  stm32f4xx_hal_spi.o(i.HAL_SPI_Init)
    HAL_SPI_MspInit                          0x080031a9   Thumb Code   332  spi.o(i.HAL_SPI_MspInit)
    HAL_SPI_Receive                          0x08003311   Thumb Code   368  stm32f4xx_hal_spi.o(i.HAL_SPI_Receive)
    HAL_SPI_Receive_DMA                      0x08003481   Thumb Code   270  stm32f4xx_hal_spi.o(i.HAL_SPI_Receive_DMA)
    HAL_SPI_RxCpltCallback                   0x0800359d   Thumb Code     2  stm32f4xx_hal_spi.o(i.HAL_SPI_RxCpltCallback)
    HAL_SPI_RxHalfCpltCallback               0x0800359f   Thumb Code     2  stm32f4xx_hal_spi.o(i.HAL_SPI_RxHalfCpltCallback)
    HAL_SPI_TransmitReceive                  0x080035a1   Thumb Code   554  stm32f4xx_hal_spi.o(i.HAL_SPI_TransmitReceive)
    HAL_SPI_TransmitReceive_DMA              0x080037cd   Thumb Code   342  stm32f4xx_hal_spi.o(i.HAL_SPI_TransmitReceive_DMA)
    HAL_SPI_Transmit_DMA                     0x08003939   Thumb Code   240  stm32f4xx_hal_spi.o(i.HAL_SPI_Transmit_DMA)
    HAL_SPI_TxCpltCallback                   0x08003a35   Thumb Code     2  stm32f4xx_hal_spi.o(i.HAL_SPI_TxCpltCallback)
    HAL_SPI_TxHalfCpltCallback               0x08003a37   Thumb Code     2  stm32f4xx_hal_spi.o(i.HAL_SPI_TxHalfCpltCallback)
    HAL_SPI_TxRxCpltCallback                 0x08003a39   Thumb Code     2  stm32f4xx_hal_spi.o(i.HAL_SPI_TxRxCpltCallback)
    HAL_SPI_TxRxHalfCpltCallback             0x08003a3b   Thumb Code     2  stm32f4xx_hal_spi.o(i.HAL_SPI_TxRxHalfCpltCallback)
    HAL_TIMEx_BreakCallback                  0x08003a3d   Thumb Code     2  stm32f4xx_hal_tim_ex.o(i.HAL_TIMEx_BreakCallback)
    HAL_TIMEx_CommutCallback                 0x08003a3f   Thumb Code     2  stm32f4xx_hal_tim_ex.o(i.HAL_TIMEx_CommutCallback)
    HAL_TIMEx_MasterConfigSynchronization    0x08003a41   Thumb Code   150  stm32f4xx_hal_tim_ex.o(i.HAL_TIMEx_MasterConfigSynchronization)
    HAL_TIM_Base_Init                        0x08003af5   Thumb Code   102  stm32f4xx_hal_tim.o(i.HAL_TIM_Base_Init)
    HAL_TIM_Base_MspInit                     0x08003b5d   Thumb Code   298  tim.o(i.HAL_TIM_Base_MspInit)
    HAL_TIM_Base_Start_IT                    0x08003c9d   Thumb Code   138  stm32f4xx_hal_tim.o(i.HAL_TIM_Base_Start_IT)
    HAL_TIM_ConfigClockSource                0x08003d45   Thumb Code   268  stm32f4xx_hal_tim.o(i.HAL_TIM_ConfigClockSource)
    HAL_TIM_IC_CaptureCallback               0x08003e51   Thumb Code     2  stm32f4xx_hal_tim.o(i.HAL_TIM_IC_CaptureCallback)
    HAL_TIM_IRQHandler                       0x08003e53   Thumb Code   406  stm32f4xx_hal_tim.o(i.HAL_TIM_IRQHandler)
    HAL_TIM_MspPostInit                      0x08003fe9   Thumb Code    84  tim.o(i.HAL_TIM_MspPostInit)
    HAL_TIM_OC_DelayElapsedCallback          0x08004049   Thumb Code     2  stm32f4xx_hal_tim.o(i.HAL_TIM_OC_DelayElapsedCallback)
    HAL_TIM_PWM_ConfigChannel                0x0800404b   Thumb Code   260  stm32f4xx_hal_tim.o(i.HAL_TIM_PWM_ConfigChannel)
    HAL_TIM_PWM_Init                         0x0800414f   Thumb Code   102  stm32f4xx_hal_tim.o(i.HAL_TIM_PWM_Init)
    HAL_TIM_PWM_MspInit                      0x080041b5   Thumb Code     2  stm32f4xx_hal_tim.o(i.HAL_TIM_PWM_MspInit)
    HAL_TIM_PWM_PulseFinishedCallback        0x080041b7   Thumb Code     2  stm32f4xx_hal_tim.o(i.HAL_TIM_PWM_PulseFinishedCallback)
    HAL_TIM_PWM_Start                        0x080041b9   Thumb Code   238  stm32f4xx_hal_tim.o(i.HAL_TIM_PWM_Start)
    HAL_TIM_PeriodElapsedCallback            0x080042c5   Thumb Code    18  main.o(i.HAL_TIM_PeriodElapsedCallback)
    HAL_TIM_TriggerCallback                  0x080042dd   Thumb Code     2  stm32f4xx_hal_tim.o(i.HAL_TIM_TriggerCallback)
    HAL_UARTEx_RxEventCallback               0x080042df   Thumb Code     2  stm32f4xx_hal_uart.o(i.HAL_UARTEx_RxEventCallback)
    HAL_UART_DMAStop                         0x080042e1   Thumb Code   138  stm32f4xx_hal_uart.o(i.HAL_UART_DMAStop)
    HAL_UART_ErrorCallback                   0x0800436b   Thumb Code     2  stm32f4xx_hal_uart.o(i.HAL_UART_ErrorCallback)
    HAL_UART_IRQHandler                      0x0800436d   Thumb Code   732  stm32f4xx_hal_uart.o(i.HAL_UART_IRQHandler)
    HAL_UART_Init                            0x0800464d   Thumb Code   114  stm32f4xx_hal_uart.o(i.HAL_UART_Init)
    HAL_UART_MspInit                         0x080046c1   Thumb Code   838  usart.o(i.HAL_UART_MspInit)
    HAL_UART_Receive_DMA                     0x08004a49   Thumb Code    66  stm32f4xx_hal_uart.o(i.HAL_UART_Receive_DMA)
    HAL_UART_RxCpltCallback                  0x08004a8b   Thumb Code     2  stm32f4xx_hal_uart.o(i.HAL_UART_RxCpltCallback)
    HAL_UART_RxHalfCpltCallback              0x08004a8d   Thumb Code     2  stm32f4xx_hal_uart.o(i.HAL_UART_RxHalfCpltCallback)
    HAL_UART_TxCpltCallback                  0x08004a8f   Thumb Code     2  stm32f4xx_hal_uart.o(i.HAL_UART_TxCpltCallback)
    HardFault_Handler                        0x08004a91   Thumb Code     4  stm32f4xx_it.o(i.HardFault_Handler)
    IMU_offset_cali                          0x08004f99   Thumb Code   316  ins_task.o(i.IMU_offset_cali)
    INS_Task                                 0x080050e1   Thumb Code   278  ins_task.o(i.INS_Task)
    Kalman_Fliter                            0x08005221   Thumb Code   332  ins_task.o(i.Kalman_Fliter)
    MX_CAN1_Init                             0x08005385   Thumb Code    58  can.o(i.MX_CAN1_Init)
    MX_CAN2_Init                             0x080053c9   Thumb Code    58  can.o(i.MX_CAN2_Init)
    MX_DMA_Init                              0x0800540d   Thumb Code   194  dma.o(i.MX_DMA_Init)
    MX_FREERTOS_Init                         0x080054d5   Thumb Code   102  mx_freertos_init.o(i.MX_FREERTOS_Init)
    MX_GPIO_Init                             0x08005551   Thumb Code   448  gpio.o(i.MX_GPIO_Init)
    MX_I2C3_Init                             0x08005729   Thumb Code    48  i2c.o(i.MX_I2C3_Init)
    MX_SPI1_Init                             0x08005765   Thumb Code    62  spi.o(i.MX_SPI1_Init)
    MX_TIM10_Init                            0x080057ad   Thumb Code   100  tim.o(i.MX_TIM10_Init)
    MX_TIM1_Init                             0x08005819   Thumb Code   102  tim.o(i.MX_TIM1_Init)
    MX_TIM2_Init                             0x08005889   Thumb Code   102  tim.o(i.MX_TIM2_Init)
    MX_TIM8_Init                             0x080058f5   Thumb Code   102  tim.o(i.MX_TIM8_Init)
    MX_TIM9_Init                             0x08005965   Thumb Code    72  tim.o(i.MX_TIM9_Init)
    MX_USART1_UART_Init                      0x080059b5   Thumb Code    46  usart.o(i.MX_USART1_UART_Init)
    MX_USART3_UART_Init                      0x080059ed   Thumb Code    44  usart.o(i.MX_USART3_UART_Init)
    MX_USART6_UART_Init                      0x08005a25   Thumb Code    46  usart.o(i.MX_USART6_UART_Init)
    MahonyAHRSupdateIMU                      0x08005a5d   Thumb Code   730  ins_task.o(i.MahonyAHRSupdateIMU)
    MemManage_Handler                        0x08005d59   Thumb Code     4  stm32f4xx_it.o(i.MemManage_Handler)
    NMI_Handler                              0x08005d5d   Thumb Code     4  stm32f4xx_it.o(i.NMI_Handler)
    PID_calc                                 0x08005d61   Thumb Code   492  pid_imu.o(i.PID_calc)
    PID_init                                 0x08005f51   Thumb Code    92  pid_imu.o(i.PID_init)
    Pitch_task                               0x08005fb1   Thumb Code  1154  pitch_task.o(i.Pitch_task)
    RC_init                                  0x0800643d   Thumb Code   142  bsp_rc.o(i.RC_init)
    SPI1_IRQHandler                          0x080064d9   Thumb Code    10  stm32f4xx_it.o(i.SPI1_IRQHandler)
    StartDefaultTask                         0x0800688d   Thumb Code    20  startdefaulttask.o(i.StartDefaultTask)
    SysTick_Handler                          0x080068a5   Thumb Code    46  port.o(i.SysTick_Handler)
    SystemClock_Config                       0x080068d9   Thumb Code   170  main.o(i.SystemClock_Config)
    SystemInit                               0x0800698d   Thumb Code    14  system_stm32f4xx.o(i.SystemInit)
    TIM1_BRK_TIM9_IRQHandler                 0x080069a1   Thumb Code    16  stm32f4xx_it.o(i.TIM1_BRK_TIM9_IRQHandler)
    TIM1_UP_TIM10_IRQHandler                 0x080069b9   Thumb Code    10  time_user.o(i.TIM1_UP_TIM10_IRQHandler)
    TIM2_IRQHandler                          0x080069c9   Thumb Code    54  stm32f4xx_it.o(i.TIM2_IRQHandler)
    TIM3_IRQHandler                          0x08006a11   Thumb Code    10  stm32f4xx_it.o(i.TIM3_IRQHandler)
    TIM8_BRK_TIM12_IRQHandler                0x08006a21   Thumb Code    10  stm32f4xx_it.o(i.TIM8_BRK_TIM12_IRQHandler)
    TIM8_UP_TIM13_IRQHandler                 0x08006a31   Thumb Code    10  stm32f4xx_it.o(i.TIM8_UP_TIM13_IRQHandler)
    TIM_Base_SetConfig                       0x08006a41   Thumb Code   170  stm32f4xx_hal_tim.o(i.TIM_Base_SetConfig)
    TIM_CCxChannelCmd                        0x08006b19   Thumb Code    34  stm32f4xx_hal_tim.o(i.TIM_CCxChannelCmd)
    TIM_ETR_SetConfig                        0x08006b3b   Thumb Code    22  stm32f4xx_hal_tim.o(i.TIM_ETR_SetConfig)
    TIM_OC2_SetConfig                        0x08006bd5   Thumb Code   114  stm32f4xx_hal_tim.o(i.TIM_OC2_SetConfig)
    UART_Start_Receive_DMA                   0x08007275   Thumb Code   196  stm32f4xx_hal_uart.o(i.UART_Start_Receive_DMA)
    USART1_IRQHandler                        0x080073a5   Thumb Code    76  stm32f4xx_it.o(i.USART1_IRQHandler)
    USART3_IRQHandler                        0x08007401   Thumb Code   264  remote_control.o(i.USART3_IRQHandler)
    USART6_IRQHandler                        0x08007525   Thumb Code    10  stm32f4xx_it.o(i.USART6_IRQHandler)
    UsageFault_Handler                       0x08007535   Thumb Code     4  stm32f4xx_it.o(i.UsageFault_Handler)
    __ARM_fpclassifyf                        0x08007539   Thumb Code    38  fpclassifyf.o(i.__ARM_fpclassifyf)
    __hardfp_asinf                           0x08007599   Thumb Code   258  asinf.o(i.__hardfp_asinf)
    __hardfp_atan2f                          0x080076c5   Thumb Code   502  atan2f.o(i.__hardfp_atan2f)
    __mathlib_flt_infnan                     0x08007915   Thumb Code     6  funder.o(i.__mathlib_flt_infnan)
    __mathlib_flt_infnan2                    0x0800791b   Thumb Code     6  funder.o(i.__mathlib_flt_infnan2)
    __mathlib_flt_invalid                    0x08007921   Thumb Code    10  funder.o(i.__mathlib_flt_invalid)
    __mathlib_flt_underflow                  0x08007931   Thumb Code    10  funder.o(i.__mathlib_flt_underflow)
    can_1_user_init                          0x08007941   Thumb Code    62  can_user.o(i.can_1_user_init)
    can_2_user_init                          0x08007985   Thumb Code    64  can_user.o(i.can_2_user_init)
    can_rc_forward                           0x080079c9   Thumb Code   184  can_user.o(i.can_rc_forward)
    get_angle                                0x08007a8d   Thumb Code   324  ins_task.o(i.get_angle)
    imu_temp_control                         0x08007bd9   Thumb Code   156  ins_task.o(i.imu_temp_control)
    invSqrt                                  0x08007c91   Thumb Code    56  ins_task.o(i.invSqrt)
    ist8310_IIC_read_muli_reg                0x08007ccd   Thumb Code    30  ins_task.o(i.ist8310_IIC_read_muli_reg)
    ist8310_IIC_write_single_reg             0x08007cf1   Thumb Code    34  ins_task.o(i.ist8310_IIC_write_single_reg)
    ist8310_init                             0x08007d19   Thumb Code    78  ins_task.o(i.ist8310_init)
    ist8310_read_mag                         0x08007d6d   Thumb Code   136  ins_task.o(i.ist8310_read_mag)
    main                                     0x08007df9   Thumb Code   120  main.o(i.main)
    osDelay                                  0x08007e8b   Thumb Code    24  cmsis_os.o(i.osDelay)
    osKernelStart                            0x08007ea3   Thumb Code    10  cmsis_os.o(i.osKernelStart)
    osThreadCreate                           0x08007ead   Thumb Code    94  cmsis_os.o(i.osThreadCreate)
    pid_calc                                 0x08007f0b   Thumb Code   254  pid.o(i.pid_calc)
    pid_init                                 0x08008009   Thumb Code    22  pid.o(i.pid_init)
    pvPortMalloc                             0x080084c5   Thumb Code   306  heap_4.o(i.pvPortMalloc)
    pxPortInitialiseStack                    0x08008611   Thumb Code    38  port.o(i.pxPortInitialiseStack)
    remote_control_init                      0x0800863d   Thumb Code    16  remote_control.o(i.remote_control_init)
    remote_data_read                         0x08008651   Thumb Code    78  remote_control.o(i.remote_data_read)
    send_ins_data_to_a                       0x080087cd   Thumb Code    68  can_user.o(i.send_ins_data_to_a)
    set_motor_voltage                        0x0800881d   Thumb Code   110  remote_control.o(i.set_motor_voltage)
    set_motor_voltage1                       0x08008891   Thumb Code   110  remote_control.o(i.set_motor_voltage1)
    sqrtf                                    0x08008bdd   Thumb Code    62  sqrtf.o(i.sqrtf)
    uxListRemove                             0x08008c1b   Thumb Code    40  list.o(i.uxListRemove)
    uxTaskGetStackHighWaterMark              0x08008c45   Thumb Code    34  tasks.o(i.uxTaskGetStackHighWaterMark)
    vApplicationGetIdleTaskMemory            0x08008c6d   Thumb Code    14  freertos.o(i.vApplicationGetIdleTaskMemory)
    vListInitialise                          0x08008c85   Thumb Code    26  list.o(i.vListInitialise)
    vListInitialiseItem                      0x08008c9f   Thumb Code     6  list.o(i.vListInitialiseItem)
    vListInsert                              0x08008ca5   Thumb Code    52  list.o(i.vListInsert)
    vListInsertEnd                           0x08008cd9   Thumb Code    24  list.o(i.vListInsertEnd)
    vPortEnterCritical                       0x08008cf1   Thumb Code    76  port.o(i.vPortEnterCritical)
    vPortExitCritical                        0x08008d45   Thumb Code    56  port.o(i.vPortExitCritical)
    vPortFree                                0x08008d81   Thumb Code   150  heap_4.o(i.vPortFree)
    vPortSetupTimerInterrupt                 0x08008e25   Thumb Code    36  port.o(i.vPortSetupTimerInterrupt)
    vTaskDelay                               0x08008e4d   Thumb Code    82  tasks.o(i.vTaskDelay)
    vTaskStartScheduler                      0x08008ea9   Thumb Code   146  tasks.o(i.vTaskStartScheduler)
    vTaskSuspendAll                          0x08008f59   Thumb Code    12  tasks.o(i.vTaskSuspendAll)
    vTaskSwitchContext                       0x08008f69   Thumb Code   118  tasks.o(i.vTaskSwitchContext)
    xPortStartScheduler                      0x08008ff5   Thumb Code   330  port.o(i.xPortStartScheduler)
    xTaskCreate                              0x0800915d   Thumb Code   100  tasks.o(i.xTaskCreate)
    xTaskCreateStatic                        0x080091c1   Thumb Code   186  tasks.o(i.xTaskCreateStatic)
    xTaskIncrementTick                       0x0800927d   Thumb Code   282  tasks.o(i.xTaskIncrementTick)
    xTaskResumeAll                           0x080093c5   Thumb Code   224  tasks.o(i.xTaskResumeAll)
    __aeabi_dneg                             0x080094c9   Thumb Code     0  basic.o(x$fpl$basic)
    _dneg                                    0x080094c9   Thumb Code     6  basic.o(x$fpl$basic)
    __aeabi_fneg                             0x080094cf   Thumb Code     0  basic.o(x$fpl$basic)
    _fneg                                    0x080094cf   Thumb Code     6  basic.o(x$fpl$basic)
    _dabs                                    0x080094d5   Thumb Code     6  basic.o(x$fpl$basic)
    _fabs                                    0x080094db   Thumb Code     6  basic.o(x$fpl$basic)
    __aeabi_d2f                              0x080094e1   Thumb Code     0  d2f.o(x$fpl$d2f)
    _d2f                                     0x080094e1   Thumb Code    98  d2f.o(x$fpl$d2f)
    __aeabi_dadd                             0x08009545   Thumb Code     0  daddsub_clz.o(x$fpl$dadd)
    _dadd                                    0x08009545   Thumb Code   332  daddsub_clz.o(x$fpl$dadd)
    __aeabi_ddiv                             0x08009695   Thumb Code     0  ddiv.o(x$fpl$ddiv)
    _ddiv                                    0x08009695   Thumb Code   552  ddiv.o(x$fpl$ddiv)
    __aeabi_i2d                              0x08009945   Thumb Code     0  dflt_clz.o(x$fpl$dflt)
    _dflt                                    0x08009945   Thumb Code    46  dflt_clz.o(x$fpl$dflt)
    __aeabi_dmul                             0x08009975   Thumb Code     0  dmul.o(x$fpl$dmul)
    _dmul                                    0x08009975   Thumb Code   332  dmul.o(x$fpl$dmul)
    __fpl_dnaninf                            0x08009ac9   Thumb Code   156  dnaninf.o(x$fpl$dnaninf)
    __fpl_dretinf                            0x08009b65   Thumb Code    12  dretinf.o(x$fpl$dretinf)
    __aeabi_dsub                             0x08009b71   Thumb Code     0  daddsub_clz.o(x$fpl$dsub)
    _dsub                                    0x08009b71   Thumb Code   464  daddsub_clz.o(x$fpl$dsub)
    __aeabi_f2d                              0x08009d45   Thumb Code     0  f2d.o(x$fpl$f2d)
    _f2d                                     0x08009d45   Thumb Code    86  f2d.o(x$fpl$f2d)
    __fpl_fnaninf                            0x08009d9b   Thumb Code   140  fnaninf.o(x$fpl$fnaninf)
    _fp_init                                 0x08009e27   Thumb Code    10  fpinit.o(x$fpl$fpinit)
    __fplib_config_fpu_vfp                   0x08009e2f   Thumb Code     0  fpinit.o(x$fpl$fpinit)
    __fplib_config_pureend_doubles           0x08009e2f   Thumb Code     0  fpinit.o(x$fpl$fpinit)
    __fpl_fretinf                            0x08009e31   Thumb Code    10  fretinf.o(x$fpl$fretinf)
    __I$use$fp                               0x08009e3a   Number         0  usenofp.o(x$fpl$usenofp)
    AHBPrescTable                            0x08009e42   Data          16  system_stm32f4xx.o(.constdata)
    APBPrescTable                            0x08009e52   Data           8  system_stm32f4xx.o(.constdata)
    Region$$Table$$Base                      0x08009f04   Number         0  anon$$obj.o(Region$$Table)
    Region$$Table$$Limit                     0x08009f24   Number         0  anon$$obj.o(Region$$Table)
    can_cnt_1                                0x20000000   Data           2  main.o(.data)
    can_cnt_2                                0x20000002   Data           2  main.o(.data)
    can_flag                                 0x20000004   Data           1  main.o(.data)
    step                                     0x20000008   Data           8  main.o(.data)
    r                                        0x20000010   Data           8  main.o(.data)
    sin_sita                                 0x20000018   Data           8  main.o(.data)
    cos_sita                                 0x20000020   Data           8  main.o(.data)
    target_v                                 0x20000028   Data           8  main.o(.data)
    target_int1                              0x20000030   Data           2  main.o(.data)
    target_int2                              0x20000032   Data           2  main.o(.data)
    target_curl                              0x20000038   Data           8  main.o(.data)
    yuntai_step                              0x20000040   Data           4  main.o(.data)
    rx_data                                  0x20000044   Data           8  main.o(.data)
    temp                                     0x2000004c   Data           4  main.o(.data)
    buf_accel                                0x20000050   Data           8  main.o(.data)
    buf_gyro                                 0x20000058   Data           8  main.o(.data)
    pTxData                                  0x20000060   Data           1  main.o(.data)
    pRxData                                  0x20000061   Data           1  main.o(.data)
    quat                                     0x20000064   Data          16  main.o(.data)
    roll_accel                               0x20000074   Data           4  main.o(.data)
    pitch_accel                              0x20000078   Data           4  main.o(.data)
    q0                                       0x2000007c   Data           4  main.o(.data)
    q1                                       0x20000080   Data           4  main.o(.data)
    q2                                       0x20000084   Data           4  main.o(.data)
    q3                                       0x20000088   Data           4  main.o(.data)
    T                                        0x2000008c   Data           4  main.o(.data)
    halfT                                    0x20000090   Data           4  main.o(.data)
    pitch                                    0x20000094   Data           4  main.o(.data)
    roll                                     0x20000098   Data           4  main.o(.data)
    yaw                                      0x2000009c   Data           4  main.o(.data)
    norm                                     0x200000a0   Data           4  main.o(.data)
    gx                                       0x200000a4   Data           4  main.o(.data)
    gy                                       0x200000a8   Data           4  main.o(.data)
    gz                                       0x200000ac   Data           4  main.o(.data)
    ax                                       0x200000b0   Data           4  main.o(.data)
    ay                                       0x200000b4   Data           4  main.o(.data)
    az                                       0x200000b8   Data           4  main.o(.data)
    vx                                       0x200000bc   Data           4  main.o(.data)
    vy                                       0x200000c0   Data           4  main.o(.data)
    vz                                       0x200000c4   Data           4  main.o(.data)
    wx                                       0x200000c8   Data           4  main.o(.data)
    wy                                       0x200000cc   Data           4  main.o(.data)
    wz                                       0x200000d0   Data           4  main.o(.data)
    ex                                       0x200000d4   Data           4  main.o(.data)
    ey                                       0x200000d8   Data           4  main.o(.data)
    ez                                       0x200000dc   Data           4  main.o(.data)
    exInt                                    0x200000e0   Data           4  main.o(.data)
    eyInt                                    0x200000e4   Data           4  main.o(.data)
    ezInt                                    0x200000e8   Data           4  main.o(.data)
    Kp                                       0x200000ec   Data           4  main.o(.data)
    Ki                                       0x200000f0   Data           4  main.o(.data)
    uwTick                                   0x200000f8   Data           4  stm32f4xx_hal.o(.data)
    uwTickPrio                               0x200000fc   Data           4  stm32f4xx_hal.o(.data)
    uwTickFreq                               0x20000100   Data           1  stm32f4xx_hal.o(.data)
    SystemCoreClock                          0x20000104   Data           4  system_stm32f4xx.o(.data)
    pxCurrentTCB                             0x20000108   Data           4  tasks.o(.data)
    can1_TxData                              0x20000170   Data           8  can_user.o(.data)
    can2_TxData                              0x20000178   Data           8  can_user.o(.data)
    can1_RxData                              0x20000180   Data           8  can_user.o(.data)
    can2_RxData                              0x20000188   Data           8  can_user.o(.data)
    test                                     0x20000190   Data           8  can_user.o(.data)
    insTaskHandle                            0x20000198   Data           4  mx_freertos_init.o(.data)
    fixTaskHandle                            0x2000019c   Data           4  mx_freertos_init.o(.data)
    defaultTaskHandle                        0x200001a0   Data           4  mx_freertos_init.o(.data)
    myTask02Handle                           0x200001a4   Data           4  mx_freertos_init.o(.data)
    myTask03Handle                           0x200001a8   Data           4  mx_freertos_init.o(.data)
    myTask04Handle                           0x200001ac   Data           4  mx_freertos_init.o(.data)
    rx_len_uart1                             0x200001b0   Data           1  remote_control.o(.data)
    recv_end_flag_uart1                      0x200001b1   Data           1  remote_control.o(.data)
    Yaw_minipc                               0x200001b2   Data           2  remote_control.o(.data)
    Pitch_minipc                             0x200001b4   Data           2  remote_control.o(.data)
    Err_pitch                                0x200001b8   Data           4  pitch_task.o(.data)
    Up_pitch                                 0x200001bc   Data           2  pitch_task.o(.data)
    Down_pitch                               0x200001be   Data           2  pitch_task.o(.data)
    target_angle                             0x200001c0   Data           4  pitch_task.o(.data)
    shoot_flag                               0x200001c4   Data           4  pitch_task.o(.data)
    target_angle1                            0x200001c8   Data           4  friction_task.o(.data)
    Q_angle                                  0x200001cc   Data           4  ins_task.o(.data)
    Q_gyro_bias                              0x200001d0   Data           4  ins_task.o(.data)
    R_measure                                0x200001d4   Data           4  ins_task.o(.data)
    dt                                       0x200001d8   Data           4  ins_task.o(.data)
    first_temperate                          0x200001dc   Data           4  ins_task.o(.data)
    twoKp                                    0x200001e0   Data           4  ins_task.o(.data)
    twoKi                                    0x200001e4   Data           4  ins_task.o(.data)
    integralFBx                              0x200001e8   Data           4  ins_task.o(.data)
    integralFBy                              0x200001ec   Data           4  ins_task.o(.data)
    integralFBz                              0x200001f0   Data           4  ins_task.o(.data)
    a                                        0x200001f4   Data           4  ins_task.o(.data)
    angle_1                                  0x200001f8   Data           2  ins_task.o(.data)
    angle_2                                  0x200001fa   Data           2  ins_task.o(.data)
    angle_3                                  0x200001fc   Data           2  ins_task.o(.data)
    hcan1                                    0x20000200   Data          40  main.o(.bss)
    hcan2                                    0x20000228   Data          40  main.o(.bss)
    target_speed                             0x20000250   Data          28  main.o(.bss)
    target_speed_can_2                       0x2000026c   Data          28  main.o(.bss)
    motor_info                               0x20000288   Data          84  main.o(.bss)
    motor_info_can_2                         0x200002dc   Data          84  main.o(.bss)
    motor_pid                                0x20000330   Data         364  main.o(.bss)
    motor_pid_can_2                          0x2000049c   Data         364  main.o(.bss)
    mag                                      0x20000608   Data          12  main.o(.bss)
    gyro                                     0x20000614   Data          12  main.o(.bss)
    accel                                    0x20000620   Data          12  main.o(.bss)
    INS_angle                                0x2000062c   Data          12  main.o(.bss)
    hi2c3                                    0x2000088c   Data          84  i2c.o(.bss)
    hspi1                                    0x200008e0   Data          88  spi.o(.bss)
    hdma_spi1_rx                             0x20000938   Data          96  spi.o(.bss)
    hdma_spi1_tx                             0x20000998   Data          96  spi.o(.bss)
    htim1                                    0x200009f8   Data          72  tim.o(.bss)
    htim2                                    0x20000a40   Data          72  tim.o(.bss)
    htim8                                    0x20000a88   Data          72  tim.o(.bss)
    htim9                                    0x20000ad0   Data          72  tim.o(.bss)
    htim10                                   0x20000b18   Data          72  tim.o(.bss)
    huart1                                   0x20000b60   Data          68  usart.o(.bss)
    huart3                                   0x20000ba4   Data          68  usart.o(.bss)
    huart6                                   0x20000be8   Data          68  usart.o(.bss)
    hdma_usart1_rx                           0x20000c2c   Data          96  usart.o(.bss)
    hdma_usart1_tx                           0x20000c8c   Data          96  usart.o(.bss)
    hdma_usart3_rx                           0x20000cec   Data          96  usart.o(.bss)
    hdma_usart3_tx                           0x20000d4c   Data          96  usart.o(.bss)
    hdma_usart6_rx                           0x20000dac   Data          96  usart.o(.bss)
    hdma_usart6_tx                           0x20000e0c   Data          96  usart.o(.bss)
    htim3                                    0x20000e6c   Data          72  stm32f4xx_hal_timebase_tim.o(.bss)
    can1_TxHeader                            0x20004ba4   Data          24  can_user.o(.bss)
    can2_TxHeader                            0x20004bbc   Data          24  can_user.o(.bss)
    can1_RxHeader                            0x20004bd4   Data          28  can_user.o(.bss)
    can2_RxHeader                            0x20004bf0   Data          28  can_user.o(.bss)
    rc_tmp                                   0x20004c0c   Data          10  can_user.o(.bss)
    rx_buffer                                0x20004c16   Data         100  remote_control.o(.bss)
    rc_ctrl                                  0x20004c7a   Data          22  remote_control.o(.bss)
    pitch_pid                                0x20004cd8   Data         364  pitch_task.o(.bss)
    p                                        0x20004e44   Data          16  ins_task.o(.bss)
    imu_temp_pid                             0x20004e54   Data          72  ins_task.o(.bss)
    ins_data                                 0x20004e9c   Data          80  ins_task.o(.bss)
    __libspace_start                         0x20004eec   Data          96  libspace.o(.bss)
    __temporary_stack_top$libspace           0x20004f4c   Data           0  libspace.o(.bss)



==============================================================================

Memory Map of the image

  Image Entry point : 0x08000189

  Load Region LR_IROM1 (Base: 0x08000000, Size: 0x0000a124, Max: 0x00100000, ABSOLUTE, COMPRESSED[0x00009f5c])

    Execution Region ER_IROM1 (Exec base: 0x08000000, Load base: 0x08000000, Size: 0x00009f24, Max: 0x00100000, ABSOLUTE)

    Exec Addr    Load Addr    Size         Type   Attr      Idx    E Section Name        Object

    0x08000000   0x08000000   0x00000188   Data   RO            3    RESET               startup_stm32f407xx.o
    0x08000188   0x08000188   0x00000008   Code   RO         6633  * !!!main             c_w.l(__main.o)
    0x08000190   0x08000190   0x00000034   Code   RO         6914    !!!scatter          c_w.l(__scatter.o)
    0x080001c4   0x080001c4   0x0000005a   Code   RO         6912    !!dczerorl2         c_w.l(__dczerorl2.o)
    0x0800021e   0x0800021e   0x00000002   PAD
    0x08000220   0x08000220   0x0000001c   Code   RO         6916    !!handler_zi        c_w.l(__scatter_zi.o)
    0x0800023c   0x0800023c   0x00000002   Code   RO         6785    .ARM.Collect$$libinit$$00000000  c_w.l(libinit.o)
    0x0800023e   0x0800023e   0x00000004   Code   RO         6794    .ARM.Collect$$libinit$$00000001  c_w.l(libinit2.o)
    0x08000242   0x08000242   0x00000000   Code   RO         6797    .ARM.Collect$$libinit$$00000004  c_w.l(libinit2.o)
    0x08000242   0x08000242   0x00000000   Code   RO         6800    .ARM.Collect$$libinit$$0000000A  c_w.l(libinit2.o)
    0x08000242   0x08000242   0x00000000   Code   RO         6802    .ARM.Collect$$libinit$$0000000C  c_w.l(libinit2.o)
    0x08000242   0x08000242   0x00000000   Code   RO         6804    .ARM.Collect$$libinit$$0000000E  c_w.l(libinit2.o)
    0x08000242   0x08000242   0x00000000   Code   RO         6807    .ARM.Collect$$libinit$$00000011  c_w.l(libinit2.o)
    0x08000242   0x08000242   0x00000000   Code   RO         6809    .ARM.Collect$$libinit$$00000013  c_w.l(libinit2.o)
    0x08000242   0x08000242   0x00000000   Code   RO         6811    .ARM.Collect$$libinit$$00000015  c_w.l(libinit2.o)
    0x08000242   0x08000242   0x00000000   Code   RO         6813    .ARM.Collect$$libinit$$00000017  c_w.l(libinit2.o)
    0x08000242   0x08000242   0x00000000   Code   RO         6815    .ARM.Collect$$libinit$$00000019  c_w.l(libinit2.o)
    0x08000242   0x08000242   0x00000000   Code   RO         6817    .ARM.Collect$$libinit$$0000001B  c_w.l(libinit2.o)
    0x08000242   0x08000242   0x00000000   Code   RO         6819    .ARM.Collect$$libinit$$0000001D  c_w.l(libinit2.o)
    0x08000242   0x08000242   0x00000000   Code   RO         6821    .ARM.Collect$$libinit$$0000001F  c_w.l(libinit2.o)
    0x08000242   0x08000242   0x00000000   Code   RO         6823    .ARM.Collect$$libinit$$00000021  c_w.l(libinit2.o)
    0x08000242   0x08000242   0x00000000   Code   RO         6825    .ARM.Collect$$libinit$$00000023  c_w.l(libinit2.o)
    0x08000242   0x08000242   0x00000000   Code   RO         6827    .ARM.Collect$$libinit$$00000025  c_w.l(libinit2.o)
    0x08000242   0x08000242   0x00000000   Code   RO         6831    .ARM.Collect$$libinit$$0000002C  c_w.l(libinit2.o)
    0x08000242   0x08000242   0x00000000   Code   RO         6833    .ARM.Collect$$libinit$$0000002E  c_w.l(libinit2.o)
    0x08000242   0x08000242   0x00000000   Code   RO         6835    .ARM.Collect$$libinit$$00000030  c_w.l(libinit2.o)
    0x08000242   0x08000242   0x00000000   Code   RO         6837    .ARM.Collect$$libinit$$00000032  c_w.l(libinit2.o)
    0x08000242   0x08000242   0x00000002   Code   RO         6838    .ARM.Collect$$libinit$$00000033  c_w.l(libinit2.o)
    0x08000244   0x08000244   0x00000002   Code   RO         6869    .ARM.Collect$$libshutdown$$00000000  c_w.l(libshutdown.o)
    0x08000246   0x08000246   0x00000000   Code   RO         6895    .ARM.Collect$$libshutdown$$00000002  c_w.l(libshutdown2.o)
    0x08000246   0x08000246   0x00000000   Code   RO         6897    .ARM.Collect$$libshutdown$$00000004  c_w.l(libshutdown2.o)
    0x08000246   0x08000246   0x00000000   Code   RO         6900    .ARM.Collect$$libshutdown$$00000007  c_w.l(libshutdown2.o)
    0x08000246   0x08000246   0x00000000   Code   RO         6903    .ARM.Collect$$libshutdown$$0000000A  c_w.l(libshutdown2.o)
    0x08000246   0x08000246   0x00000000   Code   RO         6905    .ARM.Collect$$libshutdown$$0000000C  c_w.l(libshutdown2.o)
    0x08000246   0x08000246   0x00000000   Code   RO         6908    .ARM.Collect$$libshutdown$$0000000F  c_w.l(libshutdown2.o)
    0x08000246   0x08000246   0x00000002   Code   RO         6909    .ARM.Collect$$libshutdown$$00000010  c_w.l(libshutdown2.o)
    0x08000248   0x08000248   0x00000000   Code   RO         6695    .ARM.Collect$$rtentry$$00000000  c_w.l(__rtentry.o)
    0x08000248   0x08000248   0x00000000   Code   RO         6746    .ARM.Collect$$rtentry$$00000002  c_w.l(__rtentry2.o)
    0x08000248   0x08000248   0x00000006   Code   RO         6758    .ARM.Collect$$rtentry$$00000004  c_w.l(__rtentry4.o)
    0x0800024e   0x0800024e   0x00000000   Code   RO         6748    .ARM.Collect$$rtentry$$00000009  c_w.l(__rtentry2.o)
    0x0800024e   0x0800024e   0x00000004   Code   RO         6749    .ARM.Collect$$rtentry$$0000000A  c_w.l(__rtentry2.o)
    0x08000252   0x08000252   0x00000000   Code   RO         6751    .ARM.Collect$$rtentry$$0000000C  c_w.l(__rtentry2.o)
    0x08000252   0x08000252   0x00000008   Code   RO         6752    .ARM.Collect$$rtentry$$0000000D  c_w.l(__rtentry2.o)
    0x0800025a   0x0800025a   0x00000002   Code   RO         6786    .ARM.Collect$$rtexit$$00000000  c_w.l(rtexit.o)
    0x0800025c   0x0800025c   0x00000000   Code   RO         6842    .ARM.Collect$$rtexit$$00000002  c_w.l(rtexit2.o)
    0x0800025c   0x0800025c   0x00000004   Code   RO         6843    .ARM.Collect$$rtexit$$00000003  c_w.l(rtexit2.o)
    0x08000260   0x08000260   0x00000006   Code   RO         6844    .ARM.Collect$$rtexit$$00000004  c_w.l(rtexit2.o)
    0x08000266   0x08000266   0x00000002   PAD
    0x08000268   0x08000268   0x000000be   Code   RO         5928    .emb_text           port.o
    0x08000326   0x08000326   0x00000002   PAD
    0x08000328   0x08000328   0x00000040   Code   RO            4    .text               startup_stm32f407xx.o
    0x08000368   0x08000368   0x000000ee   Code   RO         6619    .text               c_w.l(lludivv7m.o)
    0x08000456   0x08000456   0x0000008a   Code   RO         6621    .text               c_w.l(rt_memcpy_v6.o)
    0x080004e0   0x080004e0   0x00000064   Code   RO         6623    .text               c_w.l(rt_memcpy_w.o)
    0x08000544   0x08000544   0x00000010   Code   RO         6627    .text               c_w.l(aeabi_memset.o)
    0x08000554   0x08000554   0x0000004e   Code   RO         6629    .text               c_w.l(rt_memclr_w.o)
    0x080005a2   0x080005a2   0x00000006   Code   RO         6631    .text               c_w.l(heapauxi.o)
    0x080005a8   0x080005a8   0x00000016   Code   RO         6700    .text               c_w.l(_rserrno.o)
    0x080005be   0x080005be   0x00000044   Code   RO         6702    .text               c_w.l(rt_memclr.o)
    0x08000602   0x08000602   0x00000002   PAD
    0x08000604   0x08000604   0x00000008   Code   RO         6765    .text               c_w.l(rt_errno_addr_intlibspace.o)
    0x0800060c   0x0800060c   0x00000008   Code   RO         6769    .text               c_w.l(libspace.o)
    0x08000614   0x08000614   0x0000004a   Code   RO         6772    .text               c_w.l(sys_stackheap_outer.o)
    0x0800065e   0x0800065e   0x00000012   Code   RO         6774    .text               c_w.l(exit.o)
    0x08000670   0x08000670   0x0000000c   Code   RO         6839    .text               c_w.l(sys_exit.o)
    0x0800067c   0x0800067c   0x00000002   Code   RO         6858    .text               c_w.l(use_no_semi.o)
    0x0800067e   0x0800067e   0x00000000   Code   RO         6860    .text               c_w.l(indicate_semi.o)
    0x0800067e   0x0800067e   0x00000002   PAD
    0x08000680   0x08000680   0x00000028   Code   RO         6437    i.AHRS_init         ins_task.o
    0x080006a8   0x080006a8   0x00000058   Code   RO         6438    i.BMI088_accel_init  ins_task.o
    0x08000700   0x08000700   0x00000088   Code   RO         6439    i.BMI088_accel_read_muli  ins_task.o
    0x08000788   0x08000788   0x00000054   Code   RO         6440    i.BMI088_accel_write_single  ins_task.o
    0x080007dc   0x080007dc   0x0000003c   Code   RO         6441    i.BMI088_gyro_init  ins_task.o
    0x08000818   0x08000818   0x0000006c   Code   RO         6442    i.BMI088_gyro_read_muli  ins_task.o
    0x08000884   0x08000884   0x0000004c   Code   RO         6443    i.BMI088_gyro_write_single  ins_task.o
    0x080008d0   0x080008d0   0x000001d8   Code   RO         6444    i.BMI088_read       ins_task.o
    0x08000aa8   0x08000aa8   0x00000004   Code   RO          804    i.BusFault_Handler  stm32f4xx_it.o
    0x08000aac   0x08000aac   0x00000010   Code   RO          805    i.CAN1_RX0_IRQHandler  stm32f4xx_it.o
    0x08000abc   0x08000abc   0x00000010   Code   RO          806    i.CAN1_TX_IRQHandler  stm32f4xx_it.o
    0x08000acc   0x08000acc   0x00000010   Code   RO          807    i.CAN2_RX0_IRQHandler  stm32f4xx_it.o
    0x08000adc   0x08000adc   0x00000010   Code   RO          808    i.CAN2_TX_IRQHandler  stm32f4xx_it.o
    0x08000aec   0x08000aec   0x00000010   Code   RO          809    i.DMA1_Stream1_IRQHandler  stm32f4xx_it.o
    0x08000afc   0x08000afc   0x00000010   Code   RO          810    i.DMA1_Stream3_IRQHandler  stm32f4xx_it.o
    0x08000b0c   0x08000b0c   0x00000010   Code   RO          811    i.DMA2_Stream0_IRQHandler  stm32f4xx_it.o
    0x08000b1c   0x08000b1c   0x00000010   Code   RO          812    i.DMA2_Stream1_IRQHandler  stm32f4xx_it.o
    0x08000b2c   0x08000b2c   0x00000010   Code   RO          813    i.DMA2_Stream2_IRQHandler  stm32f4xx_it.o
    0x08000b3c   0x08000b3c   0x00000010   Code   RO          814    i.DMA2_Stream3_IRQHandler  stm32f4xx_it.o
    0x08000b4c   0x08000b4c   0x00000010   Code   RO          815    i.DMA2_Stream6_IRQHandler  stm32f4xx_it.o
    0x08000b5c   0x08000b5c   0x00000010   Code   RO          816    i.DMA2_Stream7_IRQHandler  stm32f4xx_it.o
    0x08000b6c   0x08000b6c   0x00000034   Code   RO         1801    i.DMA_CalcBaseAndBitshift  stm32f4xx_hal_dma.o
    0x08000ba0   0x08000ba0   0x000000aa   Code   RO         1802    i.DMA_CheckFifoParam  stm32f4xx_hal_dma.o
    0x08000c4a   0x08000c4a   0x0000002c   Code   RO         1803    i.DMA_SetConfig     stm32f4xx_hal_dma.o
    0x08000c76   0x08000c76   0x00000002   Code   RO          817    i.DebugMon_Handler  stm32f4xx_it.o
    0x08000c78   0x08000c78   0x0000000a   Code   RO          818    i.EXTI3_IRQHandler  stm32f4xx_it.o
    0x08000c82   0x08000c82   0x0000000a   Code   RO          819    i.EXTI4_IRQHandler  stm32f4xx_it.o
    0x08000c8c   0x08000c8c   0x0000000a   Code   RO          820    i.EXTI9_5_IRQHandler  stm32f4xx_it.o
    0x08000c96   0x08000c96   0x00000006   Code   RO          278    i.Error_Handler     main.o
    0x08000c9c   0x08000c9c   0x00000002   Code   RO         6390    i.Friction_init     friction_task.o
    0x08000c9e   0x08000c9e   0x00000002   PAD
    0x08000ca0   0x08000ca0   0x00000024   Code   RO         6391    i.Friction_task     friction_task.o
    0x08000cc4   0x08000cc4   0x00000058   Code   RO         6171    i.Get_minipc        remote_control.o
    0x08000d1c   0x08000d1c   0x0000002a   Code   RO         1064    i.HAL_CAN_ActivateNotification  stm32f4xx_hal_can.o
    0x08000d46   0x08000d46   0x00000156   Code   RO         1065    i.HAL_CAN_AddTxMessage  stm32f4xx_hal_can.o
    0x08000e9c   0x08000e9c   0x00000124   Code   RO         1066    i.HAL_CAN_ConfigFilter  stm32f4xx_hal_can.o
    0x08000fc0   0x08000fc0   0x00000002   Code   RO         1069    i.HAL_CAN_ErrorCallback  stm32f4xx_hal_can.o
    0x08000fc2   0x08000fc2   0x0000017a   Code   RO         1072    i.HAL_CAN_GetRxMessage  stm32f4xx_hal_can.o
    0x0800113c   0x0800113c   0x0000024e   Code   RO         1076    i.HAL_CAN_IRQHandler  stm32f4xx_hal_can.o
    0x0800138a   0x0800138a   0x00000174   Code   RO         1077    i.HAL_CAN_Init      stm32f4xx_hal_can.o
    0x080014fe   0x080014fe   0x00000002   PAD
    0x08001500   0x08001500   0x00000180   Code   RO          479    i.HAL_CAN_MspInit   can.o
    0x08001680   0x08001680   0x00000002   Code   RO         1084    i.HAL_CAN_RxFifo0FullCallback  stm32f4xx_hal_can.o
    0x08001682   0x08001682   0x00000002   PAD
    0x08001684   0x08001684   0x00000118   Code   RO         6072    i.HAL_CAN_RxFifo0MsgPendingCallback  can_user.o
    0x0800179c   0x0800179c   0x00000002   Code   RO         1086    i.HAL_CAN_RxFifo1FullCallback  stm32f4xx_hal_can.o
    0x0800179e   0x0800179e   0x00000002   Code   RO         1087    i.HAL_CAN_RxFifo1MsgPendingCallback  stm32f4xx_hal_can.o
    0x080017a0   0x080017a0   0x00000002   Code   RO         1088    i.HAL_CAN_SleepCallback  stm32f4xx_hal_can.o
    0x080017a2   0x080017a2   0x0000005e   Code   RO         1089    i.HAL_CAN_Start     stm32f4xx_hal_can.o
    0x08001800   0x08001800   0x00000002   Code   RO         1091    i.HAL_CAN_TxMailbox0AbortCallback  stm32f4xx_hal_can.o
    0x08001802   0x08001802   0x00000002   Code   RO         1092    i.HAL_CAN_TxMailbox0CompleteCallback  stm32f4xx_hal_can.o
    0x08001804   0x08001804   0x00000002   Code   RO         1093    i.HAL_CAN_TxMailbox1AbortCallback  stm32f4xx_hal_can.o
    0x08001806   0x08001806   0x00000002   Code   RO         1094    i.HAL_CAN_TxMailbox1CompleteCallback  stm32f4xx_hal_can.o
    0x08001808   0x08001808   0x00000002   Code   RO         1095    i.HAL_CAN_TxMailbox2AbortCallback  stm32f4xx_hal_can.o
    0x0800180a   0x0800180a   0x00000002   Code   RO         1096    i.HAL_CAN_TxMailbox2CompleteCallback  stm32f4xx_hal_can.o
    0x0800180c   0x0800180c   0x00000002   Code   RO         1098    i.HAL_CAN_WakeUpFromRxMsgCallback  stm32f4xx_hal_can.o
    0x0800180e   0x0800180e   0x000000ac   Code   RO         1804    i.HAL_DMA_Abort     stm32f4xx_hal_dma.o
    0x080018ba   0x080018ba   0x00000028   Code   RO         1805    i.HAL_DMA_Abort_IT  stm32f4xx_hal_dma.o
    0x080018e2   0x080018e2   0x00000002   PAD
    0x080018e4   0x080018e4   0x00000240   Code   RO         1809    i.HAL_DMA_IRQHandler  stm32f4xx_hal_dma.o
    0x08001b24   0x08001b24   0x000000ec   Code   RO         1810    i.HAL_DMA_Init      stm32f4xx_hal_dma.o
    0x08001c10   0x08001c10   0x00000092   Code   RO         1814    i.HAL_DMA_Start_IT  stm32f4xx_hal_dma.o
    0x08001ca2   0x08001ca2   0x00000002   PAD
    0x08001ca4   0x08001ca4   0x00000028   Code   RO         2228    i.HAL_Delay         stm32f4xx_hal.o
    0x08001ccc   0x08001ccc   0x00000014   Code   RO         6008    i.HAL_GPIO_EXTI_Callback  gpio_user.o
    0x08001ce0   0x08001ce0   0x0000001c   Code   RO         1696    i.HAL_GPIO_EXTI_IRQHandler  stm32f4xx_hal_gpio.o
    0x08001cfc   0x08001cfc   0x000001f4   Code   RO         1697    i.HAL_GPIO_Init     stm32f4xx_hal_gpio.o
    0x08001ef0   0x08001ef0   0x0000000c   Code   RO         1701    i.HAL_GPIO_WritePin  stm32f4xx_hal_gpio.o
    0x08001efc   0x08001efc   0x0000000c   Code   RO         2234    i.HAL_GetTick       stm32f4xx_hal.o
    0x08001f08   0x08001f08   0x000001d0   Code   RO         2490    i.HAL_I2C_Init      stm32f4xx_hal_i2c.o
    0x080020d8   0x080020d8   0x000002f4   Code   RO         2508    i.HAL_I2C_Mem_Read  stm32f4xx_hal_i2c.o
    0x080023cc   0x080023cc   0x00000164   Code   RO         2511    i.HAL_I2C_Mem_Write  stm32f4xx_hal_i2c.o
    0x08002530   0x08002530   0x000000c8   Code   RO          547    i.HAL_I2C_MspInit   i2c.o
    0x080025f8   0x080025f8   0x00000018   Code   RO         2240    i.HAL_IncTick       stm32f4xx_hal.o
    0x08002610   0x08002610   0x0000003c   Code   RO         2241    i.HAL_Init          stm32f4xx_hal.o
    0x0800264c   0x0800264c   0x000000b4   Code   RO         1024    i.HAL_InitTick      stm32f4xx_hal_timebase_tim.o
    0x08002700   0x08002700   0x00000054   Code   RO         1000    i.HAL_MspInit       stm32f4xx_hal_msp.o
    0x08002754   0x08002754   0x00000020   Code   RO         2086    i.HAL_NVIC_EnableIRQ  stm32f4xx_hal_cortex.o
    0x08002774   0x08002774   0x0000007c   Code   RO         2092    i.HAL_NVIC_SetPriority  stm32f4xx_hal_cortex.o
    0x080027f0   0x080027f0   0x00000028   Code   RO         2093    i.HAL_NVIC_SetPriorityGrouping  stm32f4xx_hal_cortex.o
    0x08002818   0x08002818   0x00000184   Code   RO         1298    i.HAL_RCC_ClockConfig  stm32f4xx_hal_rcc.o
    0x0800299c   0x0800299c   0x00000044   Code   RO         1302    i.HAL_RCC_GetClockConfig  stm32f4xx_hal_rcc.o
    0x080029e0   0x080029e0   0x0000000c   Code   RO         1303    i.HAL_RCC_GetHCLKFreq  stm32f4xx_hal_rcc.o
    0x080029ec   0x080029ec   0x00000020   Code   RO         1305    i.HAL_RCC_GetPCLK1Freq  stm32f4xx_hal_rcc.o
    0x08002a0c   0x08002a0c   0x00000020   Code   RO         1306    i.HAL_RCC_GetPCLK2Freq  stm32f4xx_hal_rcc.o
    0x08002a2c   0x08002a2c   0x000000b0   Code   RO         1307    i.HAL_RCC_GetSysClockFreq  stm32f4xx_hal_rcc.o
    0x08002adc   0x08002adc   0x0000049c   Code   RO         1310    i.HAL_RCC_OscConfig  stm32f4xx_hal_rcc.o
    0x08002f78   0x08002f78   0x00000002   Code   RO         2976    i.HAL_SPI_ErrorCallback  stm32f4xx_hal_spi.o
    0x08002f7a   0x08002f7a   0x00000008   Code   RO         2978    i.HAL_SPI_GetState  stm32f4xx_hal_spi.o
    0x08002f82   0x08002f82   0x00000002   PAD
    0x08002f84   0x08002f84   0x0000015c   Code   RO         2979    i.HAL_SPI_IRQHandler  stm32f4xx_hal_spi.o
    0x080030e0   0x080030e0   0x000000c8   Code   RO         2980    i.HAL_SPI_Init      stm32f4xx_hal_spi.o
    0x080031a8   0x080031a8   0x00000168   Code   RO          589    i.HAL_SPI_MspInit   spi.o
    0x08003310   0x08003310   0x00000170   Code   RO         2983    i.HAL_SPI_Receive   stm32f4xx_hal_spi.o
    0x08003480   0x08003480   0x0000011c   Code   RO         2984    i.HAL_SPI_Receive_DMA  stm32f4xx_hal_spi.o
    0x0800359c   0x0800359c   0x00000002   Code   RO         2986    i.HAL_SPI_RxCpltCallback  stm32f4xx_hal_spi.o
    0x0800359e   0x0800359e   0x00000002   Code   RO         2987    i.HAL_SPI_RxHalfCpltCallback  stm32f4xx_hal_spi.o
    0x080035a0   0x080035a0   0x0000022a   Code   RO         2989    i.HAL_SPI_TransmitReceive  stm32f4xx_hal_spi.o
    0x080037ca   0x080037ca   0x00000002   PAD
    0x080037cc   0x080037cc   0x0000016c   Code   RO         2990    i.HAL_SPI_TransmitReceive_DMA  stm32f4xx_hal_spi.o
    0x08003938   0x08003938   0x000000fc   Code   RO         2992    i.HAL_SPI_Transmit_DMA  stm32f4xx_hal_spi.o
    0x08003a34   0x08003a34   0x00000002   Code   RO         2994    i.HAL_SPI_TxCpltCallback  stm32f4xx_hal_spi.o
    0x08003a36   0x08003a36   0x00000002   Code   RO         2995    i.HAL_SPI_TxHalfCpltCallback  stm32f4xx_hal_spi.o
    0x08003a38   0x08003a38   0x00000002   Code   RO         2996    i.HAL_SPI_TxRxCpltCallback  stm32f4xx_hal_spi.o
    0x08003a3a   0x08003a3a   0x00000002   Code   RO         2997    i.HAL_SPI_TxRxHalfCpltCallback  stm32f4xx_hal_spi.o
    0x08003a3c   0x08003a3c   0x00000002   Code   RO         4008    i.HAL_TIMEx_BreakCallback  stm32f4xx_hal_tim_ex.o
    0x08003a3e   0x08003a3e   0x00000002   Code   RO         4009    i.HAL_TIMEx_CommutCallback  stm32f4xx_hal_tim_ex.o
    0x08003a40   0x08003a40   0x000000b4   Code   RO         4027    i.HAL_TIMEx_MasterConfigSynchronization  stm32f4xx_hal_tim_ex.o
    0x08003af4   0x08003af4   0x00000066   Code   RO         3293    i.HAL_TIM_Base_Init  stm32f4xx_hal_tim.o
    0x08003b5a   0x08003b5a   0x00000002   PAD
    0x08003b5c   0x08003b5c   0x00000140   Code   RO          632    i.HAL_TIM_Base_MspInit  tim.o
    0x08003c9c   0x08003c9c   0x000000a8   Code   RO         3298    i.HAL_TIM_Base_Start_IT  stm32f4xx_hal_tim.o
    0x08003d44   0x08003d44   0x0000010c   Code   RO         3302    i.HAL_TIM_ConfigClockSource  stm32f4xx_hal_tim.o
    0x08003e50   0x08003e50   0x00000002   Code   RO         3327    i.HAL_TIM_IC_CaptureCallback  stm32f4xx_hal_tim.o
    0x08003e52   0x08003e52   0x00000196   Code   RO         3341    i.HAL_TIM_IRQHandler  stm32f4xx_hal_tim.o
    0x08003fe8   0x08003fe8   0x00000060   Code   RO          633    i.HAL_TIM_MspPostInit  tim.o
    0x08004048   0x08004048   0x00000002   Code   RO         3344    i.HAL_TIM_OC_DelayElapsedCallback  stm32f4xx_hal_tim.o
    0x0800404a   0x0800404a   0x00000104   Code   RO         3365    i.HAL_TIM_PWM_ConfigChannel  stm32f4xx_hal_tim.o
    0x0800414e   0x0800414e   0x00000066   Code   RO         3368    i.HAL_TIM_PWM_Init  stm32f4xx_hal_tim.o
    0x080041b4   0x080041b4   0x00000002   Code   RO         3370    i.HAL_TIM_PWM_MspInit  stm32f4xx_hal_tim.o
    0x080041b6   0x080041b6   0x00000002   Code   RO         3371    i.HAL_TIM_PWM_PulseFinishedCallback  stm32f4xx_hal_tim.o
    0x080041b8   0x080041b8   0x0000010c   Code   RO         3373    i.HAL_TIM_PWM_Start  stm32f4xx_hal_tim.o
    0x080042c4   0x080042c4   0x00000018   Code   RO          279    i.HAL_TIM_PeriodElapsedCallback  main.o
    0x080042dc   0x080042dc   0x00000002   Code   RO         3384    i.HAL_TIM_TriggerCallback  stm32f4xx_hal_tim.o
    0x080042de   0x080042de   0x00000002   Code   RO         4286    i.HAL_UARTEx_RxEventCallback  stm32f4xx_hal_uart.o
    0x080042e0   0x080042e0   0x0000008a   Code   RO         4298    i.HAL_UART_DMAStop  stm32f4xx_hal_uart.o
    0x0800436a   0x0800436a   0x00000002   Code   RO         4300    i.HAL_UART_ErrorCallback  stm32f4xx_hal_uart.o
    0x0800436c   0x0800436c   0x000002e0   Code   RO         4303    i.HAL_UART_IRQHandler  stm32f4xx_hal_uart.o
    0x0800464c   0x0800464c   0x00000072   Code   RO         4304    i.HAL_UART_Init     stm32f4xx_hal_uart.o
    0x080046be   0x080046be   0x00000002   PAD
    0x080046c0   0x080046c0   0x00000388   Code   RO          708    i.HAL_UART_MspInit  usart.o
    0x08004a48   0x08004a48   0x00000042   Code   RO         4308    i.HAL_UART_Receive_DMA  stm32f4xx_hal_uart.o
    0x08004a8a   0x08004a8a   0x00000002   Code   RO         4310    i.HAL_UART_RxCpltCallback  stm32f4xx_hal_uart.o
    0x08004a8c   0x08004a8c   0x00000002   Code   RO         4311    i.HAL_UART_RxHalfCpltCallback  stm32f4xx_hal_uart.o
    0x08004a8e   0x08004a8e   0x00000002   Code   RO         4315    i.HAL_UART_TxCpltCallback  stm32f4xx_hal_uart.o
    0x08004a90   0x08004a90   0x00000004   Code   RO          821    i.HardFault_Handler  stm32f4xx_it.o
    0x08004a94   0x08004a94   0x0000003e   Code   RO         2533    i.I2C_IsAcknowledgeFailed  stm32f4xx_hal_i2c.o
    0x08004ad2   0x08004ad2   0x00000002   PAD
    0x08004ad4   0x08004ad4   0x00000160   Code   RO         2544    i.I2C_RequestMemoryRead  stm32f4xx_hal_i2c.o
    0x08004c34   0x08004c34   0x000000e0   Code   RO         2545    i.I2C_RequestMemoryWrite  stm32f4xx_hal_i2c.o
    0x08004d14   0x08004d14   0x0000005c   Code   RO         2553    i.I2C_WaitOnBTFFlagUntilTimeout  stm32f4xx_hal_i2c.o
    0x08004d70   0x08004d70   0x00000086   Code   RO         2554    i.I2C_WaitOnFlagUntilTimeout  stm32f4xx_hal_i2c.o
    0x08004df6   0x08004df6   0x000000c4   Code   RO         2555    i.I2C_WaitOnMasterAddressFlagUntilTimeout  stm32f4xx_hal_i2c.o
    0x08004eba   0x08004eba   0x00000080   Code   RO         2556    i.I2C_WaitOnRXNEFlagUntilTimeout  stm32f4xx_hal_i2c.o
    0x08004f3a   0x08004f3a   0x0000005c   Code   RO         2559    i.I2C_WaitOnTXEFlagUntilTimeout  stm32f4xx_hal_i2c.o
    0x08004f96   0x08004f96   0x00000002   PAD
    0x08004f98   0x08004f98   0x00000148   Code   RO         6447    i.IMU_offset_cali   ins_task.o
    0x080050e0   0x080050e0   0x00000140   Code   RO         6448    i.INS_Task          ins_task.o
    0x08005220   0x08005220   0x00000164   Code   RO         6449    i.Kalman_Fliter     ins_task.o
    0x08005384   0x08005384   0x00000044   Code   RO          480    i.MX_CAN1_Init      can.o
    0x080053c8   0x080053c8   0x00000044   Code   RO          481    i.MX_CAN2_Init      can.o
    0x0800540c   0x0800540c   0x000000c8   Code   RO          522    i.MX_DMA_Init       dma.o
    0x080054d4   0x080054d4   0x0000007c   Code   RO         6129    i.MX_FREERTOS_Init  mx_freertos_init.o
    0x08005550   0x08005550   0x000001d8   Code   RO          404    i.MX_GPIO_Init      gpio.o
    0x08005728   0x08005728   0x0000003c   Code   RO          548    i.MX_I2C3_Init      i2c.o
    0x08005764   0x08005764   0x00000048   Code   RO          590    i.MX_SPI1_Init      spi.o
    0x080057ac   0x080057ac   0x0000006c   Code   RO          634    i.MX_TIM10_Init     tim.o
    0x08005818   0x08005818   0x00000070   Code   RO          635    i.MX_TIM1_Init      tim.o
    0x08005888   0x08005888   0x0000006c   Code   RO          636    i.MX_TIM2_Init      tim.o
    0x080058f4   0x080058f4   0x00000070   Code   RO          637    i.MX_TIM8_Init      tim.o
    0x08005964   0x08005964   0x00000050   Code   RO          638    i.MX_TIM9_Init      tim.o
    0x080059b4   0x080059b4   0x00000038   Code   RO          709    i.MX_USART1_UART_Init  usart.o
    0x080059ec   0x080059ec   0x00000038   Code   RO          710    i.MX_USART3_UART_Init  usart.o
    0x08005a24   0x08005a24   0x00000038   Code   RO          711    i.MX_USART6_UART_Init  usart.o
    0x08005a5c   0x08005a5c   0x000002fc   Code   RO         6451    i.MahonyAHRSupdateIMU  ins_task.o
    0x08005d58   0x08005d58   0x00000004   Code   RO          822    i.MemManage_Handler  stm32f4xx_it.o
    0x08005d5c   0x08005d5c   0x00000004   Code   RO          823    i.NMI_Handler       stm32f4xx_it.o
    0x08005d60   0x08005d60   0x000001f0   Code   RO          765    i.PID_calc          pid_imu.o
    0x08005f50   0x08005f50   0x00000060   Code   RO          767    i.PID_init          pid_imu.o
    0x08005fb0   0x08005fb0   0x0000048c   Code   RO         6358    i.Pitch_task        pitch_task.o
    0x0800643c   0x0800643c   0x0000009c   Code   RO           13    i.RC_init           bsp_rc.o
    0x080064d8   0x080064d8   0x00000010   Code   RO          824    i.SPI1_IRQHandler   stm32f4xx_it.o
    0x080064e8   0x080064e8   0x00000014   Code   RO         3007    i.SPI_DMAAbortOnError  stm32f4xx_hal_spi.o
    0x080064fc   0x080064fc   0x00000028   Code   RO         3008    i.SPI_DMAError      stm32f4xx_hal_spi.o
    0x08006524   0x08006524   0x0000000e   Code   RO         3009    i.SPI_DMAHalfReceiveCplt  stm32f4xx_hal_spi.o
    0x08006532   0x08006532   0x0000000e   Code   RO         3010    i.SPI_DMAHalfTransmitCplt  stm32f4xx_hal_spi.o
    0x08006540   0x08006540   0x0000000e   Code   RO         3011    i.SPI_DMAHalfTransmitReceiveCplt  stm32f4xx_hal_spi.o
    0x0800654e   0x0800654e   0x0000007c   Code   RO         3012    i.SPI_DMAReceiveCplt  stm32f4xx_hal_spi.o
    0x080065ca   0x080065ca   0x00000080   Code   RO         3014    i.SPI_DMATransmitCplt  stm32f4xx_hal_spi.o
    0x0800664a   0x0800664a   0x00000068   Code   RO         3015    i.SPI_DMATransmitReceiveCplt  stm32f4xx_hal_spi.o
    0x080066b2   0x080066b2   0x00000094   Code   RO         3017    i.SPI_EndRxTransaction  stm32f4xx_hal_spi.o
    0x08006746   0x08006746   0x00000002   PAD
    0x08006748   0x08006748   0x0000006c   Code   RO         3018    i.SPI_EndRxTxTransaction  stm32f4xx_hal_spi.o
    0x080067b4   0x080067b4   0x000000d8   Code   RO         3023    i.SPI_WaitFlagStateUntilTimeout  stm32f4xx_hal_spi.o
    0x0800688c   0x0800688c   0x00000018   Code   RO         6596    i.StartDefaultTask  startdefaulttask.o
    0x080068a4   0x080068a4   0x00000034   Code   RO         5929    i.SysTick_Handler   port.o
    0x080068d8   0x080068d8   0x000000b4   Code   RO          280    i.SystemClock_Config  main.o
    0x0800698c   0x0800698c   0x00000014   Code   RO         4643    i.SystemInit        system_stm32f4xx.o
    0x080069a0   0x080069a0   0x00000018   Code   RO          825    i.TIM1_BRK_TIM9_IRQHandler  stm32f4xx_it.o
    0x080069b8   0x080069b8   0x00000010   Code   RO         6041    i.TIM1_UP_TIM10_IRQHandler  time_user.o
    0x080069c8   0x080069c8   0x00000048   Code   RO          826    i.TIM2_IRQHandler   stm32f4xx_it.o
    0x08006a10   0x08006a10   0x00000010   Code   RO          827    i.TIM3_IRQHandler   stm32f4xx_it.o
    0x08006a20   0x08006a20   0x00000010   Code   RO          828    i.TIM8_BRK_TIM12_IRQHandler  stm32f4xx_it.o
    0x08006a30   0x08006a30   0x00000010   Code   RO          829    i.TIM8_UP_TIM13_IRQHandler  stm32f4xx_it.o
    0x08006a40   0x08006a40   0x000000d8   Code   RO         3386    i.TIM_Base_SetConfig  stm32f4xx_hal_tim.o
    0x08006b18   0x08006b18   0x00000022   Code   RO         3387    i.TIM_CCxChannelCmd  stm32f4xx_hal_tim.o
    0x08006b3a   0x08006b3a   0x00000016   Code   RO         3397    i.TIM_ETR_SetConfig  stm32f4xx_hal_tim.o
    0x08006b50   0x08006b50   0x00000012   Code   RO         3398    i.TIM_ITRx_SetConfig  stm32f4xx_hal_tim.o
    0x08006b62   0x08006b62   0x00000002   PAD
    0x08006b64   0x08006b64   0x00000070   Code   RO         3399    i.TIM_OC1_SetConfig  stm32f4xx_hal_tim.o
    0x08006bd4   0x08006bd4   0x0000007c   Code   RO         3400    i.TIM_OC2_SetConfig  stm32f4xx_hal_tim.o
    0x08006c50   0x08006c50   0x00000078   Code   RO         3401    i.TIM_OC3_SetConfig  stm32f4xx_hal_tim.o
    0x08006cc8   0x08006cc8   0x00000054   Code   RO         3402    i.TIM_OC4_SetConfig  stm32f4xx_hal_tim.o
    0x08006d1c   0x08006d1c   0x00000026   Code   RO         3404    i.TIM_TI1_ConfigInputStage  stm32f4xx_hal_tim.o
    0x08006d42   0x08006d42   0x00000028   Code   RO         3406    i.TIM_TI2_ConfigInputStage  stm32f4xx_hal_tim.o
    0x08006d6a   0x08006d6a   0x00000014   Code   RO         4317    i.UART_DMAAbortOnError  stm32f4xx_hal_uart.o
    0x08006d7e   0x08006d7e   0x00000050   Code   RO         4318    i.UART_DMAError     stm32f4xx_hal_uart.o
    0x08006dce   0x08006dce   0x000000b0   Code   RO         4319    i.UART_DMAReceiveCplt  stm32f4xx_hal_uart.o
    0x08006e7e   0x08006e7e   0x00000020   Code   RO         4321    i.UART_DMARxHalfCplt  stm32f4xx_hal_uart.o
    0x08006e9e   0x08006e9e   0x0000006c   Code   RO         4327    i.UART_EndRxTransfer  stm32f4xx_hal_uart.o
    0x08006f0a   0x08006f0a   0x00000020   Code   RO         4328    i.UART_EndTransmit_IT  stm32f4xx_hal_uart.o
    0x08006f2a   0x08006f2a   0x00000026   Code   RO         4329    i.UART_EndTxTransfer  stm32f4xx_hal_uart.o
    0x08006f50   0x08006f50   0x000000f8   Code   RO         4330    i.UART_Receive_IT   stm32f4xx_hal_uart.o
    0x08007048   0x08007048   0x0000022c   Code   RO         4331    i.UART_SetConfig    stm32f4xx_hal_uart.o
    0x08007274   0x08007274   0x000000d0   Code   RO         4332    i.UART_Start_Receive_DMA  stm32f4xx_hal_uart.o
    0x08007344   0x08007344   0x00000060   Code   RO         4334    i.UART_Transmit_IT  stm32f4xx_hal_uart.o
    0x080073a4   0x080073a4   0x0000005c   Code   RO          830    i.USART1_IRQHandler  stm32f4xx_it.o
    0x08007400   0x08007400   0x00000124   Code   RO         6172    i.USART3_IRQHandler  remote_control.o
    0x08007524   0x08007524   0x00000010   Code   RO          831    i.USART6_IRQHandler  stm32f4xx_it.o
    0x08007534   0x08007534   0x00000004   Code   RO          832    i.UsageFault_Handler  stm32f4xx_it.o
    0x08007538   0x08007538   0x00000026   Code   RO         6717    i.__ARM_fpclassifyf  m_wm.l(fpclassifyf.o)
    0x0800755e   0x0800755e   0x00000002   PAD
    0x08007560   0x08007560   0x00000010   Code   RO         2099    i.__NVIC_GetPriorityGrouping  stm32f4xx_hal_cortex.o
    0x08007570   0x08007570   0x00000028   Code   RO         2100    i.__NVIC_SetPriority  stm32f4xx_hal_cortex.o
    0x08007598   0x08007598   0x0000012c   Code   RO         6659    i.__hardfp_asinf    m_wm.l(asinf.o)
    0x080076c4   0x080076c4   0x00000250   Code   RO         6671    i.__hardfp_atan2f   m_wm.l(atan2f.o)
    0x08007914   0x08007914   0x00000006   Code   RO         6720    i.__mathlib_flt_infnan  m_wm.l(funder.o)
    0x0800791a   0x0800791a   0x00000006   Code   RO         6721    i.__mathlib_flt_infnan2  m_wm.l(funder.o)
    0x08007920   0x08007920   0x00000010   Code   RO         6722    i.__mathlib_flt_invalid  m_wm.l(funder.o)
    0x08007930   0x08007930   0x00000010   Code   RO         6725    i.__mathlib_flt_underflow  m_wm.l(funder.o)
    0x08007940   0x08007940   0x00000044   Code   RO         6073    i.can_1_user_init   can_user.o
    0x08007984   0x08007984   0x00000044   Code   RO         6074    i.can_2_user_init   can_user.o
    0x080079c8   0x080079c8   0x000000c4   Code   RO         6075    i.can_rc_forward    can_user.o
    0x08007a8c   0x08007a8c   0x0000014c   Code   RO         6452    i.get_angle         ins_task.o
    0x08007bd8   0x08007bd8   0x000000b8   Code   RO         6453    i.imu_temp_control  ins_task.o
    0x08007c90   0x08007c90   0x0000003c   Code   RO         6454    i.invSqrt           ins_task.o
    0x08007ccc   0x08007ccc   0x00000024   Code   RO         6455    i.ist8310_IIC_read_muli_reg  ins_task.o
    0x08007cf0   0x08007cf0   0x00000028   Code   RO         6456    i.ist8310_IIC_write_single_reg  ins_task.o
    0x08007d18   0x08007d18   0x00000054   Code   RO         6457    i.ist8310_init      ins_task.o
    0x08007d6c   0x08007d6c   0x0000008c   Code   RO         6458    i.ist8310_read_mag  ins_task.o
    0x08007df8   0x08007df8   0x00000084   Code   RO          281    i.main              main.o
    0x08007e7c   0x08007e7c   0x0000000e   Code   RO         5494    i.makeFreeRtosPriority  cmsis_os.o
    0x08007e8a   0x08007e8a   0x00000018   Code   RO         5496    i.osDelay           cmsis_os.o
    0x08007ea2   0x08007ea2   0x0000000a   Code   RO         5499    i.osKernelStart     cmsis_os.o
    0x08007eac   0x08007eac   0x0000005e   Code   RO         5533    i.osThreadCreate    cmsis_os.o
    0x08007f0a   0x08007f0a   0x000000fe   Code   RO          166    i.pid_calc          pid.o
    0x08008008   0x08008008   0x00000016   Code   RO          167    i.pid_init          pid.o
    0x0800801e   0x0800801e   0x00000002   PAD
    0x08008020   0x08008020   0x00000098   Code   RO         5154    i.prvAddCurrentTaskToDelayedList  tasks.o
    0x080080b8   0x080080b8   0x000000b4   Code   RO         5155    i.prvAddNewTaskToReadyList  tasks.o
    0x0800816c   0x0800816c   0x00000048   Code   RO         5156    i.prvCheckTasksWaitingTermination  tasks.o
    0x080081b4   0x080081b4   0x00000050   Code   RO         5157    i.prvDeleteTCB      tasks.o
    0x08008204   0x08008204   0x0000007c   Code   RO         5861    i.prvHeapInit       heap_4.o
    0x08008280   0x08008280   0x00000028   Code   RO         5158    i.prvIdleTask       tasks.o
    0x080082a8   0x080082a8   0x000000be   Code   RO         5159    i.prvInitialiseNewTask  tasks.o
    0x08008366   0x08008366   0x00000002   PAD
    0x08008368   0x08008368   0x00000068   Code   RO         5160    i.prvInitialiseTaskLists  tasks.o
    0x080083d0   0x080083d0   0x00000068   Code   RO         5862    i.prvInsertBlockIntoFreeList  heap_4.o
    0x08008438   0x08008438   0x00000034   Code   RO         5161    i.prvResetNextTaskUnblockTime  tasks.o
    0x0800846c   0x0800846c   0x00000016   Code   RO         5162    i.prvTaskCheckFreeStackSpace  tasks.o
    0x08008482   0x08008482   0x00000002   PAD
    0x08008484   0x08008484   0x00000040   Code   RO         5930    i.prvTaskExitError  port.o
    0x080084c4   0x080084c4   0x0000014c   Code   RO         5863    i.pvPortMalloc      heap_4.o
    0x08008610   0x08008610   0x0000002c   Code   RO         5931    i.pxPortInitialiseStack  port.o
    0x0800863c   0x0800863c   0x00000014   Code   RO         6174    i.remote_control_init  remote_control.o
    0x08008650   0x08008650   0x00000058   Code   RO         6175    i.remote_data_read  remote_control.o
    0x080086a8   0x080086a8   0x00000124   Code   RO         6176    i.sbus_to_rc        remote_control.o
    0x080087cc   0x080087cc   0x00000050   Code   RO         6076    i.send_ins_data_to_a  can_user.o
    0x0800881c   0x0800881c   0x00000074   Code   RO         6177    i.set_motor_voltage  remote_control.o
    0x08008890   0x08008890   0x00000074   Code   RO         6178    i.set_motor_voltage1  remote_control.o
    0x08008904   0x08008904   0x00000028   Code   RO         6392    i.shoot_data_send   friction_task.o
    0x0800892c   0x0800892c   0x00000184   Code   RO         6393    i.shoot_mode_1      friction_task.o
    0x08008ab0   0x08008ab0   0x0000012c   Code   RO         6394    i.shoot_mode_2      friction_task.o
    0x08008bdc   0x08008bdc   0x0000003e   Code   RO         6735    i.sqrtf             m_wm.l(sqrtf.o)
    0x08008c1a   0x08008c1a   0x00000028   Code   RO         4780    i.uxListRemove      list.o
    0x08008c42   0x08008c42   0x00000002   PAD
    0x08008c44   0x08008c44   0x00000028   Code   RO         5168    i.uxTaskGetStackHighWaterMark  tasks.o
    0x08008c6c   0x08008c6c   0x00000018   Code   RO          428    i.vApplicationGetIdleTaskMemory  freertos.o
    0x08008c84   0x08008c84   0x0000001a   Code   RO         4781    i.vListInitialise   list.o
    0x08008c9e   0x08008c9e   0x00000006   Code   RO         4782    i.vListInitialiseItem  list.o
    0x08008ca4   0x08008ca4   0x00000034   Code   RO         4783    i.vListInsert       list.o
    0x08008cd8   0x08008cd8   0x00000018   Code   RO         4784    i.vListInsertEnd    list.o
    0x08008cf0   0x08008cf0   0x00000054   Code   RO         5933    i.vPortEnterCritical  port.o
    0x08008d44   0x08008d44   0x0000003c   Code   RO         5934    i.vPortExitCritical  port.o
    0x08008d80   0x08008d80   0x000000a4   Code   RO         5864    i.vPortFree         heap_4.o
    0x08008e24   0x08008e24   0x00000028   Code   RO         5935    i.vPortSetupTimerInterrupt  port.o
    0x08008e4c   0x08008e4c   0x0000005c   Code   RO         5172    i.vTaskDelay        tasks.o
    0x08008ea8   0x08008ea8   0x000000b0   Code   RO         5185    i.vTaskStartScheduler  tasks.o
    0x08008f58   0x08008f58   0x00000010   Code   RO         5187    i.vTaskSuspendAll   tasks.o
    0x08008f68   0x08008f68   0x0000008c   Code   RO         5188    i.vTaskSwitchContext  tasks.o
    0x08008ff4   0x08008ff4   0x00000168   Code   RO         5937    i.xPortStartScheduler  port.o
    0x0800915c   0x0800915c   0x00000064   Code   RO         5191    i.xTaskCreate       tasks.o
    0x080091c0   0x080091c0   0x000000ba   Code   RO         5192    i.xTaskCreateStatic  tasks.o
    0x0800927a   0x0800927a   0x00000002   PAD
    0x0800927c   0x0800927c   0x00000148   Code   RO         5199    i.xTaskIncrementTick  tasks.o
    0x080093c4   0x080093c4   0x00000104   Code   RO         5205    i.xTaskResumeAll    tasks.o
    0x080094c8   0x080094c8   0x00000018   Code   RO         6635    x$fpl$basic         fz_wm.l(basic.o)
    0x080094e0   0x080094e0   0x00000062   Code   RO         6637    x$fpl$d2f           fz_wm.l(d2f.o)
    0x08009542   0x08009542   0x00000002   PAD
    0x08009544   0x08009544   0x00000150   Code   RO         6639    x$fpl$dadd          fz_wm.l(daddsub_clz.o)
    0x08009694   0x08009694   0x000002b0   Code   RO         6646    x$fpl$ddiv          fz_wm.l(ddiv.o)
    0x08009944   0x08009944   0x0000002e   Code   RO         6650    x$fpl$dflt          fz_wm.l(dflt_clz.o)
    0x08009972   0x08009972   0x00000002   PAD
    0x08009974   0x08009974   0x00000154   Code   RO         6655    x$fpl$dmul          fz_wm.l(dmul.o)
    0x08009ac8   0x08009ac8   0x0000009c   Code   RO         6706    x$fpl$dnaninf       fz_wm.l(dnaninf.o)
    0x08009b64   0x08009b64   0x0000000c   Code   RO         6708    x$fpl$dretinf       fz_wm.l(dretinf.o)
    0x08009b70   0x08009b70   0x000001d4   Code   RO         6641    x$fpl$dsub          fz_wm.l(daddsub_clz.o)
    0x08009d44   0x08009d44   0x00000056   Code   RO         6657    x$fpl$f2d           fz_wm.l(f2d.o)
    0x08009d9a   0x08009d9a   0x0000008c   Code   RO         6712    x$fpl$fnaninf       fz_wm.l(fnaninf.o)
    0x08009e26   0x08009e26   0x0000000a   Code   RO         6854    x$fpl$fpinit        fz_wm.l(fpinit.o)
    0x08009e30   0x08009e30   0x0000000a   Code   RO         6714    x$fpl$fretinf       fz_wm.l(fretinf.o)
    0x08009e3a   0x08009e3a   0x00000000   Code   RO         6716    x$fpl$usenofp       fz_wm.l(usenofp.o)
    0x08009e3a   0x08009e3a   0x00000008   Data   RO         1816    .constdata          stm32f4xx_hal_dma.o
    0x08009e42   0x08009e42   0x00000018   Data   RO         4644    .constdata          system_stm32f4xx.o
    0x08009e5a   0x08009e5a   0x00000002   PAD
    0x08009e5c   0x08009e5c   0x00000070   Data   RO         6130    .constdata          mx_freertos_init.o
    0x08009ecc   0x08009ecc   0x0000000c   Data   RO         6460    .constdata          ins_task.o
    0x08009ed8   0x08009ed8   0x0000002c   Data   RO         6131    .conststring        mx_freertos_init.o
    0x08009f04   0x08009f04   0x00000020   Data   RO         6910    Region$$Table       anon$$obj.o


    Execution Region RW_IRAM1 (Exec base: 0x20000000, Load base: 0x08009f24, Size: 0x00005550, Max: 0x0001c000, ABSOLUTE, COMPRESSED[0x00000038])

    Exec Addr    Load Addr    Size         Type   Attr      Idx    E Section Name        Object

    0x20000000   COMPRESSED   0x000000f4   Data   RW          283    .data               main.o
    0x200000f4   COMPRESSED   0x00000004   Data   RW          482    .data               can.o
    0x200000f8   COMPRESSED   0x00000009   Data   RW         2248    .data               stm32f4xx_hal.o
    0x20000101   COMPRESSED   0x00000003   PAD
    0x20000104   COMPRESSED   0x00000004   Data   RW         4645    .data               system_stm32f4xx.o
    0x20000108   COMPRESSED   0x0000003c   Data   RW         5208    .data               tasks.o
    0x20000144   COMPRESSED   0x00000020   Data   RW         5870    .data               heap_4.o
    0x20000164   COMPRESSED   0x0000000c   Data   RW         5938    .data               port.o
    0x20000170   COMPRESSED   0x00000028   Data   RW         6078    .data               can_user.o
    0x20000198   COMPRESSED   0x00000018   Data   RW         6132    .data               mx_freertos_init.o
    0x200001b0   COMPRESSED   0x00000008   Data   RW         6180    .data               remote_control.o
    0x200001b8   COMPRESSED   0x00000010   Data   RW         6360    .data               pitch_task.o
    0x200001c8   COMPRESSED   0x00000004   Data   RW         6395    .data               friction_task.o
    0x200001cc   COMPRESSED   0x00000033   Data   RW         6461    .data               ins_task.o
    0x200001ff   COMPRESSED   0x00000001   PAD
    0x20000200        -       0x00000438   Zero   RW          282    .bss                main.o
    0x20000638        -       0x00000254   Zero   RW          429    .bss                freertos.o
    0x2000088c        -       0x00000054   Zero   RW          549    .bss                i2c.o
    0x200008e0        -       0x00000118   Zero   RW          591    .bss                spi.o
    0x200009f8        -       0x00000168   Zero   RW          639    .bss                tim.o
    0x20000b60        -       0x0000030c   Zero   RW          712    .bss                usart.o
    0x20000e6c        -       0x00000048   Zero   RW         1027    .bss                stm32f4xx_hal_timebase_tim.o
    0x20000eb4        -       0x000000f0   Zero   RW         5207    .bss                tasks.o
    0x20000fa4        -       0x00003c00   Zero   RW         5869    .bss                heap_4.o
    0x20004ba4        -       0x00000072   Zero   RW         6077    .bss                can_user.o
    0x20004c16        -       0x000000c2   Zero   RW         6179    .bss                remote_control.o
    0x20004cd8        -       0x0000016c   Zero   RW         6359    .bss                pitch_task.o
    0x20004e44        -       0x000000a8   Zero   RW         6459    .bss                ins_task.o
    0x20004eec        -       0x00000060   Zero   RW         6770    .bss                c_w.l(libspace.o)
    0x20004f4c   COMPRESSED   0x00000004   PAD
    0x20004f50        -       0x00000200   Zero   RW            2    HEAP                startup_stm32f407xx.o
    0x20005150        -       0x00000400   Zero   RW            1    STACK               startup_stm32f407xx.o


    Execution Region RW_IRAM2 (Exec base: 0x2001c000, Load base: 0x08009f5c, Size: 0x00000000, Max: 0x00004000, ABSOLUTE)

    **** No section assigned to this execution region ****


==============================================================================

Image component sizes


      Code (inc. data)   RO Data    RW Data    ZI Data      Debug   Object Name

       156         14          0          0          0       7274   bsp_rc.o
       520         44          0          4          0       2540   can.o
       692         50          0         40        114       4772   can_user.o
       142          0          0          0          0      23187   cmsis_os.o
       200          6          0          0          0        910   dma.o
         0          0          0          0          0      16936   event_groups.o
        24         10          0          0        596       6148   freertos.o
       766         90          0          4          0       2832   friction_task.o
       472         24          0          0          0       1255   gpio.o
        20          4          0          0          0        597   gpio_user.o
       724         74          0         32      15360       7583   heap_4.o
       260         30          0          0         84       1821   i2c.o
      3708        242         12         51        168      15819   ins_task.o
       148          0          0          0          0       3706   list.o
       342         28          0        244       1080      36370   main.o
       124         22        156         24          0       1924   mx_freertos_init.o
       276          0          0          0          0     716381   pid.o
       592          8          0          0          0       2458   pid_imu.o
      1164         94          0         16        364       5577   pitch_task.o
       894         78          0         12          0      11404   port.o
      1012         88          0          8        194     609457   remote_control.o
       432         38          0          0        280       2035   spi.o
        24          4          0          0          0        567   startdefaulttask.o
        64         26        392          0       1536        900   startup_stm32f407xx.o
       136         24          0          9          0       8898   stm32f4xx_hal.o
      2134          6          0          0          0      14807   stm32f4xx_hal_can.o
       252         22          0          0          0      33818   stm32f4xx_hal_cortex.o
      1436         16          8          0          0       7246   stm32f4xx_hal_dma.o
       540         50          0          0          0       2839   stm32f4xx_hal_gpio.o
      2856         46          0          0          0      11970   stm32f4xx_hal_i2c.o
        84          6          0          0          0        910   stm32f4xx_hal_msp.o
      1888         94          0          0          0       6473   stm32f4xx_hal_rcc.o
      3322         68          0          0          0      21176   stm32f4xx_hal_spi.o
      2392        142          0          0          0      16980   stm32f4xx_hal_tim.o
       184         30          0          0          0       2593   stm32f4xx_hal_tim_ex.o
       180         20          0          0         72       1539   stm32f4xx_hal_timebase_tim.o
      2658         26          0          0          0      15969   stm32f4xx_hal_uart.o
       512        144          0          0          0      15995   stm32f4xx_it.o
         0          0          0          0          0        384   stream_buffer.o
        20          6         24          4          0       1199   system_stm32f4xx.o
      2230        276          0         60        240      22315   tasks.o
       936         76          0          0        360       5330   tim.o
        16          6          0          0          0        543   time_user.o
      1072         98          0          0        780       3834   usart.o

    ----------------------------------------------------------------------
     35642       2130        626        512      21228    1677271   Object Totals
         0          0         32          0          0          0   (incl. Generated)
        38          0          2          4          0          0   (incl. Padding)

    ----------------------------------------------------------------------

      Code (inc. data)   RO Data    RW Data    ZI Data      Debug   Library Member Name

        90          0          0          0          0          0   __dczerorl2.o
         8          0          0          0          0         68   __main.o
         0          0          0          0          0          0   __rtentry.o
        12          0          0          0          0          0   __rtentry2.o
         6          0          0          0          0          0   __rtentry4.o
        52          8          0          0          0          0   __scatter.o
        28          0          0          0          0          0   __scatter_zi.o
        22          0          0          0          0        100   _rserrno.o
        16          0          0          0          0         68   aeabi_memset.o
        18          0          0          0          0         80   exit.o
         6          0          0          0          0        152   heapauxi.o
         0          0          0          0          0          0   indicate_semi.o
         2          0          0          0          0          0   libinit.o
         6          0          0          0          0          0   libinit2.o
         2          0          0          0          0          0   libshutdown.o
         2          0          0          0          0          0   libshutdown2.o
         8          4          0          0         96         68   libspace.o
       238          0          0          0          0        100   lludivv7m.o
         8          4          0          0          0         68   rt_errno_addr_intlibspace.o
        68          0          0          0          0         68   rt_memclr.o
        78          0          0          0          0         80   rt_memclr_w.o
       138          0          0          0          0         68   rt_memcpy_v6.o
       100          0          0          0          0         80   rt_memcpy_w.o
         2          0          0          0          0          0   rtexit.o
        10          0          0          0          0          0   rtexit2.o
        12          4          0          0          0         68   sys_exit.o
        74          0          0          0          0         80   sys_stackheap_outer.o
         2          0          0          0          0         68   use_no_semi.o
        24          0          0          0          0        164   basic.o
        98          4          0          0          0        140   d2f.o
       804         16          0          0          0        368   daddsub_clz.o
       688        140          0          0          0        256   ddiv.o
        46          0          0          0          0        116   dflt_clz.o
       340         12          0          0          0        152   dmul.o
       156          4          0          0          0        140   dnaninf.o
        12          0          0          0          0        116   dretinf.o
        86          4          0          0          0        132   f2d.o
       140          4          0          0          0        132   fnaninf.o
        10          0          0          0          0        116   fpinit.o
        10          0          0          0          0        116   fretinf.o
         0          0          0          0          0          0   usenofp.o
       300         42          0          0          0        176   asinf.o
       592         90          0          0          0        184   atan2f.o
        38          0          0          0          0        116   fpclassifyf.o
        44         12          0          0          0        464   funder.o
        62          0          0          0          0        136   sqrtf.o

    ----------------------------------------------------------------------
      4472        348          0          0        100       4240   Library Totals
        14          0          0          0          4          0   (incl. Padding)

    ----------------------------------------------------------------------

      Code (inc. data)   RO Data    RW Data    ZI Data      Debug   Library Name

      1008         20          0          0         96       1216   c_w.l
      2414        184          0          0          0       1948   fz_wm.l
      1036        144          0          0          0       1076   m_wm.l

    ----------------------------------------------------------------------
      4472        348          0          0        100       4240   Library Totals

    ----------------------------------------------------------------------

==============================================================================


      Code (inc. data)   RO Data    RW Data    ZI Data      Debug   

     40114       2478        626        512      21328    1653139   Grand Totals
     40114       2478        626         56      21328    1653139   ELF Image Totals (compressed)
     40114       2478        626         56          0          0   ROM Totals

==============================================================================

    Total RO  Size (Code + RO Data)                40740 (  39.79kB)
    Total RW  Size (RW Data + ZI Data)             21840 (  21.33kB)
    Total ROM Size (Code + RO Data + RW Data)      40796 (  39.84kB)

==============================================================================

