<html>
<body>
<pre>
<h1>礦ision Build Log</h1>
<h2>Tool Versions:</h2>
IDE-Version: μVision V5.25.3.0
Copyright (C) 2018 ARM Ltd and ARM Germany GmbH. All rights reserved.
License Information: Long Cup, ye, LIC=Z3C6R-KJRCR-GQ70H-WUEXJ-QD6A0-4QKNA
 
Tool Versions:
Toolchain:       MDK-ARM Professional  Version: 5.18
Toolchain Path:  D:\keil\ARM\ARMCC\Bin
C Compiler:      Armcc.exe V5.06 update 1 (build 61)
Assembler:       Armasm.exe V5.06 update 1 (build 61)
Linker/Locator:  ArmLink.exe V5.06 update 1 (build 61)
Library Manager: ArmAr.exe V5.06 update 1 (build 61)
Hex Converter:   FromElf.exe V5.06 update 1 (build 61)
CPU DLL:         SARMCM3.DLL V5.18
Dialog DLL:      DCM.DLL V1.13.6.0
Target DLL:      STLink\ST-LINKIII-KEIL_SWO.dll V2.0.18.0
Dialog DLL:      TCM.DLL V1.14.8.0
 
<h2>Project:</h2>
C:\Users\19668\Desktop\五号Beta 0.29(pitch键鼠待验证，摩擦轮拨盘正常）\重生之我有摩擦轮\YX_UP\MDK-ARM\YX_UP.uvprojx
Project File Date:  04/24/2023

<h2>Output:</h2>
*** Using Compiler 'V5.06 update 1 (build 61)', folder: 'D:\keil\ARM\ARMCC\Bin'
Build target 'YX_UP'
compiling Pitch_task.c...
../Drivers/CMSIS/Device/ST/STM32F4xx/Include/stm32f407xx.h(51): warning:  #47-D: incompatible redefinition of macro "__FPU_PRESENT"
  #define __FPU_PRESENT             1U       /*!< FPU present                                   */
../Drivers/CMSIS/Include/core_cm4.h(79): warning:  #47-D: incompatible redefinition of macro "__FPU_USED"
        #define __FPU_USED       1U
..\User\PotocaLayer\remote_control.h(64): warning:  #1295-D: Deprecated declaration Get_minipc - give arg types
  extern void Get_minipc();
../User/PID.h(16): warning:  #1-D: last line of file ends without a newline
  							
..\User\Task\INS_task.h(78): warning:  #1-D: last line of file ends without a newline
  #endif
..\User\Task\Pitch_task.c(32): warning:  #1295-D: Deprecated declaration gimbal_init - give arg types
  static void gimbal_init();	
..\User\Task\Pitch_task.c(35): warning:  #1295-D: Deprecated declaration gimbal_judge - give arg types
  static 
ool gimbal_judge();	
..\User\Task\Pitch_task.c(38): warning:  #1295-D: Deprecated declaration gimbal_read_imu - give arg types
  static void gimbal_read_imu();
..\User\Task\Pitch_task.c(41): warning:  #1295-D: Deprecated declaration gimbal_choice - give arg types
  static void gimbal_choice();
..\User\Task\Pitch_task.c(44): warning:  #1295-D: Deprecated declaration gimbal_mode_1 - give arg types
  static void gimbal_mode_1();
..\User\Task\Pitch_task.c(45): warning:  #1295-D: Deprecated declaration gimbal_mode_2 - give arg types
  static void gimbal_mode_2();
..\User\Task\Pitch_task.c(48): warning:  #1295-D: Deprecated declaration gimbal_can_send - give arg types
  static void gimbal_can_send();
..\User\Task\Pitch_task.c(51): warning:  #1295-D: Deprecated declaration gimbal_imu_limit - give arg types
  static void gimbal_imu_limit();
..\User\Task\Pitch_task.c(54): warning:  #1295-D: Deprecated declaration gimbal_imu_limit_2 - give arg types
  static void gimbal_imu_limit_2();
..\User\Task\Pitch_task.c(57): warning:  #1295-D: Deprecated declaration gimbal_mouse - give arg types
  static void gimbal_mouse();
..\User\Task\Pitch_task.c(60): warning:  #1295-D: Deprecated declaration gimbal_minipc_control - give arg types
  static void gimbal_minipc_control();
..\User\Task\Pitch_task.c(143): warning:  #1-D: last line of file ends without a newline
  }
..\User\Task\Pitch_task.c(32): warning:  #177-D: function "gimbal_init" was declared but never referenced
  static void gimbal_init();	
..\User\Task\Pitch_task.c(35): warning:  #177-D: function "gimbal_judge" was declared but never referenced
  static bool gimbal_judge();	
..\User\Task\Pitch_task.c(38): warning:  #177-D: function "gimbal_read_imu" was declared but never referenced
  static void gimbal_read_imu();
..\User\Task\Pitch_task.c(41): warning:  #177-D: function "gimbal_choice" was declared but never referenced
  static void gimbal_choice();
..\User\Task\Pitch_task.c(44): warning:  #177-D: function "gimbal_mode_1" was declared but never referenced
  static void gimbal_mode_1();
..\User\Task\Pitch_task.c(45): warning:  #177-D: function "gimbal_mode_2" was declared but never referenced
  static void gimbal_mode_2();
..\User\Task\Pitch_task.c(48): warning:  #177-D: function "gimbal_can_send" was declared but never referenced
  static void gimbal_can_send();
..\User\Task\Pitch_task.c(51): warning:  #177-D: function "gimbal_imu_limit" was declared but never referenced
  static void gimbal_imu_limit();
..\User\Task\Pitch_task.c(54): warning:  #177-D: function "gimbal_imu_limit_2" was declared but never referenced
  static void gimbal_imu_limit_2();
..\User\Task\Pitch_task.c(57): warning:  #177-D: function "gimbal_mouse" was declared but never referenced
  static void gimbal_mouse();
..\User\Task\Pitch_task.c(60): warning:  #177-D: function "gimbal_minipc_control" was declared but never referenced
  static void gimbal_minipc_control();
..\User\Task\Pitch_task.c: 28 warnings, 0 errors
linking...
Program Size: Code=40114 RO-data=626 RW-data=512 ZI-data=21328  
FromELF: creating hex file...
"YX_UP\YX_UP.axf" - 0 Error(s), 28 Warning(s).

<h2>Software Packages used:</h2>

Package Vendor: ARM
                http://www.keil.com/pack/ARM.CMSIS.4.5.0.pack
                ARM.CMSIS.4.5.0
                CMSIS (Cortex Microcontroller Software Interface Standard)
   * Component: CORE Version: 4.3.0

Package Vendor: Keil
                http://www.keil.com/pack/Keil.STM32F4xx_DFP.2.14.0.pack
                Keil.STM32F4xx_DFP.2.14.0
                STMicroelectronics STM32F4 Series Device Support, Drivers and Examples

<h2>Collection of Component include folders:</h2>
  .\RTE\_YX_UP
  D:\keil\ARM\PACK\ARM\CMSIS\4.5.0\CMSIS\Include
  D:\keil\ARM\PACK\Keil\STM32F4xx_DFP\2.14.0\Drivers\CMSIS\Device\ST\STM32F4xx\Include

<h2>Collection of Component Files used:</h2>

   * Component: ARM::CMSIS:CORE:4.3.0
Build Time Elapsed:  00:00:28
</pre>
</body>
</html>
