<html>
<body>
<pre>
<h1>µVision Build Log</h1>
<h2>Tool Versions:</h2>
IDE-Version: ¦ÌVision V5.24.2.0
Copyright (C) 2017 ARM Ltd and ARM Germany GmbH. All rights reserved.
License Information: A WRtidE, A, LIC=ZB4EI-T5ENT-2Z8W4-FXTPG-57IGT-RIR3M
 
Tool Versions:
Toolchain:       MDK-ARM Plus  Version: 5.24.1
Toolchain Path:  F:\DownLoad\Keil5\ARM\ARMCC\Bin
C Compiler:      Armcc.exe V5.06 update 5 (build 528)
Assembler:       Armasm.exe V5.06 update 5 (build 528)
Linker/Locator:  ArmLink.exe V5.06 update 5 (build 528)
Library Manager: ArmAr.exe V5.06 update 5 (build 528)
Hex Converter:   FromElf.exe V5.06 update 5 (build 528)
CPU DLL:         SARMCM3.DLL V5.24.1
Dialog DLL:      DCM.DLL V1.16.0.0
Target DLL:      STLink\ST-LINKIII-KEIL_SWO.dll V3.0.1.0
Dialog DLL:      TCM.DLL V1.32.0.0
 
<h2>Project:</h2>
C:\Users\WRtidE\Desktop\gimbal_board_c\MDK-ARM\YX_UP.uvprojx
Project File Date:  05/23/2023

<h2>Output:</h2>
*** Using Compiler 'V5.06 update 5 (build 528)', folder: 'F:\DownLoad\Keil5\ARM\ARMCC\Bin'
Build target 'YX_UP'
compiling Pitch_task.c...
../Drivers/CMSIS/Device/ST/STM32F4xx/Include/stm32f407xx.h(51): warning:  #47-D: incompatible redefinition of macro "__FPU_PRESENT" 
  #define __FPU_PRESENT             1U       /*!< FPU present                                   */
../Drivers/CMSIS/Include/core_cm4.h(79): warning:  #47-D: incompatible redefinition of macro "__FPU_USED" 
        #define __FPU_USED       1U
..\User\PotocaLayer\remote_control.h(68): warning:  #1295-D: Deprecated declaration Get_minipc - give arg types
  extern void Get_minipc();
../User/PID.h(17): warning:  #1-D: last line of file ends without a newline
  							
..\User\Task\INS_task.h(78): warning:  #1-D: last line of file ends without a newline
  #endif
..\User\Task\Pitch_task.c(32): warning:  #1295-D: Deprecated declaration gimbal_init - give arg types
  static void gimbal_init();	
..\User\Task\Pitch_task.c(35): warning:  #1295-D: Deprecated declaration gimbal_read_imu - give arg types
  static void gimbal_read_imu();
..\User\Task\Pitch_task.c(38): warning:  #1295-D: Deprecated declaration gimbal_mode_1 - give arg types
  static void gimbal_mode_1();
..\User\Task\Pitch_task.c(39): warning:  #1295-D: Deprecated declaration gimbal_mode_2 - give arg types
  static void gimbal_mode_2();
..\User\Task\Pitch_task.c(42): warning:  #1295-D: Deprecated declaration gimbal_calc_and_send - give arg types
  static void gimbal_calc_and_send();
..\User\Task\Pitch_task.c(45): warning:  #1295-D: Deprecated declaration auto_aim - give arg types
  static void auto_aim();
..\User\Task\Pitch_task.c(48): warning:  #1295-D: Deprecated declaration err_calc - give arg types
  static void err_calc();
..\User\Task\Pitch_task.c(72): warning:  #111-D: statement is unreachable
  	osDelay(1);
..\User\Task\Pitch_task.c(93): warning:  #1035-D: single-precision operand implicitly converted to double-precision
  		pitch_target_angle = motor_info[4].rotor_angle - Pitch_minipc_fp/360.0 * 8191; 
..\User\Task\Pitch_task.c(35): warning:  #177-D: function "gimbal_read_imu"  was declared but never referenced
  static void gimbal_read_imu();
..\User\Task\Pitch_task.c(39): warning:  #177-D: function "gimbal_mode_2"  was declared but never referenced
  static void gimbal_mode_2();
..\User\Task\Pitch_task.c: 16 warnings, 0 errors
linking...
Program Size: Code=41386 RO-data=638 RW-data=684 ZI-data=21180  
FromELF: creating hex file...
"YX_UP\YX_UP.axf" - 0 Error(s), 16 Warning(s).

<h2>Software Packages used:</h2>

Package Vendor: ARM
                http://www.keil.com/pack/ARM.CMSIS.5.0.1.pack
                ARM.CMSIS.5.0.1
                CMSIS (Cortex Microcontroller Software Interface Standard)
   * Component: CORE Version: 5.0.1

Package Vendor: Keil
                http://www.keil.com/pack/Keil.STM32F4xx_DFP.2.16.0.pack
                Keil.STM32F4xx_DFP.2.16.0
                STMicroelectronics STM32F4 Series Device Support, Drivers and Examples

<h2>Collection of Component include folders:</h2>
  .\RTE\_YX_UP
  F:\DownLoad\Keil5\ARM\PACK\ARM\CMSIS\5.0.1\CMSIS\Include
  F:\DownLoad\Keil5\ARM\PACK\Keil\STM32F4xx_DFP\2.16.0\Drivers\CMSIS\Device\ST\STM32F4xx\Include

<h2>Collection of Component Files used:</h2>

   * Component: ARM::CMSIS:CORE:5.0.1
Build Time Elapsed:  00:00:03
</pre>
</body>
</html>
