<html>
<body>
<pre>
<h1>礦ision Build Log</h1>
<h2>Tool Versions:</h2>
IDE-Version: μVision V5.24.2.0
Copyright (C) 2017 ARM Ltd and ARM Germany GmbH. All rights reserved.
License Information: A WRtidE, A, LIC=ZB4EI-T5ENT-2Z8W4-FXTPG-57IGT-RIR3M
 
Tool Versions:
Toolchain:       MDK-ARM Plus  Version: 5.24.1
Toolchain Path:  F:\DownLoad\Keil5\ARM\ARMCC\Bin
C Compiler:      Armcc.exe V5.06 update 5 (build 528)
Assembler:       Armasm.exe V5.06 update 5 (build 528)
Linker/Locator:  ArmLink.exe V5.06 update 5 (build 528)
Library Manager: ArmAr.exe V5.06 update 5 (build 528)
Hex Converter:   FromElf.exe V5.06 update 5 (build 528)
CPU DLL:         SARMCM3.DLL V5.24.1
Dialog DLL:      DCM.DLL V1.16.0.0
Target DLL:      STLink\ST-LINKIII-KEIL_SWO.dll V3.0.1.0
Dialog DLL:      TCM.DLL V1.32.0.0
 
<h2>Project:</h2>
C:\Users\WRtidE\Desktop\2023超级对抗赛五号\chassis_board_c\MDK-ARM\YX_down.uvprojx
Project File Date:  05/23/2023

<h2>Output:</h2>
*** Using Compiler 'V5.06 update 5 (build 528)', folder: 'F:\DownLoad\Keil5\ARM\ARMCC\Bin'
Build target 'YX_down'
compiling Yaw_task.c...
../User/DriverLayer/drv_can.h(70): warning:  #1-D: last line of file ends without a newline
  #endif
../User/PotocaLayer/rc_potocal.h(55): warning:  #1-D: last line of file ends without a newline
  //#endif
../Drivers/CMSIS/Device/ST/STM32F4xx/Include/stm32f407xx.h(51): warning:  #47-D: incompatible redefinition of macro "__FPU_PRESENT" 
  #define __FPU_PRESENT             1U       /*!< FPU present                                   */
../Drivers/CMSIS/Include/core_cm4.h(79): warning:  #47-D: incompatible redefinition of macro "__FPU_USED" 
        #define __FPU_USED       1U
../User/Task/INS_task.h(78): warning:  #1-D: last line of file ends without a newline
  #endif
../User/DriverLayer/drv_can.h(70): warning:  #1-D: last line of file ends without a newline
  #endif
../User/PotocaLayer/rc_potocal.h(55): warning:  #1-D: last line of file ends without a newline
  //#endif
..\User\Task\Yaw_task.h(25): warning:  #1-D: last line of file ends without a newline
  #endif
..\User\Task\Yaw_task.c(58): warning:  #1295-D: Deprecated declaration Yaw_init - give arg types
  static void Yaw_init();	
..\User\Task\Yaw_task.c(60): warning:  #1295-D: Deprecated declaration Yaw_read_imu - give arg types
  static void Yaw_read_imu();
..\User\Task\Yaw_task.c(62): warning:  #1295-D: Deprecated declaration Yaw_mode_1 - give arg types
  static void Yaw_mode_1();
..\User\Task\Yaw_task.c(64): warning:  #1295-D: Deprecated declaration Yaw_calc_and_send - give arg types
  static void Yaw_calc_and_send();
..\User\Task\Yaw_task.c(66): warning:  #1295-D: Deprecated declaration auto_aim - give arg types
  static void auto_aim();
..\User\Task\Yaw_task.c(68): warning:  #1295-D: Deprecated declaration start_check - give arg types
  static void start_check();
..\User\Task\Yaw_task.c(111): warning:  #1035-D: single-precision operand implicitly converted to double-precision
  	ins_gyro  = -(ins_data1.gyro[2] / 100.f  - 30.f) * 19.8;
..\User\Task\Yaw_task.c(68): warning:  #177-D: function "start_check"  was declared but never referenced
  static void start_check();
..\User\Task\Yaw_task.c: 16 warnings, 0 errors
linking...
Program Size: Code=40608 RO-data=1756 RW-data=568 ZI-data=21928  
FromELF: creating hex file...
"YX_down\YX_down.axf" - 0 Error(s), 16 Warning(s).

<h2>Software Packages used:</h2>

Package Vendor: ARM
                http://www.keil.com/pack/ARM.CMSIS.5.0.1.pack
                ARM.CMSIS.5.0.1
                CMSIS (Cortex Microcontroller Software Interface Standard)
   * Component: CORE Version: 5.0.1

Package Vendor: Keil
                http://www.keil.com/pack/Keil.STM32F4xx_DFP.2.16.0.pack
                Keil.STM32F4xx_DFP.2.16.0
                STMicroelectronics STM32F4 Series Device Support, Drivers and Examples

<h2>Collection of Component include folders:</h2>
  .\RTE\_YX_down
  F:\DownLoad\Keil5\ARM\PACK\ARM\CMSIS\5.0.1\CMSIS\Include
  F:\DownLoad\Keil5\ARM\PACK\Keil\STM32F4xx_DFP\2.16.0\Drivers\CMSIS\Device\ST\STM32F4xx\Include

<h2>Collection of Component Files used:</h2>

   * Component: ARM::CMSIS:CORE:5.0.1
Build Time Elapsed:  00:00:03
</pre>
</body>
</html>
