Component: ARM Compiler 5.06 update 1 (build 61) Tool: armlink [4d35a8]

==============================================================================

Section Cross References

    startup_stm32f407xx.o(STACK) refers (Special) to heapauxi.o(.text) for __use_two_region_memory
    startup_stm32f407xx.o(HEAP) refers (Special) to heapauxi.o(.text) for __use_two_region_memory
    startup_stm32f407xx.o(RESET) refers (Special) to heapauxi.o(.text) for __use_two_region_memory
    startup_stm32f407xx.o(RESET) refers to startup_stm32f407xx.o(STACK) for __initial_sp
    startup_stm32f407xx.o(RESET) refers to startup_stm32f407xx.o(.text) for Reset_Handler
    startup_stm32f407xx.o(RESET) refers to stm32f4xx_it.o(i.NMI_Handler) for NMI_Handler
    startup_stm32f407xx.o(RESET) refers to stm32f4xx_it.o(i.HardFault_Handler) for HardFault_Handler
    startup_stm32f407xx.o(RESET) refers to stm32f4xx_it.o(i.MemManage_Handler) for MemManage_Handler
    startup_stm32f407xx.o(RESET) refers to stm32f4xx_it.o(i.BusFault_Handler) for BusFault_Handler
    startup_stm32f407xx.o(RESET) refers to stm32f4xx_it.o(i.UsageFault_Handler) for UsageFault_Handler
    startup_stm32f407xx.o(RESET) refers to port.o(.emb_text) for SVC_Handler
    startup_stm32f407xx.o(RESET) refers to stm32f4xx_it.o(i.DebugMon_Handler) for DebugMon_Handler
    startup_stm32f407xx.o(RESET) refers to port.o(i.SysTick_Handler) for SysTick_Handler
    startup_stm32f407xx.o(RESET) refers to stm32f4xx_it.o(i.EXTI3_IRQHandler) for EXTI3_IRQHandler
    startup_stm32f407xx.o(RESET) refers to stm32f4xx_it.o(i.EXTI4_IRQHandler) for EXTI4_IRQHandler
    startup_stm32f407xx.o(RESET) refers to stm32f4xx_it.o(i.DMA1_Stream1_IRQHandler) for DMA1_Stream1_IRQHandler
    startup_stm32f407xx.o(RESET) refers to stm32f4xx_it.o(i.DMA1_Stream3_IRQHandler) for DMA1_Stream3_IRQHandler
    startup_stm32f407xx.o(RESET) refers to stm32f4xx_it.o(i.CAN1_TX_IRQHandler) for CAN1_TX_IRQHandler
    startup_stm32f407xx.o(RESET) refers to stm32f4xx_it.o(i.CAN1_RX0_IRQHandler) for CAN1_RX0_IRQHandler
    startup_stm32f407xx.o(RESET) refers to stm32f4xx_it.o(i.EXTI9_5_IRQHandler) for EXTI9_5_IRQHandler
    startup_stm32f407xx.o(RESET) refers to stm32f4xx_it.o(i.TIM1_BRK_TIM9_IRQHandler) for TIM1_BRK_TIM9_IRQHandler
    startup_stm32f407xx.o(RESET) refers to stm32f4xx_it.o(i.TIM1_UP_TIM10_IRQHandler) for TIM1_UP_TIM10_IRQHandler
    startup_stm32f407xx.o(RESET) refers to stm32f4xx_it.o(i.TIM2_IRQHandler) for TIM2_IRQHandler
    startup_stm32f407xx.o(RESET) refers to stm32f4xx_it.o(i.TIM3_IRQHandler) for TIM3_IRQHandler
    startup_stm32f407xx.o(RESET) refers to stm32f4xx_it.o(i.SPI1_IRQHandler) for SPI1_IRQHandler
    startup_stm32f407xx.o(RESET) refers to stm32f4xx_it.o(i.USART1_IRQHandler) for USART1_IRQHandler
    startup_stm32f407xx.o(RESET) refers to stm32f4xx_it.o(i.USART3_IRQHandler) for USART3_IRQHandler
    startup_stm32f407xx.o(RESET) refers to stm32f4xx_it.o(i.TIM8_BRK_TIM12_IRQHandler) for TIM8_BRK_TIM12_IRQHandler
    startup_stm32f407xx.o(RESET) refers to stm32f4xx_it.o(i.TIM8_UP_TIM13_IRQHandler) for TIM8_UP_TIM13_IRQHandler
    startup_stm32f407xx.o(RESET) refers to stm32f4xx_it.o(i.DMA2_Stream0_IRQHandler) for DMA2_Stream0_IRQHandler
    startup_stm32f407xx.o(RESET) refers to stm32f4xx_it.o(i.DMA2_Stream1_IRQHandler) for DMA2_Stream1_IRQHandler
    startup_stm32f407xx.o(RESET) refers to stm32f4xx_it.o(i.DMA2_Stream2_IRQHandler) for DMA2_Stream2_IRQHandler
    startup_stm32f407xx.o(RESET) refers to stm32f4xx_it.o(i.DMA2_Stream3_IRQHandler) for DMA2_Stream3_IRQHandler
    startup_stm32f407xx.o(RESET) refers to stm32f4xx_it.o(i.CAN2_TX_IRQHandler) for CAN2_TX_IRQHandler
    startup_stm32f407xx.o(RESET) refers to stm32f4xx_it.o(i.CAN2_RX0_IRQHandler) for CAN2_RX0_IRQHandler
    startup_stm32f407xx.o(RESET) refers to stm32f4xx_it.o(i.DMA2_Stream6_IRQHandler) for DMA2_Stream6_IRQHandler
    startup_stm32f407xx.o(RESET) refers to stm32f4xx_it.o(i.DMA2_Stream7_IRQHandler) for DMA2_Stream7_IRQHandler
    startup_stm32f407xx.o(RESET) refers to stm32f4xx_it.o(i.USART6_IRQHandler) for USART6_IRQHandler
    startup_stm32f407xx.o(.text) refers (Special) to heapauxi.o(.text) for __use_two_region_memory
    startup_stm32f407xx.o(.text) refers to system_stm32f4xx.o(i.SystemInit) for SystemInit
    startup_stm32f407xx.o(.text) refers to __main.o(!!!main) for __main
    startup_stm32f407xx.o(.text) refers to startup_stm32f407xx.o(HEAP) for Heap_Mem
    startup_stm32f407xx.o(.text) refers to startup_stm32f407xx.o(STACK) for Stack_Mem
    main.o(i.HAL_TIM_PeriodElapsedCallback) refers to stm32f4xx_hal.o(i.HAL_IncTick) for HAL_IncTick
    main.o(i.SystemClock_Config) refers to rt_memclr_w.o(.text) for __aeabi_memclr4
    main.o(i.SystemClock_Config) refers to stm32f4xx_hal_rcc.o(i.HAL_RCC_OscConfig) for HAL_RCC_OscConfig
    main.o(i.SystemClock_Config) refers to stm32f4xx_hal_rcc.o(i.HAL_RCC_ClockConfig) for HAL_RCC_ClockConfig
    main.o(i.main) refers to stm32f4xx_hal.o(i.HAL_Init) for HAL_Init
[...]
    HAL_TIM_IRQHandler                       0x08003ddb   Thumb Code   358  stm32f4xx_hal_tim.o(i.HAL_TIM_IRQHandler)
    HAL_TIM_MspPostInit                      0x08003f41   Thumb Code    70  tim.o(i.HAL_TIM_MspPostInit)
    HAL_TIM_OC_DelayElapsedCallback          0x08003f95   Thumb Code     2  stm32f4xx_hal_tim.o(i.HAL_TIM_OC_DelayElapsedCallback)
    HAL_TIM_PWM_ConfigChannel                0x08003f97   Thumb Code   204  stm32f4xx_hal_tim.o(i.HAL_TIM_PWM_ConfigChannel)
    HAL_TIM_PWM_Init                         0x08004063   Thumb Code    90  stm32f4xx_hal_tim.o(i.HAL_TIM_PWM_Init)
    HAL_TIM_PWM_MspInit                      0x080040bd   Thumb Code     2  stm32f4xx_hal_tim.o(i.HAL_TIM_PWM_MspInit)
    HAL_TIM_PWM_PulseFinishedCallback        0x080040bf   Thumb Code     2  stm32f4xx_hal_tim.o(i.HAL_TIM_PWM_PulseFinishedCallback)
    HAL_TIM_PWM_Start                        0x080040c1   Thumb Code   172  stm32f4xx_hal_tim.o(i.HAL_TIM_PWM_Start)
    HAL_TIM_PeriodElapsedCallback            0x08004189   Thumb Code    14  main.o(i.HAL_TIM_PeriodElapsedCallback)
    HAL_TIM_TriggerCallback                  0x0800419d   Thumb Code     2  stm32f4xx_hal_tim.o(i.HAL_TIM_TriggerCallback)
    HAL_UARTEx_RxEventCallback               0x0800419f   Thumb Code     2  stm32f4xx_hal_uart.o(i.HAL_UARTEx_RxEventCallback)
    HAL_UART_ErrorCallback                   0x080041a1   Thumb Code     2  stm32f4xx_hal_uart.o(i.HAL_UART_ErrorCallback)
    HAL_UART_IRQHandler                      0x080041a5   Thumb Code   610  stm32f4xx_hal_uart.o(i.HAL_UART_IRQHandler)
    HAL_UART_Init                            0x0800440d   Thumb Code    98  stm32f4xx_hal_uart.o(i.HAL_UART_Init)
    HAL_UART_MspInit                         0x08004471   Thumb Code   680  usart.o(i.HAL_UART_MspInit)
    HAL_UART_Receive_IT                      0x08004749   Thumb Code    42  stm32f4xx_hal_uart.o(i.HAL_UART_Receive_IT)
    HAL_UART_RxCpltCallback                  0x08004775   Thumb Code   538  drv_usart.o(i.HAL_UART_RxCpltCallback)
    HAL_UART_Transmit_DMA                    0x080049a9   Thumb Code   126  stm32f4xx_hal_uart.o(i.HAL_UART_Transmit_DMA)
    HAL_UART_Transmit_IT                     0x08004a35   Thumb Code    62  stm32f4xx_hal_uart.o(i.HAL_UART_Transmit_IT)
    HAL_UART_TxCpltCallback                  0x08004a75   Thumb Code    14  ui_task.o(i.HAL_UART_TxCpltCallback)
    HAL_UART_TxHalfCpltCallback              0x08004a8d   Thumb Code     2  stm32f4xx_hal_uart.o(i.HAL_UART_TxHalfCpltCallback)
    HardFault_Handler                        0x08004a8f   Thumb Code     2  stm32f4xx_it.o(i.HardFault_Handler)
    IMU_offset_cali                          0x08004d01   Thumb Code   230  ins_task.o(i.IMU_offset_cali)
    INS_Task                                 0x08004df5   Thumb Code   428  ins_task.o(i.INS_Task)
    JUDGE_Receive                            0x08004fc9   Thumb Code   466  judge.o(i.JUDGE_Receive)
    Line_Draw                                0x080051a1   Thumb Code   130  ui_task.o(i.Line_Draw)
    MX_CAN1_Init                             0x08005225   Thumb Code    60  can.o(i.MX_CAN1_Init)
    MX_CAN2_Init                             0x08005269   Thumb Code    60  can.o(i.MX_CAN2_Init)
    MX_DMA_Init                              0x080052ad   Thumb Code   168  dma.o(i.MX_DMA_Init)
    MX_FREERTOS_Init                         0x08005359   Thumb Code   140  freertos.o(i.MX_FREERTOS_Init)
    MX_GPIO_Init                             0x080053ed   Thumb Code   382  gpio.o(i.MX_GPIO_Init)
    MX_I2C3_Init                             0x08005589   Thumb Code    50  i2c.o(i.MX_I2C3_Init)
    MX_SPI1_Init                             0x080055c9   Thumb Code    64  spi.o(i.MX_SPI1_Init)
    MX_TIM10_Init                            0x08005611   Thumb Code    92  tim.o(i.MX_TIM10_Init)
    MX_TIM1_Init                             0x08005675   Thumb Code    98  tim.o(i.MX_TIM1_Init)
    MX_TIM2_Init                             0x080056e1   Thumb Code    96  tim.o(i.MX_TIM2_Init)
    MX_TIM8_Init                             0x08005745   Thumb Code    96  tim.o(i.MX_TIM8_Init)
    MX_TIM9_Init                             0x080057ad   Thumb Code    68  tim.o(i.MX_TIM9_Init)
    MX_USART1_UART_Init                      0x080057f9   Thumb Code    48  usart.o(i.MX_USART1_UART_Init)
    MX_USART3_UART_Init                      0x08005831   Thumb Code    46  usart.o(i.MX_USART3_UART_Init)
    MX_USART6_UART_Init                      0x0800586d   Thumb Code    48  usart.o(i.MX_USART6_UART_Init)
    MahonyAHRSupdateIMU                      0x080058a5   Thumb Code   466  ins_task.o(i.MahonyAHRSupdateIMU)
    MemManage_Handler                        0x08005a89   Thumb Code     2  stm32f4xx_it.o(i.MemManage_Handler)
    Motor_Speed_limiting                     0x08005a8d   Thumb Code   126  chassis_task.o(i.Motor_Speed_limiting)
    NMI_Handler                              0x08005b0b   Thumb Code     2  stm32f4xx_it.o(i.NMI_Handler)
    SPI1_IRQHandler                          0x08005b0d   Thumb Code     6  stm32f4xx_it.o(i.SPI1_IRQHandler)
    StartDefaultTask                         0x08005dfd   Thumb Code    30  freertos.o(i.StartDefaultTask)
    SysTick_Handler                          0x08005e21   Thumb Code    38  port.o(i.SysTick_Handler)
    SystemClock_Config                       0x08005e4d   Thumb Code   140  main.o(i.SystemClock_Config)
    SystemInit                               0x08005ee1   Thumb Code    12  system_stm32f4xx.o(i.SystemInit)
    TIM1_BRK_TIM9_IRQHandler                 0x08005ef1   Thumb Code    18  stm32f4xx_it.o(i.TIM1_BRK_TIM9_IRQHandler)
    TIM1_UP_TIM10_IRQHandler                 0x08005f0d   Thumb Code    62  stm32f4xx_it.o(i.TIM1_UP_TIM10_IRQHandler)
    TIM2_IRQHandler                          0x08005f5d   Thumb Code     6  stm32f4xx_it.o(i.TIM2_IRQHandler)
    TIM3_IRQHandler                          0x08005f69   Thumb Code     6  stm32f4xx_it.o(i.TIM3_IRQHandler)
    TIM8_BRK_TIM12_IRQHandler                0x08005f75   Thumb Code     6  stm32f4xx_it.o(i.TIM8_BRK_TIM12_IRQHandler)
    TIM8_UP_TIM13_IRQHandler                 0x08005f81   Thumb Code     6  stm32f4xx_it.o(i.TIM8_UP_TIM13_IRQHandler)
    TIM_Base_SetConfig                       0x08005f8d   Thumb Code   156  stm32f4xx_hal_tim.o(i.TIM_Base_SetConfig)
    TIM_CCxChannelCmd                        0x08006055   Thumb Code    26  stm32f4xx_hal_tim.o(i.TIM_CCxChannelCmd)
    TIM_ETR_SetConfig                        0x0800606f   Thumb Code    20  stm32f4xx_hal_tim.o(i.TIM_ETR_SetConfig)
    TIM_OC2_SetConfig                        0x080060f5   Thumb Code    98  stm32f4xx_hal_tim.o(i.TIM_OC2_SetConfig)
    UART_Start_Receive_IT                    0x0800653d   Thumb Code    58  stm32f4xx_hal_uart.o(i.UART_Start_Receive_IT)
    UI_Task                                  0x08006579   Thumb Code   186  ui_task.o(i.UI_Task)
    UI_delete                                0x08006645   Thumb Code   204  ui_task.o(i.UI_delete)
    USART1_IRQHandler                        0x0800671d   Thumb Code     6  stm32f4xx_it.o(i.USART1_IRQHandler)
    USART3_IRQHandler                        0x08006729   Thumb Code    18  stm32f4xx_it.o(i.USART3_IRQHandler)
    USART3_Init                              0x08006741   Thumb Code     2  drv_usart.o(i.USART3_Init)
    USART6_IRQHandler                        0x08006745   Thumb Code    18  stm32f4xx_it.o(i.USART6_IRQHandler)
    USART6_Init                              0x0800675d   Thumb Code    52  drv_usart.o(i.USART6_Init)
    UsageFault_Handler                       0x08006799   Thumb Code     2  stm32f4xx_it.o(i.UsageFault_Handler)
    Verify_CRC16_Check_Sum                   0x0800679d   Thumb Code    54  crc.o(i.Verify_CRC16_Check_Sum)
    Verify_CRC8_Check_Sum                    0x080067d9   Thumb Code    38  crc.o(i.Verify_CRC8_Check_Sum)
    __ARM_fpclassify                         0x080069f5   Thumb Code    48  fpclassify.o(i.__ARM_fpclassify)
    __ARM_fpclassifyf                        0x08006a25   Thumb Code    38  fpclassifyf.o(i.__ARM_fpclassifyf)
    __hardfp_asinf                           0x08006a6d   Thumb Code   258  asinf.o(i.__hardfp_asinf)
    __hardfp_atan2f                          0x08006b99   Thumb Code   502  atan2f.o(i.__hardfp_atan2f)
    __hardfp_cos                             0x08006de9   Thumb Code   180  cos.o(i.__hardfp_cos)
    __hardfp_fabs                            0x08006eb1   Thumb Code    20  fabs.o(i.__hardfp_fabs)
    __hardfp_sin                             0x08006ec9   Thumb Code   180  sin.o(i.__hardfp_sin)
    __ieee754_rem_pio2                       0x08006f91   Thumb Code   938  rred.o(i.__ieee754_rem_pio2)
    __kernel_cos                             0x080073c9   Thumb Code   322  cos_i.o(i.__kernel_cos)
    __kernel_poly                            0x08007539   Thumb Code   248  poly.o(i.__kernel_poly)
    __kernel_sin                             0x08007631   Thumb Code   280  sin_i.o(i.__kernel_sin)
    __mathlib_dbl_infnan                     0x08007761   Thumb Code    20  dunder.o(i.__mathlib_dbl_infnan)
    __mathlib_dbl_invalid                    0x08007779   Thumb Code    24  dunder.o(i.__mathlib_dbl_invalid)
    __mathlib_dbl_underflow                  0x08007799   Thumb Code    24  dunder.o(i.__mathlib_dbl_underflow)
    __mathlib_flt_infnan                     0x080077b9   Thumb Code     6  funder.o(i.__mathlib_flt_infnan)
    __mathlib_flt_infnan2                    0x080077bf   Thumb Code     6  funder.o(i.__mathlib_flt_infnan2)
    __mathlib_flt_invalid                    0x080077c5   Thumb Code    10  funder.o(i.__mathlib_flt_invalid)
    __mathlib_flt_underflow                  0x080077d5   Thumb Code    10  funder.o(i.__mathlib_flt_underflow)
    chassis_current_give                     0x080078d9   Thumb Code    30  chassis_task.o(i.chassis_current_give)
    chassis_motol_speed_calculate            0x080078fd   Thumb Code    54  chassis_task.o(i.chassis_motol_speed_calculate)
    fabs                                     0x080079c9   Thumb Code    24  fabs.o(i.fabs)
    get_angle                                0x080079e1   Thumb Code   234  ins_task.o(i.get_angle)
    get_client_id                            0x08007ad5   Thumb Code    12  ui_task.o(i.get_client_id)
    gimbal_PID_calc                          0x08007ae5   Thumb Code   202  pid.o(i.gimbal_PID_calc)
    gimbal_yaw_task                          0x08007bbd   Thumb Code   158  yaw_task.o(i.gimbal_yaw_task)
    imu_temp_control                         0x08007cfd   Thumb Code   124  ins_task.o(i.imu_temp_control)
    invSqrt                                  0x08007d91   Thumb Code    40  ins_task.o(i.invSqrt)
    ist8310_IIC_write_single_reg             0x08007dbd   Thumb Code    30  ins_task.o(i.ist8310_IIC_write_single_reg)
    ist8310_init                             0x08007de1   Thumb Code    82  ins_task.o(i.ist8310_init)
    judge_data_send                          0x08007e39   Thumb Code    74  drv_can.o(i.judge_data_send)
    main                                     0x08007e89   Thumb Code   114  main.o(i.main)
    osDelay                                  0x08007f11   Thumb Code    14  cmsis_os.o(i.osDelay)
    osKernelStart                            0x08007f1f   Thumb Code    10  cmsis_os.o(i.osKernelStart)
    osThreadCreate                           0x08007f29   Thumb Code    84  cmsis_os.o(i.osThreadCreate)
    pid_calc                                 0x08007f7d   Thumb Code   168  pid.o(i.pid_calc)
    pid_init                                 0x08008025   Thumb Code    86  pid.o(i.pid_init)
    pvPortMalloc                             0x080083e5   Thumb Code   216  heap_4.o(i.pvPortMalloc)
    pxPortInitialiseStack                    0x080084c1   Thumb Code    40  port.o(i.pxPortInitialiseStack)
    set_motor_voltage                        0x080084ed   Thumb Code    86  drv_can.o(i.set_motor_voltage)
    set_motor_voltage1                       0x08008549   Thumb Code    86  drv_can.o(i.set_motor_voltage1)
    speed_pid_calc                           0x080085a5   Thumb Code    82  chassis_task.o(i.speed_pid_calc)
    sqrtf                                    0x080086c9   Thumb Code    62  sqrtf.o(i.sqrtf)
    string_Draw                              0x08008709   Thumb Code   174  ui_task.o(i.string_Draw)
    super_cap                                0x080087b9   Thumb Code    52  super cap.o(i.super_cap)
    supercap_uart_send                       0x080087f1   Thumb Code    40  drv_usart.o(i.supercap_uart_send)
    ui_display_7_graph                       0x08008895   Thumb Code   370  ui_task.o(i.ui_display_7_graph)
    ui_display_string                        0x08008a15   Thumb Code   210  ui_task.o(i.ui_display_string)
    update_data                              0x08008af5   Thumb Code   106  judge.o(i.update_data)
    usart6_tx_dma_enable                     0x08008b65   Thumb Code    16  ui_task.o(i.usart6_tx_dma_enable)
    userUI_draw_auto_aim                     0x08008b7d   Thumb Code   102  ui_task.o(i.userUI_draw_auto_aim)
    userUI_draw_background                   0x08008c05   Thumb Code   150  ui_task.o(i.userUI_draw_background)
    userUI_draw_foresight                    0x08008cb5   Thumb Code   312  ui_task.o(i.userUI_draw_foresight)
    userUI_draw_robot_control_mode           0x08008e0d   Thumb Code   102  ui_task.o(i.userUI_draw_robot_control_mode)
    userUI_draw_wipping                      0x08008e9d   Thumb Code   122  ui_task.o(i.userUI_draw_wipping)
    userUI_init                              0x08008f31   Thumb Code    30  ui_task.o(i.userUI_init)
    uxListRemove                             0x08008f55   Thumb Code    38  list.o(i.uxListRemove)
    uxTaskGetStackHighWaterMark              0x08008f7d   Thumb Code    28  tasks.o(i.uxTaskGetStackHighWaterMark)
    vApplicationGetIdleTaskMemory            0x08008f9d   Thumb Code    16  freertos.o(i.vApplicationGetIdleTaskMemory)
    vListInitialise                          0x08008fb1   Thumb Code    22  list.o(i.vListInitialise)
    vListInitialiseItem                      0x08008fc7   Thumb Code     6  list.o(i.vListInitialiseItem)
    vListInsert                              0x08008fcd   Thumb Code    48  list.o(i.vListInsert)
    vListInsertEnd                           0x08008ffd   Thumb Code    24  list.o(i.vListInsertEnd)
    vPortEnterCritical                       0x08009015   Thumb Code    54  port.o(i.vPortEnterCritical)
    vPortExitCritical                        0x08009055   Thumb Code    34  port.o(i.vPortExitCritical)
    vPortFree                                0x0800907d   Thumb Code    94  heap_4.o(i.vPortFree)
    vPortSetupTimerInterrupt                 0x080090e1   Thumb Code    32  port.o(i.vPortSetupTimerInterrupt)
    vTaskDelay                               0x08009105   Thumb Code    66  tasks.o(i.vTaskDelay)
    vTaskStartScheduler                      0x08009151   Thumb Code    90  tasks.o(i.vTaskStartScheduler)
    vTaskSuspendAll                          0x080091bd   Thumb Code    10  tasks.o(i.vTaskSuspendAll)
    vTaskSwitchContext                       0x080091cd   Thumb Code    82  tasks.o(i.vTaskSwitchContext)
    vector_in_gimbal                         0x08009229   Thumb Code   360  chassis_task.o(i.vector_in_gimbal)
    xPortStartScheduler                      0x080093b1   Thumb Code   222  port.o(i.xPortStartScheduler)
    xTaskCreate                              0x080094a5   Thumb Code    90  tasks.o(i.xTaskCreate)
    xTaskCreateStatic                        0x080094ff   Thumb Code    86  tasks.o(i.xTaskCreateStatic)
    xTaskIncrementTick                       0x08009555   Thumb Code   194  tasks.o(i.xTaskIncrementTick)
    xTaskResumeAll                           0x08009621   Thumb Code   182  tasks.o(i.xTaskResumeAll)
    __aeabi_dneg                             0x080096e5   Thumb Code     0  basic.o(x$fpl$basic)
    _dneg                                    0x080096e5   Thumb Code     6  basic.o(x$fpl$basic)
    __aeabi_fneg                             0x080096eb   Thumb Code     0  basic.o(x$fpl$basic)
    _fneg                                    0x080096eb   Thumb Code     6  basic.o(x$fpl$basic)
    _dabs                                    0x080096f1   Thumb Code     6  basic.o(x$fpl$basic)
    _fabs                                    0x080096f7   Thumb Code     6  basic.o(x$fpl$basic)
    __aeabi_d2f                              0x080096fd   Thumb Code     0  d2f.o(x$fpl$d2f)
    _d2f                                     0x080096fd   Thumb Code    98  d2f.o(x$fpl$d2f)
    __aeabi_dadd                             0x08009761   Thumb Code     0  daddsub_clz.o(x$fpl$dadd)
    _dadd                                    0x08009761   Thumb Code   332  daddsub_clz.o(x$fpl$dadd)
    __fpl_dcmp_Inf                           0x080098b1   Thumb Code    24  dcmpi.o(x$fpl$dcmpinf)
    __aeabi_ddiv                             0x080098c9   Thumb Code     0  ddiv.o(x$fpl$ddiv)
    _ddiv                                    0x080098c9   Thumb Code   552  ddiv.o(x$fpl$ddiv)
    __aeabi_cdcmpeq                          0x08009b79   Thumb Code     0  deqf.o(x$fpl$deqf)
    _dcmpeq                                  0x08009b79   Thumb Code   120  deqf.o(x$fpl$deqf)
    __aeabi_d2iz                             0x08009bf1   Thumb Code     0  dfix.o(x$fpl$dfix)
    _dfix                                    0x08009bf1   Thumb Code    94  dfix.o(x$fpl$dfix)
    __aeabi_i2d                              0x08009c4f   Thumb Code     0  dflt_clz.o(x$fpl$dflt)
    _dflt                                    0x08009c4f   Thumb Code    46  dflt_clz.o(x$fpl$dflt)
    __aeabi_ui2d                             0x08009c7d   Thumb Code     0  dflt_clz.o(x$fpl$dfltu)
    _dfltu                                   0x08009c7d   Thumb Code    38  dflt_clz.o(x$fpl$dfltu)
    __aeabi_dmul                             0x08009ca5   Thumb Code     0  dmul.o(x$fpl$dmul)
    _dmul                                    0x08009ca5   Thumb Code   332  dmul.o(x$fpl$dmul)
    __fpl_dnaninf                            0x08009df9   Thumb Code   156  dnaninf.o(x$fpl$dnaninf)
    __fpl_dretinf                            0x08009e95   Thumb Code    12  dretinf.o(x$fpl$dretinf)
    __aeabi_drsub                            0x08009ea1   Thumb Code     0  daddsub_clz.o(x$fpl$drsb)
    _drsb                                    0x08009ea1   Thumb Code    22  daddsub_clz.o(x$fpl$drsb)
    __aeabi_dsub                             0x08009eb9   Thumb Code     0  daddsub_clz.o(x$fpl$dsub)
    _dsub                                    0x08009eb9   Thumb Code   464  daddsub_clz.o(x$fpl$dsub)
    __aeabi_f2d                              0x0800a08d   Thumb Code     0  f2d.o(x$fpl$f2d)
    _f2d                                     0x0800a08d   Thumb Code    86  f2d.o(x$fpl$f2d)
    __fpl_fnaninf                            0x0800a0e3   Thumb Code   140  fnaninf.o(x$fpl$fnaninf)
    _fp_init                                 0x0800a16f   Thumb Code    10  fpinit.o(x$fpl$fpinit)
    __fplib_config_fpu_vfp                   0x0800a177   Thumb Code     0  fpinit.o(x$fpl$fpinit)
    __fplib_config_pureend_doubles           0x0800a177   Thumb Code     0  fpinit.o(x$fpl$fpinit)
    __fpl_fretinf                            0x0800a179   Thumb Code    10  fretinf.o(x$fpl$fretinf)
    __I$use$fp                               0x0800a182   Number         0  usenofp.o(x$fpl$usenofp)
    AHBPrescTable                            0x0800a234   Data          16  system_stm32f4xx.o(.constdata)
    APBPrescTable                            0x0800a244   Data           8  system_stm32f4xx.o(.constdata)
    CRC8_TAB                                 0x0800a258   Data         256  crc.o(.constdata)
    wCRC_Table                               0x0800a358   Data         512  crc.o(.constdata)
    Region$$Table$$Base                      0x0800a6b4   Number         0  anon$$obj.o(Region$$Table)
    Region$$Table$$Limit                     0x0800a6d4   Number         0  anon$$obj.o(Region$$Table)
    insTaskHandle                            0x20000000   Data           4  freertos.o(.data)
    Chassis_taskHandle                       0x20000004   Data           4  freertos.o(.data)
    super_capHandle                          0x20000008   Data           4  freertos.o(.data)
    UI_taskHandle                            0x2000000c   Data           4  freertos.o(.data)
    gimbal_yaw_taskHandle                    0x20000010   Data           4  freertos.o(.data)
    defaultTaskHandle                        0x20000014   Data           4  freertos.o(.data)
    TIM1_flag                                0x2000001c   Data           1  stm32f4xx_it.o(.data)
    TIM1_Count                               0x2000001e   Data           2  stm32f4xx_it.o(.data)
    uwTickFreq                               0x20000020   Data           1  stm32f4xx_hal.o(.data)
    uwTickPrio                               0x20000024   Data           4  stm32f4xx_hal.o(.data)
    uwTick                                   0x20000028   Data           4  stm32f4xx_hal.o(.data)
    SystemCoreClock                          0x2000002c   Data           4  system_stm32f4xx.o(.data)
    pxCurrentTCB                             0x20000030   Data           4  tasks.o(.data)
    Q_angle                                  0x2000009c   Data           4  ins_task.o(.data)
    Q_gyro_bias                              0x200000a0   Data           4  ins_task.o(.data)
    R_measure                                0x200000a4   Data           4  ins_task.o(.data)
    dt                                       0x200000a8   Data           4  ins_task.o(.data)
    first_temperate                          0x200000ac   Data           4  ins_task.o(.data)
    twoKp                                    0x200000b0   Data           4  ins_task.o(.data)
    twoKi                                    0x200000b4   Data           4  ins_task.o(.data)
    integralFBx                              0x200000b8   Data           4  ins_task.o(.data)
    integralFBy                              0x200000bc   Data           4  ins_task.o(.data)
    integralFBz                              0x200000c0   Data           4  ins_task.o(.data)
    tem                                      0x200000c4   Data           4  ins_task.o(.data)
    UpdateCount                              0x200000c8   Data           4  ins_task.o(.data)
    a                                        0x200000d0   Data           4  ins_task.o(.data)
    yaw_angle                                0x200000d4   Data           4  ins_task.o(.data)
    p                                        0x200000d8   Data          16  ins_task.o(.data)
    gyro_scale_factor                        0x200000e8   Data          36  ins_task.o(.data)
    accel_scale_factor                       0x2000010c   Data          36  ins_task.o(.data)
    Vx                                       0x20000130   Data           2  chassis_task.o(.data)
    Vy                                       0x20000132   Data           2  chassis_task.o(.data)
    Wz                                       0x20000134   Data           2  chassis_task.o(.data)
    Down_ins_yaw                             0x20000136   Data           2  chassis_task.o(.data)
    Up_ins_yaw                               0x20000138   Data           2  chassis_task.o(.data)
    imu_err                                  0x2000013c   Data           4  chassis_task.o(.data)
    speed_limit                              0x20000140   Data           4  chassis_task.o(.data)
    Klimit                                   0x20000144   Data           4  chassis_task.o(.data)
    Plimit                                   0x20000148   Data           4  chassis_task.o(.data)
    Temp_Vx                                  0x2000014c   Data           4  chassis_task.o(.data)
    Temp_Vy                                  0x20000150   Data           4  chassis_task.o(.data)
    Err_yaw                                  0x20000154   Data           4  chassis_task.o(.data)
    Err_yaw_hudu                             0x20000158   Data           4  chassis_task.o(.data)
    Down_ins_pitch                           0x2000015c   Data           4  chassis_task.o(.data)
    Down_ins_row                             0x20000160   Data           4  chassis_task.o(.data)
    Watch_Power_Max                          0x20000164   Data           4  chassis_task.o(.data)
    Watch_Power                              0x20000168   Data           4  chassis_task.o(.data)
    Watch_Buffer                             0x2000016c   Data           4  chassis_task.o(.data)
    Chassis_pidout_max                       0x20000170   Data           4  chassis_task.o(.data)
    sin_a                                    0x20000198   Data           8  chassis_task.o(.data)
    cos_a                                    0x200001a0   Data           8  chassis_task.o(.data)
    Chassis_pidout                           0x200001a8   Data           8  chassis_task.o(.data)
    chassis_motor_pid                        0x200001b0   Data          12  chassis_task.o(.data)
    Drifting_yaw                             0x200001bc   Data           2  chassis_task.o(.data)
    referee_tx_fifo                          0x200001be   Data           1  ui_task.o(.data)
    UI_Seq                                   0x200001c1   Data           1  ui_task.o(.data)
    init_yaw                                 0x200001c4   Data           4  yaw_task.o(.data)
    temp_c                                   0x200001c8   Data           4  yaw_task.o(.data)
    ins_yaw                                  0x200001cc   Data           4  yaw_task.o(.data)
    ins_pitch                                0x200001d0   Data           4  yaw_task.o(.data)
    ins_roll                                 0x200001d4   Data           4  yaw_task.o(.data)
    ins_gyro                                 0x200001d8   Data           4  yaw_task.o(.data)
    err_yaw                                  0x200001dc   Data           4  yaw_task.o(.data)
    angle_pid                                0x200001e0   Data          12  yaw_task.o(.data)
    auto_speed_pid                           0x200001ec   Data          12  yaw_task.o(.data)
    chassis_yaw_pid                          0x200001f8   Data          12  yaw_task.o(.data)
    rc_flag                                  0x20000204   Data           2  drv_can.o(.data)
    mouse_x                                  0x20000206   Data           2  drv_can.o(.data)
    w_flag                                   0x20000208   Data           2  drv_can.o(.data)
    s_flag                                   0x2000020a   Data           2  drv_can.o(.data)
    a_flag                                   0x2000020c   Data           2  drv_can.o(.data)
    d_flag                                   0x2000020e   Data           2  drv_can.o(.data)
    q_flag                                   0x20000210   Data           2  drv_can.o(.data)
    e_flag                                   0x20000212   Data           2  drv_can.o(.data)
    shift_flag                               0x20000214   Data           2  drv_can.o(.data)
    ctrl_flag                                0x20000216   Data           2  drv_can.o(.data)
    r_flag                                   0x20000218   Data           2  drv_can.o(.data)
    f_flag                                   0x2000021a   Data           2  drv_can.o(.data)
    g_flag                                   0x2000021c   Data           2  drv_can.o(.data)
    z_flag                                   0x2000021e   Data           2  drv_can.o(.data)
    x_flag                                   0x20000220   Data           2  drv_can.o(.data)
    c_flag                                   0x20000222   Data           2  drv_can.o(.data)
    v_flag                                   0x20000224   Data           2  drv_can.o(.data)
    b_flag                                   0x20000226   Data           2  drv_can.o(.data)
    yaw_data                                 0x20000228   Data           4  drv_can.o(.data)
    can1_RxData                              0x2000022c   Data           8  drv_can.o(.data)
    press_right                              0x20000234   Data           1  drv_can.o(.data)
    judge_receive_length                     0x20000235   Data           1  drv_usart.o(.data)
    CRC_INIT                                 0x20000236   Data           2  crc.o(.data)
    hcan1                                    0x2000048c   Data          40  can.o(.bss)
    hcan2                                    0x200004b4   Data          40  can.o(.bss)
    hi2c3                                    0x200004dc   Data          84  i2c.o(.bss)
    hspi1                                    0x20000530   Data          88  spi.o(.bss)
    hdma_spi1_rx                             0x20000588   Data          96  spi.o(.bss)
    hdma_spi1_tx                             0x200005e8   Data          96  spi.o(.bss)
    htim1                                    0x20000648   Data          72  tim.o(.bss)
    htim2                                    0x20000690   Data          72  tim.o(.bss)
    htim8                                    0x200006d8   Data          72  tim.o(.bss)
    htim9                                    0x20000720   Data          72  tim.o(.bss)
    htim10                                   0x20000768   Data          72  tim.o(.bss)
    huart1                                   0x200007b0   Data          68  usart.o(.bss)
    huart3                                   0x200007f4   Data          68  usart.o(.bss)
    huart6                                   0x20000838   Data          68  usart.o(.bss)
    hdma_usart1_rx                           0x2000087c   Data          96  usart.o(.bss)
    hdma_usart1_tx                           0x200008dc   Data          96  usart.o(.bss)
    hdma_usart3_rx                           0x2000093c   Data          96  usart.o(.bss)
    hdma_usart3_tx                           0x2000099c   Data          96  usart.o(.bss)
    hdma_usart6_rx                           0x200009fc   Data          96  usart.o(.bss)
    hdma_usart6_tx                           0x20000a5c   Data          96  usart.o(.bss)
    htim3                                    0x20000abc   Data          72  stm32f4xx_hal_timebase_tim.o(.bss)
    imu_temp_pid                             0x20004818   Data          72  ins_task.o(.bss)
    ins_data                                 0x20004860   Data          80  ins_task.o(.bss)
    ramp                                     0x200048b0   Data          16  chassis_task.o(.bss)
    motor_pid_chassis                        0x200048c0   Data         272  chassis_task.o(.bss)
    motor_info_chassis                       0x200049d0   Data          84  chassis_task.o(.bss)
    motor_speed_target                       0x20004a24   Data          10  chassis_task.o(.bss)
    referee_uart_tx_buf                      0x20004a2e   Data         300  ui_task.o(.bss)
    graph1                                   0x20004b5a   Data          15  ui_task.o(.bss)
    graph2                                   0x20004b69   Data          15  ui_task.o(.bss)
    graph3                                   0x20004b78   Data          15  ui_task.o(.bss)
    graph4                                   0x20004b87   Data          15  ui_task.o(.bss)
    graph5                                   0x20004b96   Data          15  ui_task.o(.bss)
    graph6                                   0x20004ba5   Data          15  ui_task.o(.bss)
    graph7                                   0x20004bb4   Data          15  ui_task.o(.bss)
    ui_str                                   0x20004bc3   Data          45  ui_task.o(.bss)
    userUI_control                           0x20004bf0   Data          10  ui_task.o(.bss)
    yaw_angle_pid                            0x20004bfc   Data         340  yaw_task.o(.bss)
    aim_speed_pid                            0x20004d50   Data          68  yaw_task.o(.bss)
    motor_pid_yaw                            0x20004d94   Data          68  yaw_task.o(.bss)
    rc_ctrl                                  0x20004dd8   Data          22  drv_can.o(.bss)
    rc_tmp                                   0x20004dee   Data          10  drv_can.o(.bss)
    can1_RxHeader                            0x20004df8   Data          28  drv_can.o(.bss)
    ins_data1                                0x20004e14   Data          80  drv_can.o(.bss)
    judge_dma_buffer                         0x20004e64   Data         400  drv_usart.o(.bss)
    supercap_info                            0x20004ff4   Data          24  drv_usart.o(.bss)
    supercap_temp                            0x2000500c   Data          51  drv_usart.o(.bss)
    supercap_buffer                          0x2000503f   Data         100  drv_usart.o(.bss)
    Judge_Robot                              0x200050a4   Data         186  judge.o(.bss)
    infantry                                 0x20005160   Data          36  judge.o(.bss)
    __libspace_start                         0x20005184   Data          96  libspace.o(.bss)
    __temporary_stack_top$libspace           0x200051e4   Data           0  libspace.o(.bss)



==============================================================================

Memory Map of the image

  Image Entry point : 0x08000189

  Load Region LR_IROM1 (Base: 0x08000000, Size: 0x0000a90c, Max: 0x00100000, ABSOLUTE, COMPRESSED[0x0000a730])

    Execution Region ER_IROM1 (Exec base: 0x08000000, Load base: 0x08000000, Size: 0x0000a6d4, Max: 0x00100000, ABSOLUTE)

    Exec Addr    Load Addr    Size         Type   Attr      Idx    E Section Name        Object

    0x08000000   0x08000000   0x00000188   Data   RO            3    RESET               startup_stm32f407xx.o
    0x08000188   0x08000188   0x00000008   Code   RO         6919  * !!!main             c_w.l(__main.o)
    0x08000190   0x08000190   0x00000034   Code   RO         7268    !!!scatter          c_w.l(__scatter.o)
    0x080001c4   0x080001c4   0x0000005a   Code   RO         7266    !!dczerorl2         c_w.l(__dczerorl2.o)
    0x0800021e   0x0800021e   0x00000002   PAD
    0x08000220   0x08000220   0x0000001c   Code   RO         7270    !!handler_zi        c_w.l(__scatter_zi.o)
    0x0800023c   0x0800023c   0x00000002   Code   RO         7139    .ARM.Collect$$libinit$$00000000  c_w.l(libinit.o)
    0x0800023e   0x0800023e   0x00000004   Code   RO         7148    .ARM.Collect$$libinit$$00000001  c_w.l(libinit2.o)
    0x08000242   0x08000242   0x00000000   Code   RO         7151    .ARM.Collect$$libinit$$00000004  c_w.l(libinit2.o)
    0x08000242   0x08000242   0x00000000   Code   RO         7154    .ARM.Collect$$libinit$$0000000A  c_w.l(libinit2.o)
    0x08000242   0x08000242   0x00000000   Code   RO         7156    .ARM.Collect$$libinit$$0000000C  c_w.l(libinit2.o)
    0x08000242   0x08000242   0x00000000   Code   RO         7158    .ARM.Collect$$libinit$$0000000E  c_w.l(libinit2.o)
    0x08000242   0x08000242   0x00000000   Code   RO         7161    .ARM.Collect$$libinit$$00000011  c_w.l(libinit2.o)
    0x08000242   0x08000242   0x00000000   Code   RO         7163    .ARM.Collect$$libinit$$00000013  c_w.l(libinit2.o)
    0x08000242   0x08000242   0x00000000   Code   RO         7165    .ARM.Collect$$libinit$$00000015  c_w.l(libinit2.o)
    0x08000242   0x08000242   0x00000000   Code   RO         7167    .ARM.Collect$$libinit$$00000017  c_w.l(libinit2.o)
    0x08000242   0x08000242   0x00000000   Code   RO         7169    .ARM.Collect$$libinit$$00000019  c_w.l(libinit2.o)
    0x08000242   0x08000242   0x00000000   Code   RO         7171    .ARM.Collect$$libinit$$0000001B  c_w.l(libinit2.o)
    0x08000242   0x08000242   0x00000000   Code   RO         7173    .ARM.Collect$$libinit$$0000001D  c_w.l(libinit2.o)
    0x08000242   0x08000242   0x00000000   Code   RO         7175    .ARM.Collect$$libinit$$0000001F  c_w.l(libinit2.o)
    0x08000242   0x08000242   0x00000000   Code   RO         7177    .ARM.Collect$$libinit$$00000021  c_w.l(libinit2.o)
    0x08000242   0x08000242   0x00000000   Code   RO         7179    .ARM.Collect$$libinit$$00000023  c_w.l(libinit2.o)
    0x08000242   0x08000242   0x00000000   Code   RO         7181    .ARM.Collect$$libinit$$00000025  c_w.l(libinit2.o)
    0x08000242   0x08000242   0x00000000   Code   RO         7185    .ARM.Collect$$libinit$$0000002C  c_w.l(libinit2.o)
    0x08000242   0x08000242   0x00000000   Code   RO         7187    .ARM.Collect$$libinit$$0000002E  c_w.l(libinit2.o)
    0x08000242   0x08000242   0x00000000   Code   RO         7189    .ARM.Collect$$libinit$$00000030  c_w.l(libinit2.o)
    0x08000242   0x08000242   0x00000000   Code   RO         7191    .ARM.Collect$$libinit$$00000032  c_w.l(libinit2.o)
    0x08000242   0x08000242   0x00000002   Code   RO         7192    .ARM.Collect$$libinit$$00000033  c_w.l(libinit2.o)
    0x08000244   0x08000244   0x00000002   Code   RO         7223    .ARM.Collect$$libshutdown$$00000000  c_w.l(libshutdown.o)
    0x08000246   0x08000246   0x00000000   Code   RO         7249    .ARM.Collect$$libshutdown$$00000002  c_w.l(libshutdown2.o)
    0x08000246   0x08000246   0x00000000   Code   RO         7251    .ARM.Collect$$libshutdown$$00000004  c_w.l(libshutdown2.o)
    0x08000246   0x08000246   0x00000000   Code   RO         7254    .ARM.Collect$$libshutdown$$00000007  c_w.l(libshutdown2.o)
    0x08000246   0x08000246   0x00000000   Code   RO         7257    .ARM.Collect$$libshutdown$$0000000A  c_w.l(libshutdown2.o)
    0x08000246   0x08000246   0x00000000   Code   RO         7259    .ARM.Collect$$libshutdown$$0000000C  c_w.l(libshutdown2.o)
    0x08000246   0x08000246   0x00000000   Code   RO         7262    .ARM.Collect$$libshutdown$$0000000F  c_w.l(libshutdown2.o)
    0x08000246   0x08000246   0x00000002   Code   RO         7263    .ARM.Collect$$libshutdown$$00000010  c_w.l(libshutdown2.o)
    0x08000248   0x08000248   0x00000000   Code   RO         7015    .ARM.Collect$$rtentry$$00000000  c_w.l(__rtentry.o)
    0x08000248   0x08000248   0x00000000   Code   RO         7098    .ARM.Collect$$rtentry$$00000002  c_w.l(__rtentry2.o)
    0x08000248   0x08000248   0x00000006   Code   RO         7110    .ARM.Collect$$rtentry$$00000004  c_w.l(__rtentry4.o)
    0x0800024e   0x0800024e   0x00000000   Code   RO         7100    .ARM.Collect$$rtentry$$00000009  c_w.l(__rtentry2.o)
    0x0800024e   0x0800024e   0x00000004   Code   RO         7101    .ARM.Collect$$rtentry$$0000000A  c_w.l(__rtentry2.o)
    0x08000252   0x08000252   0x00000000   Code   RO         7103    .ARM.Collect$$rtentry$$0000000C  c_w.l(__rtentry2.o)
    0x08000252   0x08000252   0x00000008   Code   RO         7104    .ARM.Collect$$rtentry$$0000000D  c_w.l(__rtentry2.o)
    0x0800025a   0x0800025a   0x00000002   Code   RO         7140    .ARM.Collect$$rtexit$$00000000  c_w.l(rtexit.o)
    0x0800025c   0x0800025c   0x00000000   Code   RO         7196    .ARM.Collect$$rtexit$$00000002  c_w.l(rtexit2.o)
    0x0800025c   0x0800025c   0x00000004   Code   RO         7197    .ARM.Collect$$rtexit$$00000003  c_w.l(rtexit2.o)
    0x08000260   0x08000260   0x00000006   Code   RO         7198    .ARM.Collect$$rtexit$$00000004  c_w.l(rtexit2.o)
    0x08000266   0x08000266   0x00000002   PAD
    0x08000268   0x08000268   0x000000be   Code   RO         5709    .emb_text           port.o
    0x08000326   0x08000326   0x00000002   PAD
    0x08000328   0x08000328   0x00000040   Code   RO            4    .text               startup_stm32f407xx.o
    0x08000368   0x08000368   0x000000ee   Code   RO         6905    .text               c_w.l(lludivv7m.o)
    0x08000456   0x08000456   0x0000008a   Code   RO         6907    .text               c_w.l(rt_memcpy_v6.o)
    0x080004e0   0x080004e0   0x00000064   Code   RO         6909    .text               c_w.l(rt_memcpy_w.o)
    0x08000544   0x08000544   0x00000010   Code   RO         6913    .text               c_w.l(aeabi_memset.o)
    0x08000554   0x08000554   0x0000004e   Code   RO         6915    .text               c_w.l(rt_memclr_w.o)
    0x080005a2   0x080005a2   0x00000006   Code   RO         6917    .text               c_w.l(heapauxi.o)
    0x080005a8   0x080005a8   0x00000016   Code   RO         7020    .text               c_w.l(_rserrno.o)
    0x080005be   0x080005be   0x00000044   Code   RO         7022    .text               c_w.l(rt_memclr.o)
    0x08000602   0x08000602   0x00000002   PAD
    0x08000604   0x08000604   0x00000008   Code   RO         7117    .text               c_w.l(rt_errno_addr_intlibspace.o)
    0x0800060c   0x0800060c   0x00000008   Code   RO         7123    .text               c_w.l(libspace.o)
    0x08000614   0x08000614   0x0000004a   Code   RO         7126    .text               c_w.l(sys_stackheap_outer.o)
    0x0800065e   0x0800065e   0x00000012   Code   RO         7128    .text               c_w.l(exit.o)
    0x08000670   0x08000670   0x0000000c   Code   RO         7193    .text               c_w.l(sys_exit.o)
    0x0800067c   0x0800067c   0x00000002   Code   RO         7212    .text               c_w.l(use_no_semi.o)
    0x0800067e   0x0800067e   0x00000000   Code   RO         7214    .text               c_w.l(indicate_semi.o)
    0x0800067e   0x0800067e   0x00000002   PAD
    0x08000680   0x08000680   0x00000020   Code   RO         5816    i.AHRS_init         ins_task.o
    0x080006a0   0x080006a0   0x00000028   Code   RO         6794    i.Append_CRC16_Check_Sum  crc.o
    0x080006c8   0x080006c8   0x0000001c   Code   RO         6795    i.Append_CRC8_Check_Sum  crc.o
    0x080006e4   0x080006e4   0x0000005a   Code   RO         5817    i.BMI088_accel_init  ins_task.o
    0x0800073e   0x0800073e   0x00000002   PAD
    0x08000740   0x08000740   0x0000008c   Code   RO         5818    i.BMI088_accel_read_muli  ins_task.o
    0x080007cc   0x080007cc   0x00000050   Code   RO         5819    i.BMI088_accel_write_single  ins_task.o
    0x0800081c   0x0800081c   0x0000003e   Code   RO         5820    i.BMI088_gyro_init  ins_task.o
    0x0800085a   0x0800085a   0x00000002   PAD
    0x0800085c   0x0800085c   0x00000070   Code   RO         5821    i.BMI088_gyro_read_muli  ins_task.o
    0x080008cc   0x080008cc   0x0000004c   Code   RO         5822    i.BMI088_gyro_write_single  ins_task.o
    0x08000918   0x08000918   0x000001a0   Code   RO         5823    i.BMI088_read       ins_task.o
    0x08000ab8   0x08000ab8   0x00000002   Code   RO          687    i.BusFault_Handler  stm32f4xx_it.o
    0x08000aba   0x08000aba   0x00000002   PAD
    0x08000abc   0x08000abc   0x0000003c   Code   RO         6548    i.CAN1_Init         drv_can.o
    0x08000af8   0x08000af8   0x0000000c   Code   RO          688    i.CAN1_RX0_IRQHandler  stm32f4xx_it.o
    0x08000b04   0x08000b04   0x0000000c   Code   RO          689    i.CAN1_TX_IRQHandler  stm32f4xx_it.o
    0x08000b10   0x08000b10   0x0000003c   Code   RO         6549    i.CAN2_Init         drv_can.o
    0x08000b4c   0x08000b4c   0x0000000c   Code   RO          690    i.CAN2_RX0_IRQHandler  stm32f4xx_it.o
    0x08000b58   0x08000b58   0x0000000c   Code   RO          691    i.CAN2_TX_IRQHandler  stm32f4xx_it.o
    0x08000b64   0x08000b64   0x0000033c   Code   RO         6106    i.Chassis_Power_Limit  chassis_task.o
    0x08000ea0   0x08000ea0   0x000000a0   Code   RO         6107    i.Chassis_following  chassis_task.o
    0x08000f40   0x08000f40   0x00000108   Code   RO         6108    i.Chassis_mode_1    chassis_task.o
    0x08001048   0x08001048   0x0000010c   Code   RO         6109    i.Chassis_mode_3    chassis_task.o
    0x08001154   0x08001154   0x00000110   Code   RO         6110    i.Chassis_task      chassis_task.o
    0x08001264   0x08001264   0x00000074   Code   RO         6288    i.Circle_Draw       ui_task.o
    0x080012d8   0x080012d8   0x00000034   Code   RO         5826    i.Complementary_Filter_x  ins_task.o
    0x0800130c   0x0800130c   0x0000000c   Code   RO          692    i.DMA1_Stream1_IRQHandler  stm32f4xx_it.o
    0x08001318   0x08001318   0x0000000c   Code   RO          693    i.DMA1_Stream3_IRQHandler  stm32f4xx_it.o
    0x08001324   0x08001324   0x0000000c   Code   RO          694    i.DMA2_Stream0_IRQHandler  stm32f4xx_it.o
    0x08001330   0x08001330   0x0000000c   Code   RO          695    i.DMA2_Stream1_IRQHandler  stm32f4xx_it.o
    0x0800133c   0x0800133c   0x0000000c   Code   RO          696    i.DMA2_Stream2_IRQHandler  stm32f4xx_it.o
    0x08001348   0x08001348   0x0000000c   Code   RO          697    i.DMA2_Stream3_IRQHandler  stm32f4xx_it.o
    0x08001354   0x08001354   0x0000000c   Code   RO          698    i.DMA2_Stream6_IRQHandler  stm32f4xx_it.o
    0x08001360   0x08001360   0x0000000c   Code   RO          699    i.DMA2_Stream7_IRQHandler  stm32f4xx_it.o
    0x0800136c   0x0800136c   0x00000244   Code   RO         6640    i.DMAEx_MultiBufferStart_NoIT  drv_usart.o
    0x080015b0   0x080015b0   0x00000028   Code   RO         1673    i.DMA_CalcBaseAndBitshift  stm32f4xx_hal_dma.o
    0x080015d8   0x080015d8   0x00000054   Code   RO         1674    i.DMA_CheckFifoParam  stm32f4xx_hal_dma.o
    0x0800162c   0x0800162c   0x00000028   Code   RO         1675    i.DMA_SetConfig     stm32f4xx_hal_dma.o
    0x08001654   0x08001654   0x00000002   Code   RO         6641    i.DRV_USART3_IRQHandler  drv_usart.o
    0x08001656   0x08001656   0x00000014   Code   RO         6642    i.DRV_USART6_IRQHandler  drv_usart.o
    0x0800166a   0x0800166a   0x00000002   Code   RO          700    i.DebugMon_Handler  stm32f4xx_it.o
    0x0800166c   0x0800166c   0x00000006   Code   RO          701    i.EXTI3_IRQHandler  stm32f4xx_it.o
    0x08001672   0x08001672   0x00000006   Code   RO          702    i.EXTI4_IRQHandler  stm32f4xx_it.o
    0x08001678   0x08001678   0x00000078   Code   RO          703    i.EXTI9_5_IRQHandler  stm32f4xx_it.o
    0x080016f0   0x080016f0   0x00000004   Code   RO           13    i.Error_Handler     main.o
    0x080016f4   0x080016f4   0x0000002c   Code   RO         6796    i.Get_CRC16_Check_Sum  crc.o
    0x08001720   0x08001720   0x0000001c   Code   RO         6797    i.Get_CRC8_Check_Sum  crc.o
    0x0800173c   0x0800173c   0x000000ac   Code   RO         6111    i.Get_Err           chassis_task.o
    0x080017e8   0x080017e8   0x00000024   Code   RO          981    i.HAL_CAN_ActivateNotification  stm32f4xx_hal_can.o
    0x0800180c   0x0800180c   0x000000c8   Code   RO          982    i.HAL_CAN_AddTxMessage  stm32f4xx_hal_can.o
    0x080018d4   0x080018d4   0x0000010c   Code   RO          983    i.HAL_CAN_ConfigFilter  stm32f4xx_hal_can.o
    0x080019e0   0x080019e0   0x00000002   Code   RO          986    i.HAL_CAN_ErrorCallback  stm32f4xx_hal_can.o
    0x080019e2   0x080019e2   0x000000e8   Code   RO          989    i.HAL_CAN_GetRxMessage  stm32f4xx_hal_can.o
    0x08001aca   0x08001aca   0x000001fc   Code   RO          993    i.HAL_CAN_IRQHandler  stm32f4xx_hal_can.o
    0x08001cc6   0x08001cc6   0x0000011a   Code   RO          994    i.HAL_CAN_Init      stm32f4xx_hal_can.o
    0x08001de0   0x08001de0   0x0000011c   Code   RO          396    i.HAL_CAN_MspInit   can.o
    0x08001efc   0x08001efc   0x00000002   Code   RO         1001    i.HAL_CAN_RxFifo0FullCallback  stm32f4xx_hal_can.o
    0x08001efe   0x08001efe   0x00000002   PAD
    0x08001f00   0x08001f00   0x000001dc   Code   RO         6550    i.HAL_CAN_RxFifo0MsgPendingCallback  drv_can.o
    0x080020dc   0x080020dc   0x00000002   Code   RO         1003    i.HAL_CAN_RxFifo1FullCallback  stm32f4xx_hal_can.o
    0x080020de   0x080020de   0x00000002   Code   RO         1004    i.HAL_CAN_RxFifo1MsgPendingCallback  stm32f4xx_hal_can.o
    0x080020e0   0x080020e0   0x00000002   Code   RO         1005    i.HAL_CAN_SleepCallback  stm32f4xx_hal_can.o
    0x080020e2   0x080020e2   0x00000002   PAD
    0x080020e4   0x080020e4   0x00000058   Code   RO         1006    i.HAL_CAN_Start     stm32f4xx_hal_can.o
    0x0800213c   0x0800213c   0x00000002   Code   RO         1008    i.HAL_CAN_TxMailbox0AbortCallback  stm32f4xx_hal_can.o
    0x0800213e   0x0800213e   0x00000002   Code   RO         1009    i.HAL_CAN_TxMailbox0CompleteCallback  stm32f4xx_hal_can.o
    0x08002140   0x08002140   0x00000002   Code   RO         1010    i.HAL_CAN_TxMailbox1AbortCallback  stm32f4xx_hal_can.o
    0x08002142   0x08002142   0x00000002   Code   RO         1011    i.HAL_CAN_TxMailbox1CompleteCallback  stm32f4xx_hal_can.o
    0x08002144   0x08002144   0x00000002   Code   RO         1012    i.HAL_CAN_TxMailbox2AbortCallback  stm32f4xx_hal_can.o
    0x08002146   0x08002146   0x00000002   Code   RO         1013    i.HAL_CAN_TxMailbox2CompleteCallback  stm32f4xx_hal_can.o
    0x08002148   0x08002148   0x00000002   Code   RO         1015    i.HAL_CAN_WakeUpFromRxMsgCallback  stm32f4xx_hal_can.o
    0x0800214a   0x0800214a   0x00000092   Code   RO         1676    i.HAL_DMA_Abort     stm32f4xx_hal_dma.o
    0x080021dc   0x080021dc   0x00000024   Code   RO         1677    i.HAL_DMA_Abort_IT  stm32f4xx_hal_dma.o
    0x08002200   0x08002200   0x000001a0   Code   RO         1681    i.HAL_DMA_IRQHandler  stm32f4xx_hal_dma.o
    0x080023a0   0x080023a0   0x000000d4   Code   RO         1682    i.HAL_DMA_Init      stm32f4xx_hal_dma.o
    0x08002474   0x08002474   0x0000006e   Code   RO         1686    i.HAL_DMA_Start_IT  stm32f4xx_hal_dma.o
    0x080024e2   0x080024e2   0x00000002   PAD
    0x080024e4   0x080024e4   0x00000024   Code   RO         2095    i.HAL_Delay         stm32f4xx_hal.o
    0x08002508   0x08002508   0x00000002   Code   RO         1567    i.HAL_GPIO_EXTI_Callback  stm32f4xx_hal_gpio.o
    0x0800250a   0x0800250a   0x00000002   PAD
    0x0800250c   0x0800250c   0x00000018   Code   RO         1568    i.HAL_GPIO_EXTI_IRQHandler  stm32f4xx_hal_gpio.o
    0x08002524   0x08002524   0x000001f0   Code   RO         1569    i.HAL_GPIO_Init     stm32f4xx_hal_gpio.o
    0x08002714   0x08002714   0x0000000a   Code   RO         1573    i.HAL_GPIO_WritePin  stm32f4xx_hal_gpio.o
    0x0800271e   0x0800271e   0x00000002   PAD
    0x08002720   0x08002720   0x0000000c   Code   RO         2101    i.HAL_GetTick       stm32f4xx_hal.o
    0x0800272c   0x0800272c   0x00000188   Code   RO         2357    i.HAL_I2C_Init      stm32f4xx_hal_i2c.o
    0x080028b4   0x080028b4   0x00000130   Code   RO         2378    i.HAL_I2C_Mem_Write  stm32f4xx_hal_i2c.o
    0x080029e4   0x080029e4   0x00000094   Code   RO          470    i.HAL_I2C_MspInit   i2c.o
    0x08002a78   0x08002a78   0x00000010   Code   RO         2107    i.HAL_IncTick       stm32f4xx_hal.o
    0x08002a88   0x08002a88   0x00000034   Code   RO         2108    i.HAL_Init          stm32f4xx_hal.o
    0x08002abc   0x08002abc   0x00000098   Code   RO          941    i.HAL_InitTick      stm32f4xx_hal_timebase_tim.o
    0x08002b54   0x08002b54   0x00000038   Code   RO          917    i.HAL_MspInit       stm32f4xx_hal_msp.o
    0x08002b8c   0x08002b8c   0x0000001a   Code   RO         1958    i.HAL_NVIC_EnableIRQ  stm32f4xx_hal_cortex.o
    0x08002ba6   0x08002ba6   0x00000002   PAD
    0x08002ba8   0x08002ba8   0x00000040   Code   RO         1964    i.HAL_NVIC_SetPriority  stm32f4xx_hal_cortex.o
    0x08002be8   0x08002be8   0x00000024   Code   RO         1965    i.HAL_NVIC_SetPriorityGrouping  stm32f4xx_hal_cortex.o
    0x08002c0c   0x08002c0c   0x00000134   Code   RO         1215    i.HAL_RCC_ClockConfig  stm32f4xx_hal_rcc.o
    0x08002d40   0x08002d40   0x00000040   Code   RO         1219    i.HAL_RCC_GetClockConfig  stm32f4xx_hal_rcc.o
    0x08002d80   0x08002d80   0x00000020   Code   RO         1222    i.HAL_RCC_GetPCLK1Freq  stm32f4xx_hal_rcc.o
    0x08002da0   0x08002da0   0x00000020   Code   RO         1223    i.HAL_RCC_GetPCLK2Freq  stm32f4xx_hal_rcc.o
    0x08002dc0   0x08002dc0   0x00000064   Code   RO         1224    i.HAL_RCC_GetSysClockFreq  stm32f4xx_hal_rcc.o
    0x08002e24   0x08002e24   0x0000036c   Code   RO         1227    i.HAL_RCC_OscConfig  stm32f4xx_hal_rcc.o
    0x08003190   0x08003190   0x00000002   Code   RO         2803    i.HAL_SPI_ErrorCallback  stm32f4xx_hal_spi.o
    0x08003192   0x08003192   0x00000006   Code   RO         2805    i.HAL_SPI_GetState  stm32f4xx_hal_spi.o
    0x08003198   0x08003198   0x000000fc   Code   RO         2806    i.HAL_SPI_IRQHandler  stm32f4xx_hal_spi.o
    0x08003294   0x08003294   0x000000bc   Code   RO         2807    i.HAL_SPI_Init      stm32f4xx_hal_spi.o
    0x08003350   0x08003350   0x0000010c   Code   RO          512    i.HAL_SPI_MspInit   spi.o
    0x0800345c   0x0800345c   0x0000015a   Code   RO         2810    i.HAL_SPI_Receive   stm32f4xx_hal_spi.o
    0x080035b6   0x080035b6   0x00000002   PAD
    0x080035b8   0x080035b8   0x000000f4   Code   RO         2811    i.HAL_SPI_Receive_DMA  stm32f4xx_hal_spi.o
    0x080036ac   0x080036ac   0x00000002   Code   RO         2813    i.HAL_SPI_RxCpltCallback  stm32f4xx_hal_spi.o
    0x080036ae   0x080036ae   0x00000002   Code   RO         2814    i.HAL_SPI_RxHalfCpltCallback  stm32f4xx_hal_spi.o
    0x080036b0   0x080036b0   0x000001e2   Code   RO         2816    i.HAL_SPI_TransmitReceive  stm32f4xx_hal_spi.o
    0x08003892   0x08003892   0x00000002   PAD
    0x08003894   0x08003894   0x00000124   Code   RO         2817    i.HAL_SPI_TransmitReceive_DMA  stm32f4xx_hal_spi.o
    0x080039b8   0x080039b8   0x000000d8   Code   RO         2819    i.HAL_SPI_Transmit_DMA  stm32f4xx_hal_spi.o
    0x08003a90   0x08003a90   0x00000002   Code   RO         2821    i.HAL_SPI_TxCpltCallback  stm32f4xx_hal_spi.o
    0x08003a92   0x08003a92   0x00000002   Code   RO         2822    i.HAL_SPI_TxHalfCpltCallback  stm32f4xx_hal_spi.o
    0x08003a94   0x08003a94   0x00000002   Code   RO         2823    i.HAL_SPI_TxRxCpltCallback  stm32f4xx_hal_spi.o
    0x08003a96   0x08003a96   0x00000002   Code   RO         2824    i.HAL_SPI_TxRxHalfCpltCallback  stm32f4xx_hal_spi.o
    0x08003a98   0x08003a98   0x00000002   Code   RO         3824    i.HAL_TIMEx_BreakCallback  stm32f4xx_hal_tim_ex.o
    0x08003a9a   0x08003a9a   0x00000002   Code   RO         3825    i.HAL_TIMEx_CommutCallback  stm32f4xx_hal_tim_ex.o
    0x08003a9c   0x08003a9c   0x00000090   Code   RO         3843    i.HAL_TIMEx_MasterConfigSynchronization  stm32f4xx_hal_tim_ex.o
    0x08003b2c   0x08003b2c   0x0000005a   Code   RO         3120    i.HAL_TIM_Base_Init  stm32f4xx_hal_tim.o
    0x08003b86   0x08003b86   0x00000002   PAD
    0x08003b88   0x08003b88   0x000000f4   Code   RO          554    i.HAL_TIM_Base_MspInit  tim.o
    0x08003c7c   0x08003c7c   0x00000080   Code   RO         3125    i.HAL_TIM_Base_Start_IT  stm32f4xx_hal_tim.o
    0x08003cfc   0x08003cfc   0x000000dc   Code   RO         3129    i.HAL_TIM_ConfigClockSource  stm32f4xx_hal_tim.o
    0x08003dd8   0x08003dd8   0x00000002   Code   RO         3154    i.HAL_TIM_IC_CaptureCallback  stm32f4xx_hal_tim.o
    0x08003dda   0x08003dda   0x00000166   Code   RO         3168    i.HAL_TIM_IRQHandler  stm32f4xx_hal_tim.o
    0x08003f40   0x08003f40   0x00000054   Code   RO          555    i.HAL_TIM_MspPostInit  tim.o
    0x08003f94   0x08003f94   0x00000002   Code   RO         3171    i.HAL_TIM_OC_DelayElapsedCallback  stm32f4xx_hal_tim.o
    0x08003f96   0x08003f96   0x000000cc   Code   RO         3192    i.HAL_TIM_PWM_ConfigChannel  stm32f4xx_hal_tim.o
    0x08004062   0x08004062   0x0000005a   Code   RO         3195    i.HAL_TIM_PWM_Init  stm32f4xx_hal_tim.o
    0x080040bc   0x080040bc   0x00000002   Code   RO         3197    i.HAL_TIM_PWM_MspInit  stm32f4xx_hal_tim.o
    0x080040be   0x080040be   0x00000002   Code   RO         3198    i.HAL_TIM_PWM_PulseFinishedCallback  stm32f4xx_hal_tim.o
    0x080040c0   0x080040c0   0x000000c8   Code   RO         3200    i.HAL_TIM_PWM_Start  stm32f4xx_hal_tim.o
    0x08004188   0x08004188   0x00000014   Code   RO           14    i.HAL_TIM_PeriodElapsedCallback  main.o
    0x0800419c   0x0800419c   0x00000002   Code   RO         3211    i.HAL_TIM_TriggerCallback  stm32f4xx_hal_tim.o
    0x0800419e   0x0800419e   0x00000002   Code   RO         4102    i.HAL_UARTEx_RxEventCallback  stm32f4xx_hal_uart.o
    0x080041a0   0x080041a0   0x00000002   Code   RO         4116    i.HAL_UART_ErrorCallback  stm32f4xx_hal_uart.o
    0x080041a2   0x080041a2   0x00000002   PAD
    0x080041a4   0x080041a4   0x00000268   Code   RO         4119    i.HAL_UART_IRQHandler  stm32f4xx_hal_uart.o
    0x0800440c   0x0800440c   0x00000062   Code   RO         4120    i.HAL_UART_Init     stm32f4xx_hal_uart.o
    0x0800446e   0x0800446e   0x00000002   PAD
    0x08004470   0x08004470   0x000002d8   Code   RO          630    i.HAL_UART_MspInit  usart.o
    0x08004748   0x08004748   0x0000002a   Code   RO         4125    i.HAL_UART_Receive_IT  stm32f4xx_hal_uart.o
    0x08004772   0x08004772   0x00000002   PAD
    0x08004774   0x08004774   0x00000234   Code   RO         6643    i.HAL_UART_RxCpltCallback  drv_usart.o
    0x080049a8   0x080049a8   0x0000008c   Code   RO         4129    i.HAL_UART_Transmit_DMA  stm32f4xx_hal_uart.o
    0x08004a34   0x08004a34   0x0000003e   Code   RO         4130    i.HAL_UART_Transmit_IT  stm32f4xx_hal_uart.o
    0x08004a72   0x08004a72   0x00000002   PAD
    0x08004a74   0x08004a74   0x00000018   Code   RO         6290    i.HAL_UART_TxCpltCallback  ui_task.o
    0x08004a8c   0x08004a8c   0x00000002   Code   RO         4132    i.HAL_UART_TxHalfCpltCallback  stm32f4xx_hal_uart.o
    0x08004a8e   0x08004a8e   0x00000002   Code   RO          704    i.HardFault_Handler  stm32f4xx_it.o
    0x08004a90   0x08004a90   0x0000002e   Code   RO         2399    i.I2C_IsAcknowledgeFailed  stm32f4xx_hal_i2c.o
    0x08004abe   0x08004abe   0x00000002   PAD
    0x08004ac0   0x08004ac0   0x000000a8   Code   RO         2410    i.I2C_RequestMemoryWrite  stm32f4xx_hal_i2c.o
    0x08004b68   0x08004b68   0x0000004c   Code   RO         2414    i.I2C_WaitOnBTFFlagUntilTimeout  stm32f4xx_hal_i2c.o
    0x08004bb4   0x08004bb4   0x00000068   Code   RO         2415    i.I2C_WaitOnFlagUntilTimeout  stm32f4xx_hal_i2c.o
    0x08004c1c   0x08004c1c   0x00000096   Code   RO         2416    i.I2C_WaitOnMasterAddressFlagUntilTimeout  stm32f4xx_hal_i2c.o
    0x08004cb2   0x08004cb2   0x0000004c   Code   RO         2418    i.I2C_WaitOnTXEFlagUntilTimeout  stm32f4xx_hal_i2c.o
    0x08004cfe   0x08004cfe   0x00000002   PAD
    0x08004d00   0x08004d00   0x000000f4   Code   RO         5827    i.IMU_offset_cali   ins_task.o
    0x08004df4   0x08004df4   0x000001d4   Code   RO         5828    i.INS_Task          ins_task.o
    0x08004fc8   0x08004fc8   0x000001d8   Code   RO         6734    i.JUDGE_Receive     judge.o
    0x080051a0   0x080051a0   0x00000082   Code   RO         6291    i.Line_Draw         ui_task.o
    0x08005222   0x08005222   0x00000002   PAD
    0x08005224   0x08005224   0x00000044   Code   RO          397    i.MX_CAN1_Init      can.o
    0x08005268   0x08005268   0x00000044   Code   RO          398    i.MX_CAN2_Init      can.o
    0x080052ac   0x080052ac   0x000000ac   Code   RO          445    i.MX_DMA_Init       dma.o
    0x08005358   0x08005358   0x00000094   Code   RO          316    i.MX_FREERTOS_Init  freertos.o
    0x080053ec   0x080053ec   0x0000019c   Code   RO          288    i.MX_GPIO_Init      gpio.o
    0x08005588   0x08005588   0x00000040   Code   RO          471    i.MX_I2C3_Init      i2c.o
    0x080055c8   0x080055c8   0x00000048   Code   RO          513    i.MX_SPI1_Init      spi.o
    0x08005610   0x08005610   0x00000064   Code   RO          556    i.MX_TIM10_Init     tim.o
    0x08005674   0x08005674   0x0000006c   Code   RO          557    i.MX_TIM1_Init      tim.o
    0x080056e0   0x080056e0   0x00000064   Code   RO          558    i.MX_TIM2_Init      tim.o
    0x08005744   0x08005744   0x00000068   Code   RO          559    i.MX_TIM8_Init      tim.o
    0x080057ac   0x080057ac   0x0000004c   Code   RO          560    i.MX_TIM9_Init      tim.o
    0x080057f8   0x080057f8   0x00000038   Code   RO          631    i.MX_USART1_UART_Init  usart.o
    0x08005830   0x08005830   0x0000003c   Code   RO          632    i.MX_USART3_UART_Init  usart.o
    0x0800586c   0x0800586c   0x00000038   Code   RO          633    i.MX_USART6_UART_Init  usart.o
    0x080058a4   0x080058a4   0x000001e4   Code   RO         5831    i.MahonyAHRSupdateIMU  ins_task.o
    0x08005a88   0x08005a88   0x00000002   Code   RO          705    i.MemManage_Handler  stm32f4xx_it.o
    0x08005a8a   0x08005a8a   0x00000002   PAD
    0x08005a8c   0x08005a8c   0x0000007e   Code   RO         6112    i.Motor_Speed_limiting  chassis_task.o
    0x08005b0a   0x08005b0a   0x00000002   Code   RO          706    i.NMI_Handler       stm32f4xx_it.o
    0x08005b0c   0x08005b0c   0x0000000c   Code   RO          707    i.SPI1_IRQHandler   stm32f4xx_it.o
    0x08005b18   0x08005b18   0x00000010   Code   RO         2834    i.SPI_DMAAbortOnError  stm32f4xx_hal_spi.o
    0x08005b28   0x08005b28   0x00000022   Code   RO         2835    i.SPI_DMAError      stm32f4xx_hal_spi.o
    0x08005b4a   0x08005b4a   0x0000000a   Code   RO         2836    i.SPI_DMAHalfReceiveCplt  stm32f4xx_hal_spi.o
    0x08005b54   0x08005b54   0x0000000a   Code   RO         2837    i.SPI_DMAHalfTransmitCplt  stm32f4xx_hal_spi.o
    0x08005b5e   0x08005b5e   0x0000000a   Code   RO         2838    i.SPI_DMAHalfTransmitReceiveCplt  stm32f4xx_hal_spi.o
    0x08005b68   0x08005b68   0x0000006a   Code   RO         2839    i.SPI_DMAReceiveCplt  stm32f4xx_hal_spi.o
    0x08005bd2   0x08005bd2   0x00000064   Code   RO         2841    i.SPI_DMATransmitCplt  stm32f4xx_hal_spi.o
    0x08005c36   0x08005c36   0x0000005a   Code   RO         2842    i.SPI_DMATransmitReceiveCplt  stm32f4xx_hal_spi.o
    0x08005c90   0x08005c90   0x0000005c   Code   RO         2844    i.SPI_EndRxTransaction  stm32f4xx_hal_spi.o
    0x08005cec   0x08005cec   0x00000058   Code   RO         2845    i.SPI_EndRxTxTransaction  stm32f4xx_hal_spi.o
    0x08005d44   0x08005d44   0x000000b8   Code   RO         2850    i.SPI_WaitFlagStateUntilTimeout  stm32f4xx_hal_spi.o
    0x08005dfc   0x08005dfc   0x00000024   Code   RO          317    i.StartDefaultTask  freertos.o
    0x08005e20   0x08005e20   0x0000002c   Code   RO         5710    i.SysTick_Handler   port.o
    0x08005e4c   0x08005e4c   0x00000094   Code   RO           15    i.SystemClock_Config  main.o
    0x08005ee0   0x08005ee0   0x00000010   Code   RO         4449    i.SystemInit        system_stm32f4xx.o
    0x08005ef0   0x08005ef0   0x0000001c   Code   RO          708    i.TIM1_BRK_TIM9_IRQHandler  stm32f4xx_it.o
    0x08005f0c   0x08005f0c   0x00000050   Code   RO          709    i.TIM1_UP_TIM10_IRQHandler  stm32f4xx_it.o
    0x08005f5c   0x08005f5c   0x0000000c   Code   RO          710    i.TIM2_IRQHandler   stm32f4xx_it.o
    0x08005f68   0x08005f68   0x0000000c   Code   RO          711    i.TIM3_IRQHandler   stm32f4xx_it.o
    0x08005f74   0x08005f74   0x0000000c   Code   RO          712    i.TIM8_BRK_TIM12_IRQHandler  stm32f4xx_it.o
    0x08005f80   0x08005f80   0x0000000c   Code   RO          713    i.TIM8_UP_TIM13_IRQHandler  stm32f4xx_it.o
    0x08005f8c   0x08005f8c   0x000000c8   Code   RO         3213    i.TIM_Base_SetConfig  stm32f4xx_hal_tim.o
    0x08006054   0x08006054   0x0000001a   Code   RO         3214    i.TIM_CCxChannelCmd  stm32f4xx_hal_tim.o
    0x0800606e   0x0800606e   0x00000014   Code   RO         3224    i.TIM_ETR_SetConfig  stm32f4xx_hal_tim.o
    0x08006082   0x08006082   0x00000010   Code   RO         3225    i.TIM_ITRx_SetConfig  stm32f4xx_hal_tim.o
    0x08006092   0x08006092   0x00000002   PAD
    0x08006094   0x08006094   0x00000060   Code   RO         3226    i.TIM_OC1_SetConfig  stm32f4xx_hal_tim.o
    0x080060f4   0x080060f4   0x0000006c   Code   RO         3227    i.TIM_OC2_SetConfig  stm32f4xx_hal_tim.o
    0x08006160   0x08006160   0x00000068   Code   RO         3228    i.TIM_OC3_SetConfig  stm32f4xx_hal_tim.o
    0x080061c8   0x080061c8   0x00000050   Code   RO         3229    i.TIM_OC4_SetConfig  stm32f4xx_hal_tim.o
    0x08006218   0x08006218   0x00000022   Code   RO         3231    i.TIM_TI1_ConfigInputStage  stm32f4xx_hal_tim.o
    0x0800623a   0x0800623a   0x00000024   Code   RO         3233    i.TIM_TI2_ConfigInputStage  stm32f4xx_hal_tim.o
    0x0800625e   0x0800625e   0x00000010   Code   RO         4133    i.UART_DMAAbortOnError  stm32f4xx_hal_uart.o
    0x0800626e   0x0800626e   0x0000004a   Code   RO         4134    i.UART_DMAError     stm32f4xx_hal_uart.o
    0x080062b8   0x080062b8   0x00000042   Code   RO         4139    i.UART_DMATransmitCplt  stm32f4xx_hal_uart.o
    0x080062fa   0x080062fa   0x0000000a   Code   RO         4141    i.UART_DMATxHalfCplt  stm32f4xx_hal_uart.o
    0x08006304   0x08006304   0x0000004e   Code   RO         4143    i.UART_EndRxTransfer  stm32f4xx_hal_uart.o
    0x08006352   0x08006352   0x0000001c   Code   RO         4144    i.UART_EndTxTransfer  stm32f4xx_hal_uart.o
    0x0800636e   0x0800636e   0x000000c0   Code   RO         4145    i.UART_Receive_IT   stm32f4xx_hal_uart.o
    0x0800642e   0x0800642e   0x00000002   PAD
    0x08006430   0x08006430   0x0000010c   Code   RO         4146    i.UART_SetConfig    stm32f4xx_hal_uart.o
    0x0800653c   0x0800653c   0x0000003a   Code   RO         4148    i.UART_Start_Receive_IT  stm32f4xx_hal_uart.o
    0x08006576   0x08006576   0x00000002   PAD
    0x08006578   0x08006578   0x000000cc   Code   RO         6293    i.UI_Task           ui_task.o
    0x08006644   0x08006644   0x000000d8   Code   RO         6294    i.UI_delete         ui_task.o
    0x0800671c   0x0800671c   0x0000000c   Code   RO          714    i.USART1_IRQHandler  stm32f4xx_it.o
    0x08006728   0x08006728   0x00000018   Code   RO          715    i.USART3_IRQHandler  stm32f4xx_it.o
    0x08006740   0x08006740   0x00000002   Code   RO         6644    i.USART3_Init       drv_usart.o
    0x08006742   0x08006742   0x00000002   PAD
    0x08006744   0x08006744   0x00000018   Code   RO          716    i.USART6_IRQHandler  stm32f4xx_it.o
    0x0800675c   0x0800675c   0x0000003c   Code   RO         6645    i.USART6_Init       drv_usart.o
    0x08006798   0x08006798   0x00000002   Code   RO          717    i.UsageFault_Handler  stm32f4xx_it.o
    0x0800679a   0x0800679a   0x00000002   PAD
    0x0800679c   0x0800679c   0x0000003c   Code   RO         6798    i.Verify_CRC16_Check_Sum  crc.o
    0x080067d8   0x080067d8   0x00000026   Code   RO         6799    i.Verify_CRC8_Check_Sum  crc.o
    0x080067fe   0x080067fe   0x00000002   PAD
    0x08006800   0x08006800   0x00000084   Code   RO         6473    i.Yaw_calc_and_send  yaw_task.o
    0x08006884   0x08006884   0x0000010c   Code   RO         6474    i.Yaw_mode_1        yaw_task.o
    0x08006990   0x08006990   0x00000064   Code   RO         6475    i.Yaw_read_imu      yaw_task.o
    0x080069f4   0x080069f4   0x00000030   Code   RO         7119    i.__ARM_fpclassify  m_wm.l(fpclassify.o)
    0x08006a24   0x08006a24   0x00000026   Code   RO         7058    i.__ARM_fpclassifyf  m_wm.l(fpclassifyf.o)
    0x08006a4a   0x08006a4a   0x00000020   Code   RO         1971    i.__NVIC_SetPriority  stm32f4xx_hal_cortex.o
    0x08006a6a   0x08006a6a   0x00000002   PAD
    0x08006a6c   0x08006a6c   0x0000012c   Code   RO         6949    i.__hardfp_asinf    m_wm.l(asinf.o)
    0x08006b98   0x08006b98   0x00000250   Code   RO         6961    i.__hardfp_atan2f   m_wm.l(atan2f.o)
    0x08006de8   0x08006de8   0x000000c8   Code   RO         6973    i.__hardfp_cos      m_wm.l(cos.o)
    0x08006eb0   0x08006eb0   0x00000014   Code   RO         6985    i.__hardfp_fabs     m_wm.l(fabs.o)
    0x08006ec4   0x08006ec4   0x00000004   PAD
    0x08006ec8   0x08006ec8   0x000000c8   Code   RO         6991    i.__hardfp_sin      m_wm.l(sin.o)
    0x08006f90   0x08006f90   0x00000438   Code   RO         7074    i.__ieee754_rem_pio2  m_wm.l(rred.o)
    0x080073c8   0x080073c8   0x00000170   Code   RO         7041    i.__kernel_cos      m_wm.l(cos_i.o)
    0x08007538   0x08007538   0x000000f8   Code   RO         7121    i.__kernel_poly     m_wm.l(poly.o)
    0x08007630   0x08007630   0x00000130   Code   RO         7079    i.__kernel_sin      m_wm.l(sin_i.o)
    0x08007760   0x08007760   0x00000014   Code   RO         7045    i.__mathlib_dbl_infnan  m_wm.l(dunder.o)
    0x08007774   0x08007774   0x00000004   PAD
    0x08007778   0x08007778   0x00000020   Code   RO         7047    i.__mathlib_dbl_invalid  m_wm.l(dunder.o)
    0x08007798   0x08007798   0x00000020   Code   RO         7050    i.__mathlib_dbl_underflow  m_wm.l(dunder.o)
    0x080077b8   0x080077b8   0x00000006   Code   RO         7061    i.__mathlib_flt_infnan  m_wm.l(funder.o)
    0x080077be   0x080077be   0x00000006   Code   RO         7062    i.__mathlib_flt_infnan2  m_wm.l(funder.o)
    0x080077c4   0x080077c4   0x00000010   Code   RO         7063    i.__mathlib_flt_invalid  m_wm.l(funder.o)
    0x080077d4   0x080077d4   0x00000010   Code   RO         7066    i.__mathlib_flt_underflow  m_wm.l(funder.o)
    0x080077e4   0x080077e4   0x000000f4   Code   RO         6476    i.auto_aim          yaw_task.o
    0x080078d8   0x080078d8   0x00000024   Code   RO         6113    i.chassis_current_give  chassis_task.o
    0x080078fc   0x080078fc   0x00000040   Code   RO         6114    i.chassis_motol_speed_calculate  chassis_task.o
    0x0800793c   0x0800793c   0x00000034   Code   RO         6477    i.detel_calc        yaw_task.o
    0x08007970   0x08007970   0x0000002c   Code   RO         6646    i.dma_m0_rxcplt_callback  drv_usart.o
    0x0800799c   0x0800799c   0x0000002c   Code   RO         6647    i.dma_m1_rxcplt_callback  drv_usart.o
    0x080079c8   0x080079c8   0x00000018   Code   RO         6987    i.fabs              m_wm.l(fabs.o)
    0x080079e0   0x080079e0   0x000000f4   Code   RO         5832    i.get_angle         ins_task.o
    0x08007ad4   0x08007ad4   0x00000010   Code   RO         6296    i.get_client_id     ui_task.o
    0x08007ae4   0x08007ae4   0x000000d8   Code   RO         6855    i.gimbal_PID_calc   pid.o
    0x08007bbc   0x08007bbc   0x000000bc   Code   RO         6478    i.gimbal_yaw_task   yaw_task.o
    0x08007c78   0x08007c78   0x00000084   Code   RO         5833    i.imu_cali_slove    ins_task.o
    0x08007cfc   0x08007cfc   0x00000094   Code   RO         5835    i.imu_temp_control  ins_task.o
    0x08007d90   0x08007d90   0x0000002c   Code   RO         5836    i.invSqrt           ins_task.o
    0x08007dbc   0x08007dbc   0x00000024   Code   RO         5838    i.ist8310_IIC_write_single_reg  ins_task.o
    0x08007de0   0x08007de0   0x00000058   Code   RO         5839    i.ist8310_init      ins_task.o
    0x08007e38   0x08007e38   0x00000050   Code   RO         6552    i.judge_data_send   drv_can.o
    0x08007e88   0x08007e88   0x0000007c   Code   RO           16    i.main              main.o
    0x08007f04   0x08007f04   0x0000000c   Code   RO         5275    i.makeFreeRtosPriority  cmsis_os.o
    0x08007f10   0x08007f10   0x0000000e   Code   RO         5277    i.osDelay           cmsis_os.o
    0x08007f1e   0x08007f1e   0x0000000a   Code   RO         5280    i.osKernelStart     cmsis_os.o
    0x08007f28   0x08007f28   0x00000054   Code   RO         5314    i.osThreadCreate    cmsis_os.o
    0x08007f7c   0x08007f7c   0x000000a8   Code   RO         6858    i.pid_calc          pid.o
    0x08008024   0x08008024   0x0000005c   Code   RO         6859    i.pid_init          pid.o
    0x08008080   0x08008080   0x00000070   Code   RO         4951    i.prvAddCurrentTaskToDelayedList  tasks.o
    0x080080f0   0x080080f0   0x000000d0   Code   RO         4952    i.prvAddNewTaskToReadyList  tasks.o
    0x080081c0   0x080081c0   0x00000034   Code   RO         4953    i.prvDeleteTCB      tasks.o
    0x080081f4   0x080081f4   0x0000004c   Code   RO         5642    i.prvHeapInit       heap_4.o
    0x08008240   0x08008240   0x00000060   Code   RO         4954    i.prvIdleTask       tasks.o
    0x080082a0   0x080082a0   0x000000b0   Code   RO         4955    i.prvInitialiseNewTask  tasks.o
    0x08008350   0x08008350   0x0000004c   Code   RO         5643    i.prvInsertBlockIntoFreeList  heap_4.o
    0x0800839c   0x0800839c   0x00000020   Code   RO         4956    i.prvResetNextTaskUnblockTime  tasks.o
    0x080083bc   0x080083bc   0x00000028   Code   RO         5711    i.prvTaskExitError  port.o
    0x080083e4   0x080083e4   0x000000dc   Code   RO         5644    i.pvPortMalloc      heap_4.o
    0x080084c0   0x080084c0   0x0000002c   Code   RO         5712    i.pxPortInitialiseStack  port.o
    0x080084ec   0x080084ec   0x0000005c   Code   RO         6553    i.set_motor_voltage  drv_can.o
    0x08008548   0x08008548   0x0000005c   Code   RO         6554    i.set_motor_voltage1  drv_can.o
    0x080085a4   0x080085a4   0x00000058   Code   RO         6115    i.speed_pid_calc    chassis_task.o
    0x080085fc   0x080085fc   0x000000cc   Code   RO         6116    i.speed_ramp        chassis_task.o
    0x080086c8   0x080086c8   0x0000003e   Code   RO         7087    i.sqrtf             m_wm.l(sqrtf.o)
    0x08008706   0x08008706   0x00000002   PAD
    0x08008708   0x08008708   0x000000ae   Code   RO         6299    i.string_Draw       ui_task.o
    0x080087b6   0x080087b6   0x00000002   PAD
    0x080087b8   0x080087b8   0x00000038   Code   RO         6226    i.super_cap         super cap.o
    0x080087f0   0x080087f0   0x0000004c   Code   RO         6648    i.supercap_uart_send  drv_usart.o
    0x0800883c   0x0800883c   0x00000058   Code   RO         6649    i.uart_rx_idle_callback  drv_usart.o
    0x08008894   0x08008894   0x00000180   Code   RO         6303    i.ui_display_7_graph  ui_task.o
    0x08008a14   0x08008a14   0x000000e0   Code   RO         6304    i.ui_display_string  ui_task.o
    0x08008af4   0x08008af4   0x00000070   Code   RO         6735    i.update_data       judge.o
    0x08008b64   0x08008b64   0x00000018   Code   RO         6305    i.usart6_tx_dma_enable  ui_task.o
    0x08008b7c   0x08008b7c   0x00000088   Code   RO         6306    i.userUI_draw_auto_aim  ui_task.o
    0x08008c04   0x08008c04   0x000000b0   Code   RO         6307    i.userUI_draw_background  ui_task.o
    0x08008cb4   0x08008cb4   0x00000158   Code   RO         6308    i.userUI_draw_foresight  ui_task.o
    0x08008e0c   0x08008e0c   0x00000090   Code   RO         6309    i.userUI_draw_robot_control_mode  ui_task.o
    0x08008e9c   0x08008e9c   0x00000094   Code   RO         6310    i.userUI_draw_wipping  ui_task.o
    0x08008f30   0x08008f30   0x00000024   Code   RO         6311    i.userUI_init       ui_task.o
    0x08008f54   0x08008f54   0x00000026   Code   RO         4587    i.uxListRemove      list.o
    0x08008f7a   0x08008f7a   0x00000002   PAD
    0x08008f7c   0x08008f7c   0x00000020   Code   RO         4962    i.uxTaskGetStackHighWaterMark  tasks.o
    0x08008f9c   0x08008f9c   0x00000014   Code   RO          318    i.vApplicationGetIdleTaskMemory  freertos.o
    0x08008fb0   0x08008fb0   0x00000016   Code   RO         4588    i.vListInitialise   list.o
    0x08008fc6   0x08008fc6   0x00000006   Code   RO         4589    i.vListInitialiseItem  list.o
    0x08008fcc   0x08008fcc   0x00000030   Code   RO         4590    i.vListInsert       list.o
    0x08008ffc   0x08008ffc   0x00000018   Code   RO         4591    i.vListInsertEnd    list.o
    0x08009014   0x08009014   0x00000040   Code   RO         5714    i.vPortEnterCritical  port.o
    0x08009054   0x08009054   0x00000028   Code   RO         5715    i.vPortExitCritical  port.o
    0x0800907c   0x0800907c   0x00000064   Code   RO         5645    i.vPortFree         heap_4.o
    0x080090e0   0x080090e0   0x00000024   Code   RO         5716    i.vPortSetupTimerInterrupt  port.o
    0x08009104   0x08009104   0x0000004c   Code   RO         4966    i.vTaskDelay        tasks.o
    0x08009150   0x08009150   0x0000006c   Code   RO         4979    i.vTaskStartScheduler  tasks.o
    0x080091bc   0x080091bc   0x00000010   Code   RO         4981    i.vTaskSuspendAll   tasks.o
    0x080091cc   0x080091cc   0x0000005c   Code   RO         4982    i.vTaskSwitchContext  tasks.o
    0x08009228   0x08009228   0x00000188   Code   RO         6117    i.vector_in_gimbal  chassis_task.o
    0x080093b0   0x080093b0   0x000000f4   Code   RO         5718    i.xPortStartScheduler  port.o
    0x080094a4   0x080094a4   0x0000005a   Code   RO         4985    i.xTaskCreate       tasks.o
    0x080094fe   0x080094fe   0x00000056   Code   RO         4986    i.xTaskCreateStatic  tasks.o
    0x08009554   0x08009554   0x000000cc   Code   RO         4993    i.xTaskIncrementTick  tasks.o
    0x08009620   0x08009620   0x000000c4   Code   RO         4999    i.xTaskResumeAll    tasks.o
    0x080096e4   0x080096e4   0x00000018   Code   RO         7024    x$fpl$basic         fz_wm.l(basic.o)
    0x080096fc   0x080096fc   0x00000062   Code   RO         6921    x$fpl$d2f           fz_wm.l(d2f.o)
    0x0800975e   0x0800975e   0x00000002   PAD
    0x08009760   0x08009760   0x00000150   Code   RO         6923    x$fpl$dadd          fz_wm.l(daddsub_clz.o)
    0x080098b0   0x080098b0   0x00000018   Code   RO         7026    x$fpl$dcmpinf       fz_wm.l(dcmpi.o)
    0x080098c8   0x080098c8   0x000002b0   Code   RO         6930    x$fpl$ddiv          fz_wm.l(ddiv.o)
    0x08009b78   0x08009b78   0x00000078   Code   RO         6933    x$fpl$deqf          fz_wm.l(deqf.o)
    0x08009bf0   0x08009bf0   0x0000005e   Code   RO         6935    x$fpl$dfix          fz_wm.l(dfix.o)
    0x08009c4e   0x08009c4e   0x0000002e   Code   RO         6940    x$fpl$dflt          fz_wm.l(dflt_clz.o)
    0x08009c7c   0x08009c7c   0x00000026   Code   RO         6939    x$fpl$dfltu         fz_wm.l(dflt_clz.o)
    0x08009ca2   0x08009ca2   0x00000002   PAD
    0x08009ca4   0x08009ca4   0x00000154   Code   RO         6945    x$fpl$dmul          fz_wm.l(dmul.o)
    0x08009df8   0x08009df8   0x0000009c   Code   RO         7030    x$fpl$dnaninf       fz_wm.l(dnaninf.o)
    0x08009e94   0x08009e94   0x0000000c   Code   RO         7032    x$fpl$dretinf       fz_wm.l(dretinf.o)
    0x08009ea0   0x08009ea0   0x00000016   Code   RO         6924    x$fpl$drsb          fz_wm.l(daddsub_clz.o)
    0x08009eb6   0x08009eb6   0x00000002   PAD
    0x08009eb8   0x08009eb8   0x000001d4   Code   RO         6925    x$fpl$dsub          fz_wm.l(daddsub_clz.o)
    0x0800a08c   0x0800a08c   0x00000056   Code   RO         6947    x$fpl$f2d           fz_wm.l(f2d.o)
    0x0800a0e2   0x0800a0e2   0x0000008c   Code   RO         7036    x$fpl$fnaninf       fz_wm.l(fnaninf.o)
    0x0800a16e   0x0800a16e   0x0000000a   Code   RO         7208    x$fpl$fpinit        fz_wm.l(fpinit.o)
    0x0800a178   0x0800a178   0x0000000a   Code   RO         7038    x$fpl$fretinf       fz_wm.l(fretinf.o)
    0x0800a182   0x0800a182   0x00000000   Code   RO         7040    x$fpl$usenofp       fz_wm.l(usenofp.o)
    0x0800a182   0x0800a182   0x00000002   PAD
    0x0800a184   0x0800a184   0x000000a8   Data   RO          320    .constdata          freertos.o
    0x0800a22c   0x0800a22c   0x00000008   Data   RO         1688    .constdata          stm32f4xx_hal_dma.o
    0x0800a234   0x0800a234   0x00000010   Data   RO         4450    .constdata          system_stm32f4xx.o
    0x0800a244   0x0800a244   0x00000008   Data   RO         4451    .constdata          system_stm32f4xx.o
    0x0800a24c   0x0800a24c   0x0000000c   Data   RO         5844    .constdata          ins_task.o
    0x0800a258   0x0800a258   0x00000300   Data   RO         6801    .constdata          crc.o
    0x0800a558   0x0800a558   0x00000030   Data   RO         7042    .constdata          m_wm.l(cos_i.o)
    0x0800a588   0x0800a588   0x000000c8   Data   RO         7076    .constdata          m_wm.l(rred.o)
    0x0800a650   0x0800a650   0x00000028   Data   RO         7080    .constdata          m_wm.l(sin_i.o)
    0x0800a678   0x0800a678   0x00000039   Data   RO          321    .conststring        freertos.o
    0x0800a6b1   0x0800a6b1   0x00000003   PAD
    0x0800a6b4   0x0800a6b4   0x00000020   Data   RO         7264    Region$$Table       anon$$obj.o


    Execution Region RW_IRAM1 (Exec base: 0x20000000, Load base: 0x0800a6d4, Size: 0x000057e8, Max: 0x0001c000, ABSOLUTE, COMPRESSED[0x0000005c])

    Exec Addr    Load Addr    Size         Type   Attr      Idx    E Section Name        Object

    0x20000000   COMPRESSED   0x00000018   Data   RW          322    .data               freertos.o
    0x20000018   COMPRESSED   0x00000004   Data   RW          400    .data               can.o
    0x2000001c   COMPRESSED   0x00000004   Data   RW          718    .data               stm32f4xx_it.o
    0x20000020   COMPRESSED   0x0000000c   Data   RW         2115    .data               stm32f4xx_hal.o
    0x2000002c   COMPRESSED   0x00000004   Data   RW         4452    .data               system_stm32f4xx.o
    0x20000030   COMPRESSED   0x0000003c   Data   RW         5002    .data               tasks.o
    0x2000006c   COMPRESSED   0x00000020   Data   RW         5651    .data               heap_4.o
    0x2000008c   COMPRESSED   0x0000000c   Data   RW         5719    .data               port.o
    0x20000098   COMPRESSED   0x00000098   Data   RW         5846    .data               ins_task.o
    0x20000130   COMPRESSED   0x0000008c   Data   RW         6120    .data               chassis_task.o
    0x200001bc   COMPRESSED   0x00000002   Data   RW         6126    .data               chassis_task.o
    0x200001be   COMPRESSED   0x00000004   Data   RW         6313    .data               ui_task.o
    0x200001c2   COMPRESSED   0x00000002   PAD
    0x200001c4   COMPRESSED   0x00000040   Data   RW         6480    .data               yaw_task.o
    0x20000204   COMPRESSED   0x00000030   Data   RW         6564    .data               drv_can.o
    0x20000234   COMPRESSED   0x00000001   Data   RW         6570    .data               drv_can.o
    0x20000235   COMPRESSED   0x00000001   Data   RW         6652    .data               drv_usart.o
    0x20000236   COMPRESSED   0x00000002   Data   RW         6802    .data               crc.o
    0x20000238        -       0x00000254   Zero   RW          319    .bss                freertos.o
    0x2000048c        -       0x00000050   Zero   RW          399    .bss                can.o
    0x200004dc        -       0x00000054   Zero   RW          472    .bss                i2c.o
    0x20000530        -       0x00000118   Zero   RW          514    .bss                spi.o
    0x20000648        -       0x00000168   Zero   RW          561    .bss                tim.o
    0x200007b0        -       0x0000030c   Zero   RW          634    .bss                usart.o
    0x20000abc        -       0x00000048   Zero   RW          944    .bss                stm32f4xx_hal_timebase_tim.o
    0x20000b04        -       0x000000f0   Zero   RW         5001    .bss                tasks.o
    0x20000bf4        -       0x00003c00   Zero   RW         5650    .bss                heap_4.o
    0x200047f4        -       0x000000bc   Zero   RW         5841    .bss                ins_task.o
    0x200048b0        -       0x0000017e   Zero   RW         6118    .bss                chassis_task.o
    0x20004a2e        -       0x000001cc   Zero   RW         6312    .bss                ui_task.o
    0x20004bfa   COMPRESSED   0x00000002   PAD
    0x20004bfc        -       0x000001dc   Zero   RW         6479    .bss                yaw_task.o
    0x20004dd8        -       0x0000008c   Zero   RW         6558    .bss                drv_can.o
    0x20004e64        -       0x0000023f   Zero   RW         6650    .bss                drv_usart.o
    0x200050a3   COMPRESSED   0x00000001   PAD
    0x200050a4        -       0x000000e0   Zero   RW         6736    .bss                judge.o
    0x20005184        -       0x00000060   Zero   RW         7124    .bss                c_w.l(libspace.o)
    0x200051e4   COMPRESSED   0x00000004   PAD
    0x200051e8        -       0x00000200   Zero   RW            2    HEAP                startup_stm32f407xx.o
    0x200053e8        -       0x00000400   Zero   RW            1    STACK               startup_stm32f407xx.o


    Execution Region RW_IRAM2 (Exec base: 0x2001c000, Load base: 0x0800a730, Size: 0x00000000, Max: 0x00004000, ABSOLUTE)

    **** No section assigned to this execution region ****


==============================================================================

Image component sizes


      Code (inc. data)   RO Data    RW Data    ZI Data      Debug   Object Name

       420         42          0          4         80       2734   can.o
      2874        354          0        142        382      13350   chassis_task.o
       120          0          0          0          0      23669   cmsis_os.o
       238         20        768          2          0       5352   crc.o
       172          4          0          0          0        962   dma.o
       860         52          0         49        140       7849   drv_can.o
      1480        122          0          1        575       8724   drv_usart.o
         0          0          0          0          0      17028   event_groups.o
       204         18        225         24        596       3554   freertos.o
       412         30          0          0          0       1299   gpio.o
       472         24          0         32      15360       7739   heap_4.o
       212         32          0          0         84       1917   i2c.o
      2948        214         12        152        188     618347   ins_task.o
       584         22          0          0        224      11425   judge.o
       138          0          0          0          0       3818   list.o
       296         24          0          0          0     755017   main.o
       476         20          0          0          0       3576   pid.o
       702         72          0         12          0      11496   port.o
       340         32          0          0        280       2107   spi.o
        64         26        392          0       1536        884   startup_stm32f407xx.o
       116         18          0         12          0       9046   stm32f4xx_hal.o
      1638          6          0          0          0      15203   stm32f4xx_hal_can.o
       158         14          0          0          0      33382   stm32f4xx_hal_cortex.o
      1084         16          8          0          0       7770   stm32f4xx_hal_dma.o
       532         52          0          0          0       3608   stm32f4xx_hal_gpio.o
      1316         32          0          0          0       9855   stm32f4xx_hal_i2c.o
        56          4          0          0          0        962   stm32f4xx_hal_msp.o
      1412         86          0          0          0       6229   stm32f4xx_hal_rcc.o
      2780         68          0          0          0      22012   stm32f4xx_hal_spi.o
      2020        136          0          0          0      17974   stm32f4xx_hal_tim.o
       148         28          0          0          0       2641   stm32f4xx_hal_tim_ex.o
       152         20          0          0         72       1619   stm32f4xx_hal_timebase_tim.o
      1754         30          0          0          0      14227   stm32f4xx_hal_uart.o
       516        172          0          4          0      17956   stm32f4xx_it.o
         0          0          0          0          0        384   stream_buffer.o
        56          4          0          0          0        576   super cap.o
        16          4         24          4          0       1271   system_stm32f4xx.o
      1576        116          0         60        240      21172   tasks.o
       816         74          0          0        360       5562   tim.o
      2496        246          0          4        460      19102   ui_task.o
       900         78          0          0        780       4054   usart.o
       984        194          0         64        476       5384   yaw_task.o

    ----------------------------------------------------------------------
     33598       2506       1464        568      21836    1720836   Object Totals
         0          0         32          0          0          0   (incl. Generated)
        60          0          3          2          3          0   (incl. Padding)

    ----------------------------------------------------------------------

      Code (inc. data)   RO Data    RW Data    ZI Data      Debug   Library Member Name

        90          0          0          0          0          0   __dczerorl2.o
         8          0          0          0          0         68   __main.o
         0          0          0          0          0          0   __rtentry.o
        12          0          0          0          0          0   __rtentry2.o
         6          0          0          0          0          0   __rtentry4.o
        52          8          0          0          0          0   __scatter.o
        28          0          0          0          0          0   __scatter_zi.o
        22          0          0          0          0        100   _rserrno.o
        16          0          0          0          0         68   aeabi_memset.o
        18          0          0          0          0         80   exit.o
         6          0          0          0          0        152   heapauxi.o
         0          0          0          0          0          0   indicate_semi.o
         2          0          0          0          0          0   libinit.o
         6          0          0          0          0          0   libinit2.o
         2          0          0          0          0          0   libshutdown.o
         2          0          0          0          0          0   libshutdown2.o
         8          4          0          0         96         68   libspace.o
       238          0          0          0          0        100   lludivv7m.o
         8          4          0          0          0         68   rt_errno_addr_intlibspace.o
        68          0          0          0          0         68   rt_memclr.o
        78          0          0          0          0         80   rt_memclr_w.o
       138          0          0          0          0         68   rt_memcpy_v6.o
       100          0          0          0          0         80   rt_memcpy_w.o
         2          0          0          0          0          0   rtexit.o
        10          0          0          0          0          0   rtexit2.o
        12          4          0          0          0         68   sys_exit.o
        74          0          0          0          0         80   sys_stackheap_outer.o
         2          0          0          0          0         68   use_no_semi.o
        24          0          0          0          0        164   basic.o
        98          4          0          0          0        140   d2f.o
       826         16          0          0          0        492   daddsub_clz.o
        24          0          0          0          0        116   dcmpi.o
       688        140          0          0          0        256   ddiv.o
       120          4          0          0          0        140   deqf.o
        94          4          0          0          0        140   dfix.o
        84          0          0          0          0        232   dflt_clz.o
       340         12          0          0          0        152   dmul.o
       156          4          0          0          0        140   dnaninf.o
        12          0          0          0          0        116   dretinf.o
        86          4          0          0          0        132   f2d.o
       140          4          0          0          0        132   fnaninf.o
        10          0          0          0          0        116   fpinit.o
        10          0          0          0          0        116   fretinf.o
         0          0          0          0          0          0   usenofp.o
       300         42          0          0          0        176   asinf.o
       592         90          0          0          0        184   atan2f.o
       200         20          0          0          0        164   cos.o
       368         46         48          0          0        200   cos_i.o
        84         16          0          0          0        372   dunder.o
        44          0          0          0          0        248   fabs.o
        48          0          0          0          0        124   fpclassify.o
        38          0          0          0          0        116   fpclassifyf.o
        44         12          0          0          0        464   funder.o
       248          0          0          0          0        152   poly.o
      1080        142        200          0          0        188   rred.o
       200         20          0          0          0        164   sin.o
       304         24         40          0          0        208   sin_i.o
        62          0          0          0          0        136   sqrtf.o

    ----------------------------------------------------------------------
      7358        624        288          0        100       6696   Library Totals
        26          0          0          0          4          0   (incl. Padding)

    ----------------------------------------------------------------------

      Code (inc. data)   RO Data    RW Data    ZI Data      Debug   Library Name

      1008         20          0          0         96       1216   c_w.l
      2712        192          0          0          0       2584   fz_wm.l
      3612        412        288          0          0       2896   m_wm.l

    ----------------------------------------------------------------------
      7358        624        288          0        100       6696   Library Totals

    ----------------------------------------------------------------------

==============================================================================


      Code (inc. data)   RO Data    RW Data    ZI Data      Debug   

     40956       3130       1752        568      21936    1694760   Grand Totals
     40956       3130       1752         92      21936    1694760   ELF Image Totals (compressed)
     40956       3130       1752         92          0          0   ROM Totals

==============================================================================

    Total RO  Size (Code + RO Data)                42708 (  41.71kB)
    Total RW  Size (RW Data + ZI Data)             22504 (  21.98kB)
    Total ROM Size (Code + RO Data + RW Data)      42800 (  41.80kB)

==============================================================================

